Archive member included because of file (symbol)

C:\Users\longn\AppData\Local\arduino15\packages\arduino\hardware\sam\1.6.11\variants\arduino_due_x/libsam_sam3x8e_gcc_rel.a(pio.o)
                              C:\Users\longn\AppData\Local\Temp\VMBuilds\AWS\arduino_due_x_dbg\Debug\SPI\SPI.cpp.o (PIO_Configure)
C:\Users\longn\AppData\Local\arduino15\packages\arduino\hardware\sam\1.6.11\variants\arduino_due_x/libsam_sam3x8e_gcc_rel.a(pmc.o)
                              C:\Users\longn\AppData\Local\Temp\VMBuilds\AWS\arduino_due_x_dbg\Debug\Wire\Wire.cpp.o (pmc_enable_periph_clk)
C:\Users\longn\AppData\Local\arduino15\packages\arduino\hardware\sam\1.6.11\variants\arduino_due_x/libsam_sam3x8e_gcc_rel.a(spi.o)
                              C:\Users\longn\AppData\Local\Temp\VMBuilds\AWS\arduino_due_x_dbg\Debug\SPI\SPI.cpp.o (SPI_Enable)
C:\Users\longn\AppData\Local\arduino15\packages\arduino\hardware\sam\1.6.11\variants\arduino_due_x/libsam_sam3x8e_gcc_rel.a(twi.o)
                              C:\Users\longn\AppData\Local\Temp\VMBuilds\AWS\arduino_due_x_dbg\Debug\Wire\Wire.cpp.o (TWI_SetClock)
C:\Users\longn\AppData\Local\arduino15\packages\arduino\hardware\sam\1.6.11\variants\arduino_due_x/libsam_sam3x8e_gcc_rel.a(system_sam3xa.o)
                              C:\Users\longn\AppData\Local\Temp\VMBCore\arduino16x\cf9e7b3eb74b68aff82b6e1d6e6ef271\variant\variant.cpp.o (SystemInit)
C:\Users\longn\AppData\Local\arduino15\packages\arduino\hardware\sam\1.6.11\variants\arduino_due_x/libsam_sam3x8e_gcc_rel.a(startup_sam3xa.o)
                              (Reset_Handler)
C:\Users\longn\AppData\Local\arduino15\packages\arduino\hardware\sam\1.6.11\variants\arduino_due_x/libsam_sam3x8e_gcc_rel.a(adc.o)
                              C:\Users\longn\AppData\Local\Temp\VMBCore\arduino16x\cf9e7b3eb74b68aff82b6e1d6e6ef271\variant\variant.cpp.o (adc_init)
C:\Users\longn\AppData\Local\arduino15\packages\arduino\hardware\sam\1.6.11\variants\arduino_due_x/libsam_sam3x8e_gcc_rel.a(uotghs.o)
                              C:\Users\longn\AppData\Local\arduino15\packages\arduino\hardware\sam\1.6.11\variants\arduino_due_x/libsam_sam3x8e_gcc_rel.a(startup_sam3xa.o) (UOTGHS_Handler)
C:\Users\longn\AppData\Local\Temp\VMBuilds\AWS\arduino_due_x_dbg\Debug/core.a(cortex_handlers.c.o)
                              C:\Users\longn\AppData\Local\arduino15\packages\arduino\hardware\sam\1.6.11\variants\arduino_due_x/libsam_sam3x8e_gcc_rel.a(startup_sam3xa.o) (NMI_Handler)
C:\Users\longn\AppData\Local\Temp\VMBuilds\AWS\arduino_due_x_dbg\Debug/core.a(hooks.c.o)
                              C:\Users\longn\AppData\Local\Temp\VMBuilds\AWS\arduino_due_x_dbg\Debug\Ethernet\utility\socket.cpp.o (yield)
C:\Users\longn\AppData\Local\Temp\VMBuilds\AWS\arduino_due_x_dbg\Debug/core.a(syscalls_sam3.c.o)
                              (_sbrk)
C:\Users\longn\AppData\Local\Temp\VMBuilds\AWS\arduino_due_x_dbg\Debug/core.a(wiring.c.o)
                              C:\Users\longn\AppData\Local\Temp\VMBuilds\AWS\arduino_due_x_dbg\Debug\AWS.cpp.o (millis)
C:\Users\longn\AppData\Local\Temp\VMBuilds\AWS\arduino_due_x_dbg\Debug/core.a(wiring_analog.c.o)
                              C:\Users\longn\AppData\Local\Temp\VMBCore\arduino16x\cf9e7b3eb74b68aff82b6e1d6e6ef271\variant\variant.cpp.o (analogOutputInit)
C:\Users\longn\AppData\Local\Temp\VMBuilds\AWS\arduino_due_x_dbg\Debug/core.a(wiring_digital.c.o)
                              C:\Users\longn\AppData\Local\Temp\VMBuilds\AWS\arduino_due_x_dbg\Debug\SPI\SPI.cpp.o (pinMode)
C:\Users\longn\AppData\Local\Temp\VMBuilds\AWS\arduino_due_x_dbg\Debug/core.a(abi.cpp.o)
                              C:\Users\longn\AppData\Local\Temp\VMBuilds\AWS\arduino_due_x_dbg\Debug\Ethernet\Ethernet.cpp.o (__cxa_pure_virtual)
C:\Users\longn\AppData\Local\Temp\VMBuilds\AWS\arduino_due_x_dbg\Debug/core.a(IPAddress.cpp.o)
                              C:\Users\longn\AppData\Local\Temp\VMBuilds\AWS\arduino_due_x_dbg\Debug\Ethernet\Ethernet.cpp.o (IPAddress::IPAddress())
C:\Users\longn\AppData\Local\Temp\VMBuilds\AWS\arduino_due_x_dbg\Debug/core.a(main.cpp.o)
                              c:/users/longn/appdata/local/arduino15/packages/arduino/tools/arm-none-eabi-gcc/4.8.3-2014q1/bin/../lib/gcc/arm-none-eabi/4.8.3/../../../../arm-none-eabi/lib/armv7-m/crt0.o (main)
C:\Users\longn\AppData\Local\Temp\VMBuilds\AWS\arduino_due_x_dbg\Debug/core.a(Print.cpp.o)
                              C:\Users\longn\AppData\Local\Temp\VMBuilds\AWS\arduino_due_x_dbg\Debug\Ethernet\EthernetClient.cpp.o (Print::write(unsigned char const*, unsigned int))
C:\Users\longn\AppData\Local\Temp\VMBuilds\AWS\arduino_due_x_dbg\Debug/core.a(Reset.cpp.o)
                              C:\Users\longn\AppData\Local\Temp\VMBuilds\AWS\arduino_due_x_dbg\Debug/core.a(cortex_handlers.c.o) (tickReset)
C:\Users\longn\AppData\Local\Temp\VMBuilds\AWS\arduino_due_x_dbg\Debug/core.a(RingBuffer.cpp.o)
[...]
Memory Configuration

Name             Origin             Length             Attributes
rom              0x00080000         0x00080000         xr
sram0            0x20000000         0x00010000         xrw
sram1            0x20080000         0x00008000         xrw
ram              0x20070000         0x00018000         xrw
*default*        0x00000000         0xffffffff

Linker script and memory map

LOAD c:/users/longn/appdata/local/arduino15/packages/arduino/tools/arm-none-eabi-gcc/4.8.3-2014q1/bin/../lib/gcc/arm-none-eabi/4.8.3/armv7-m/crti.o
LOAD c:/users/longn/appdata/local/arduino15/packages/arduino/tools/arm-none-eabi-gcc/4.8.3-2014q1/bin/../lib/gcc/arm-none-eabi/4.8.3/armv7-m/crtbegin.o
LOAD c:/users/longn/appdata/local/arduino15/packages/arduino/tools/arm-none-eabi-gcc/4.8.3-2014q1/bin/../lib/gcc/arm-none-eabi/4.8.3/../../../../arm-none-eabi/lib/armv7-m/crt0.o
START GROUP
LOAD C:\Users\longn\AppData\Local\Temp\VMBuilds\AWS\arduino_due_x_dbg\Debug\AWS.cpp.o
LOAD C:\Users\longn\AppData\Local\Temp\VMBuilds\AWS\arduino_due_x_dbg\Debug\SPI\SPI.cpp.o
LOAD C:\Users\longn\AppData\Local\Temp\VMBuilds\AWS\arduino_due_x_dbg\Debug\Ethernet\Dhcp.cpp.o
LOAD C:\Users\longn\AppData\Local\Temp\VMBuilds\AWS\arduino_due_x_dbg\Debug\Ethernet\Dns.cpp.o
LOAD C:\Users\longn\AppData\Local\Temp\VMBuilds\AWS\arduino_due_x_dbg\Debug\Ethernet\Ethernet.cpp.o
LOAD C:\Users\longn\AppData\Local\Temp\VMBuilds\AWS\arduino_due_x_dbg\Debug\Ethernet\EthernetClient.cpp.o
LOAD C:\Users\longn\AppData\Local\Temp\VMBuilds\AWS\arduino_due_x_dbg\Debug\Ethernet\EthernetServer.cpp.o
LOAD C:\Users\longn\AppData\Local\Temp\VMBuilds\AWS\arduino_due_x_dbg\Debug\Ethernet\EthernetUdp.cpp.o
LOAD C:\Users\longn\AppData\Local\Temp\VMBuilds\AWS\arduino_due_x_dbg\Debug\Ethernet\utility\socket.cpp.o
LOAD C:\Users\longn\AppData\Local\Temp\VMBuilds\AWS\arduino_due_x_dbg\Debug\Ethernet\utility\w5100.cpp.o
LOAD C:\Users\longn\AppData\Local\Temp\VMBuilds\AWS\arduino_due_x_dbg\Debug\PubSubClient\PubSubClient.cpp.o
LOAD C:\Users\longn\AppData\Local\Temp\VMBuilds\AWS\arduino_due_x_dbg\Debug\Wire\Wire.cpp.o
LOAD C:\Users\longn\AppData\Local\Temp\VMBuilds\AWS\arduino_due_x_dbg\Debug\VM_DBG\VM_DBG.cpp.o
LOAD C:\Users\longn\AppData\Local\Temp\VMBuilds\AWS\arduino_due_x_dbg\Debug\VM_DBG\VM_mem_check_sam.cpp.o
LOAD C:\Users\longn\AppData\Local\Temp\VMBCore\arduino16x\cf9e7b3eb74b68aff82b6e1d6e6ef271\variant\variant.cpp.o
LOAD C:\Users\longn\AppData\Local\arduino15\packages\arduino\hardware\sam\1.6.11\variants\arduino_due_x/libsam_sam3x8e_gcc_rel.a
LOAD C:\Users\longn\AppData\Local\Temp\VMBuilds\AWS\arduino_due_x_dbg\Debug/core.a
END GROUP
LOAD c:/users/longn/appdata/local/arduino15/packages/arduino/tools/arm-none-eabi-gcc/4.8.3-2014q1/bin/../lib/gcc/arm-none-eabi/4.8.3/../../../../arm-none-eabi/lib/armv7-m\libm.a
START GROUP
LOAD c:/users/longn/appdata/local/arduino15/packages/arduino/tools/arm-none-eabi-gcc/4.8.3-2014q1/bin/../lib/gcc/arm-none-eabi/4.8.3/armv7-m\libgcc.a
LOAD c:/users/longn/appdata/local/arduino15/packages/arduino/tools/arm-none-eabi-gcc/4.8.3-2014q1/bin/../lib/gcc/arm-none-eabi/4.8.3/../../../../arm-none-eabi/lib/armv7-m\libg.a
LOAD c:/users/longn/appdata/local/arduino15/packages/arduino/tools/arm-none-eabi-gcc/4.8.3-2014q1/bin/../lib/gcc/arm-none-eabi/4.8.3/../../../../arm-none-eabi/lib/armv7-m\libc.a
END GROUP
LOAD c:/users/longn/appdata/local/arduino15/packages/arduino/tools/arm-none-eabi-gcc/4.8.3-2014q1/bin/../lib/gcc/arm-none-eabi/4.8.3/armv7-m/crtend.o
LOAD c:/users/longn/appdata/local/arduino15/packages/arduino/tools/arm-none-eabi-gcc/4.8.3-2014q1/bin/../lib/gcc/arm-none-eabi/4.8.3/armv7-m/crtn.o

.text           0x00080000     0xccc4
                0x00080000                . = ALIGN (0x4)
                0x00080000                _sfixed = .
 *(.vectors .vectors.*)
 .vectors       0x00080000       0xf4 C:\Users\longn\AppData\Local\arduino15\packages\arduino\hardware\sam\1.6.11\variants\arduino_due_x/libsam_sam3x8e_gcc_rel.a(startup_sam3xa.o)
                0x00080000                exception_table
 *(.text .text.* .gnu.linkonce.t.*)
 .text          0x000800f4       0x54 c:/users/longn/appdata/local/arduino15/packages/arduino/tools/arm-none-eabi-gcc/4.8.3-2014q1/bin/../lib/gcc/arm-none-eabi/4.8.3/armv7-m/crtbegin.o
 .text._ZN11ArduinoJson9Internals20StaticJsonBufferBase5allocEj
                0x00080148       0x1e C:\Users\longn\AppData\Local\Temp\VMBuilds\AWS\arduino_due_x_dbg\Debug\AWS.cpp.o
                0x00080148                ArduinoJson::Internals::StaticJsonBufferBase::alloc(unsigned int)
 .text._ZN11ArduinoJson9Internals19JsonBufferAllocatednwEjPNS_10JsonBufferE
                0x00080166       0x12 C:\Users\longn\AppData\Local\Temp\VMBuilds\AWS\arduino_due_x_dbg\Debug\AWS.cpp.o
                0x00080166                ArduinoJson::Internals::JsonBufferAllocated::operator new(unsigned int, ArduinoJson::JsonBuffer*)
 .text._ZNK11ArduinoJson11JsonVariant15variantAsStringEv
                0x00080178       0x28 C:\Users\longn\AppData\Local\Temp\VMBuilds\AWS\arduino_due_x_dbg\Debug\AWS.cpp.o
                0x00080178                ArduinoJson::JsonVariant::variantAsString() const
 .text._Z9reconnectv
                0x000801a0       0x3c C:\Users\longn\AppData\Local\Temp\VMBuilds\AWS\arduino_due_x_dbg\Debug\AWS.cpp.o
                0x000801a0                reconnect()
 .text._Z13getIpReadable9IPAddress
                0x000801dc       0x2c C:\Users\longn\AppData\Local\Temp\VMBuilds\AWS\arduino_due_x_dbg\Debug\AWS.cpp.o
                0x000801dc                getIpReadable(IPAddress)
 .text._Z8Publicar6StringS_b
                0x00080208       0x34 C:\Users\longn\AppData\Local\Temp\VMBuilds\AWS\arduino_due_x_dbg\Debug\AWS.cpp.o
                0x00080208                Publicar(String, String, bool)
 .text._ZN11ArduinoJson9Internals21skipSpacesAndCommentsINS0_17CharPointerTraitsIcE6ReaderEEEvRT_
                0x0008023c       0x60 C:\Users\longn\AppData\Local\Temp\VMBuilds\AWS\arduino_due_x_dbg\Debug\AWS.cpp.o
                0x0008023c                void ArduinoJson::Internals::skipSpacesAndComments<ArduinoJson::Internals::CharPointerTraits<char>::Reader>(ArduinoJson::Internals::CharPointerTraits<char>::Reader&)
 .text._ZN11ArduinoJson9Internals10JsonParserINS0_17CharPointerTraitsIcE6ReaderENS0_12StringWriterIcEEE3eatERS4_c
                0x0008029c       0x1c C:\Users\longn\AppData\Local\Temp\VMBuilds\AWS\arduino_due_x_dbg\Debug\AWS.cpp.o
                0x0008029c                ArduinoJson::Internals::JsonParser<ArduinoJson::Internals::CharPointerTraits<char>::Reader, ArduinoJson::Internals::StringWriter<char> >::eat(ArduinoJson::Internals::CharPointerTraits<char>::Reader&, char)
 .text._ZN11ArduinoJson9Internals10JsonParserINS0_17CharPointerTraitsIcE6ReaderENS0_12StringWriterIcEEE11parseStringEv
                0x000802b8       0x98 C:\Users\longn\AppData\Local\Temp\VMBuilds\AWS\arduino_due_x_dbg\Debug\AWS.cpp.o
                0x000802b8                ArduinoJson::Internals::JsonParser<ArduinoJson::Internals::CharPointerTraits<char>::Reader, ArduinoJson::Internals::StringWriter<char> >::parseString()
 .text._ZN11ArduinoJson10JsonObject7findKeyIPKcEENS_9Internals12ListIteratorINS_8JsonPairEEET_
                0x00080350       0x1a C:\Users\longn\AppData\Local\Temp\VMBuilds\AWS\arduino_due_x_dbg\Debug\AWS.cpp.o
                0x00080350                ArduinoJson::Internals::ListIterator<ArduinoJson::JsonPair> ArduinoJson::JsonObject::findKey<char const*>(char const*)
 *fill*         0x0008036a        0x2 
 .text._ZN11ArduinoJson9Internals10JsonParserINS0_17CharPointerTraitsIcE6ReaderENS0_12StringWriterIcEEE10parseArrayEv
                0x0008036c       0xc8 C:\Users\longn\AppData\Local\Temp\VMBuilds\AWS\arduino_due_x_dbg\Debug\AWS.cpp.o
                0x0008036c                ArduinoJson::Internals::JsonParser<ArduinoJson::Internals::CharPointerTraits<char>::Reader, ArduinoJson::Internals::StringWriter<char> >::parseArray()
 .text._ZN11ArduinoJson9Internals10JsonParserINS0_17CharPointerTraitsIcE6ReaderENS0_12StringWriterIcEEE15parseAnythingToEPNS_11JsonVariantE
                0x00080434       0x78 C:\Users\longn\AppData\Local\Temp\VMBuilds\AWS\arduino_due_x_dbg\Debug\AWS.cpp.o
                0x00080434                ArduinoJson::Internals::JsonParser<ArduinoJson::Internals::CharPointerTraits<char>::Reader, ArduinoJson::Internals::StringWriter<char> >::parseAnythingTo(ArduinoJson::JsonVariant*)
 .text._ZN11ArduinoJson9Internals10JsonParserINS0_17CharPointerTraitsIcE6ReaderENS0_12StringWriterIcEEE11parseObjectEv
                0x000804ac       0xf0 C:\Users\longn\AppData\Local\Temp\VMBuilds\AWS\arduino_due_x_dbg\Debug\AWS.cpp.o
                0x000804ac                ArduinoJson::Internals::JsonParser<ArduinoJson::Internals::CharPointerTraits<char>::Reader, ArduinoJson::Internals::StringWriter<char> >::parseObject()
 .text._Z14ProcessPayloadPc
                0x0008059c       0xac C:\Users\longn\AppData\Local\Temp\VMBuilds\AWS\arduino_due_x_dbg\Debug\AWS.cpp.o
                0x0008059c                ProcessPayload(char*)
 .text._Z8callbackPcPhj
                0x00080648       0x26 C:\Users\longn\AppData\Local\Temp\VMBuilds\AWS\arduino_due_x_dbg\Debug\AWS.cpp.o
                0x00080648                callback(char*, unsigned char*, unsigned int)
 *fill*         0x0008066e        0x2 
 .text.startup._GLOBAL__sub_I___VisualMicro_DEBUG_1_HITCOUNTER__
                0x00080670       0x88 C:\Users\longn\AppData\Local\Temp\VMBuilds\AWS\arduino_due_x_dbg\Debug\AWS.cpp.o
 .text.setup    0x000806f8      0x100 C:\Users\longn\AppData\Local\Temp\VMBuilds\AWS\arduino_due_x_dbg\Debug\AWS.cpp.o
                0x000806f8                setup
 .text._Z15CheckConnectionv
                0x000807f8      0x118 C:\Users\longn\AppData\Local\Temp\VMBuilds\AWS\arduino_due_x_dbg\Debug\AWS.cpp.o
                0x000807f8                CheckConnection()
 .text.loop     0x00080910       0xc4 C:\Users\longn\AppData\Local\Temp\VMBuilds\AWS\arduino_due_x_dbg\Debug\AWS.cpp.o
                0x00080910                loop
 .text._ZL10SPI_0_Initv
                0x000809d4       0x48 C:\Users\longn\AppData\Local\Temp\VMBuilds\AWS\arduino_due_x_dbg\Debug\SPI\SPI.cpp.o
 .text._ZN8SPIClass4initEv
                0x00080a1c       0x36 C:\Users\longn\AppData\Local\Temp\VMBuilds\AWS\arduino_due_x_dbg\Debug\SPI\SPI.cpp.o
                0x00080a1c                SPIClass::init()
 *fill*         0x00080a52        0x2 
 .text._ZN8SPIClass16beginTransactionEh11SPISettings
                0x00080a54       0x98 C:\Users\longn\AppData\Local\Temp\VMBuilds\AWS\arduino_due_x_dbg\Debug\SPI\SPI.cpp.o
                0x00080a54                SPIClass::beginTransaction(unsigned char, SPISettings)
 .text._ZN8SPIClass14endTransactionEv
                0x00080aec       0x50 C:\Users\longn\AppData\Local\Temp\VMBuilds\AWS\arduino_due_x_dbg\Debug\SPI\SPI.cpp.o
                0x00080aec                SPIClass::endTransaction()
 .text._ZN8SPIClass11setBitOrderEh8BitOrder
                0x00080b3c       0x1e C:\Users\longn\AppData\Local\Temp\VMBuilds\AWS\arduino_due_x_dbg\Debug\SPI\SPI.cpp.o
                0x00080b3c                SPIClass::setBitOrder(unsigned char, BitOrder)
 .text._ZN8SPIClass11setDataModeEhh
                0x00080b5a       0x34 C:\Users\longn\AppData\Local\Temp\VMBuilds\AWS\arduino_due_x_dbg\Debug\SPI\SPI.cpp.o
                0x00080b5a                SPIClass::setDataMode(unsigned char, unsigned char)
 .text._ZN8SPIClass15setClockDividerEhh
                0x00080b8e       0x2e C:\Users\longn\AppData\Local\Temp\VMBuilds\AWS\arduino_due_x_dbg\Debug\SPI\SPI.cpp.o
                0x00080b8e                SPIClass::setClockDivider(unsigned char, unsigned char)
 .text._ZN8SPIClass5beginEh
                0x00080bbc       0x5c C:\Users\longn\AppData\Local\Temp\VMBuilds\AWS\arduino_due_x_dbg\Debug\SPI\SPI.cpp.o
                0x00080bbc                SPIClass::begin(unsigned char)
 .text._ZN8SPIClass8transferEhh15SPITransferMode
                0x00080c18       0x5e C:\Users\longn\AppData\Local\Temp\VMBuilds\AWS\arduino_due_x_dbg\Debug\SPI\SPI.cpp.o
                0x00080c18                SPIClass::transfer(unsigned char, unsigned char, SPITransferMode)
 *fill*         0x00080c76        0x2 
 .text.startup._GLOBAL__sub_I__ZN8SPIClassC2EP3SpimPFvvE
                0x00080c78       0x24 C:\Users\longn\AppData\Local\Temp\VMBuilds\AWS\arduino_due_x_dbg\Debug\SPI\SPI.cpp.o
 .text._ZN9DhcpClass16reset_DHCP_leaseEv
                0x00080c9c        0xa C:\Users\longn\AppData\Local\Temp\VMBuilds\AWS\arduino_due_x_dbg\Debug\Ethernet\Dhcp.cpp.o
                0x00080c9c                DhcpClass::reset_DHCP_lease()
 .text._ZN9DhcpClass10getLocalIpEv
                0x00080ca6        0xe C:\Users\longn\AppData\Local\Temp\VMBuilds\AWS\arduino_due_x_dbg\Debug\Ethernet\Dhcp.cpp.o
                0x00080ca6                DhcpClass::getLocalIp()
 .text._ZN9DhcpClass13getSubnetMaskEv
                0x00080cb4        0xe C:\Users\longn\AppData\Local\Temp\VMBuilds\AWS\arduino_due_x_dbg\Debug\Ethernet\Dhcp.cpp.o
                0x00080cb4                DhcpClass::getSubnetMask()
 .text._ZN9DhcpClass12getGatewayIpEv
                0x00080cc2        0xe C:\Users\longn\AppData\Local\Temp\VMBuilds\AWS\arduino_due_x_dbg\Debug\Ethernet\Dhcp.cpp.o
                0x00080cc2                DhcpClass::getGatewayIp()
 .text._ZN9DhcpClass14getDnsServerIpEv
                0x00080cd0        0xe C:\Users\longn\AppData\Local\Temp\VMBuilds\AWS\arduino_due_x_dbg\Debug\Ethernet\Dhcp.cpp.o
                0x00080cd0                DhcpClass::getDnsServerIp()
 .text._ZN9DhcpClass9printByteEPch
                0x00080cde       0x20 C:\Users\longn\AppData\Local\Temp\VMBuilds\AWS\arduino_due_x_dbg\Debug\Ethernet\Dhcp.cpp.o
                0x00080cde                DhcpClass::printByte(char*, unsigned char)
 *fill*         0x00080cfe        0x2 
 .text.startup._GLOBAL__sub_I__ZN9DhcpClass13beginWithDHCPEPhmm
                0x00080d00       0x1c C:\Users\longn\AppData\Local\Temp\VMBuilds\AWS\arduino_due_x_dbg\Debug\Ethernet\Dhcp.cpp.o
 .text._ZN9DhcpClass17send_DHCP_MESSAGEEht
                0x00080d1c      0x1dc C:\Users\longn\AppData\Local\Temp\VMBuilds\AWS\arduino_due_x_dbg\Debug\Ethernet\Dhcp.cpp.o
                0x00080d1c                DhcpClass::send_DHCP_MESSAGE(unsigned char, unsigned short)
 .text._ZN9DhcpClass17parseDHCPResponseEmRm
                0x00080ef8      0x20e C:\Users\longn\AppData\Local\Temp\VMBuilds\AWS\arduino_due_x_dbg\Debug\Ethernet\Dhcp.cpp.o
                0x00080ef8                DhcpClass::parseDHCPResponse(unsigned long, unsigned long&)
 .text._ZN9DhcpClass18request_DHCP_leaseEv
                0x00081106      0x14c C:\Users\longn\AppData\Local\Temp\VMBuilds\AWS\arduino_due_x_dbg\Debug\Ethernet\Dhcp.cpp.o
                0x00081106                DhcpClass::request_DHCP_lease()
 .text._ZN9DhcpClass13beginWithDHCPEPhmm
                0x00081252       0x3c C:\Users\longn\AppData\Local\Temp\VMBuilds\AWS\arduino_due_x_dbg\Debug\Ethernet\Dhcp.cpp.o
                0x00081252                DhcpClass::beginWithDHCP(unsigned char*, unsigned long, unsigned long)
 .text._ZN9DNSClient5beginERK9IPAddress
                0x0008128e        0xa C:\Users\longn\AppData\Local\Temp\VMBuilds\AWS\arduino_due_x_dbg\Debug\Ethernet\Dns.cpp.o
                0x0008128e                DNSClient::begin(IPAddress const&)
 .text._ZN9DNSClient9inet_atonEPKcR9IPAddress
                0x00081298       0x4a C:\Users\longn\AppData\Local\Temp\VMBuilds\AWS\arduino_due_x_dbg\Debug\Ethernet\Dns.cpp.o
                0x00081298                DNSClient::inet_aton(char const*, IPAddress&)
 *fill*         0x000812e2        0x2 
 .text.startup._GLOBAL__sub_I__ZN9DNSClient5beginERK9IPAddress
                0x000812e4       0x1c C:\Users\longn\AppData\Local\Temp\VMBuilds\AWS\arduino_due_x_dbg\Debug\Ethernet\Dns.cpp.o
 .text._ZN9DNSClient12BuildRequestEPKc
                0x00081300       0xe2 C:\Users\longn\AppData\Local\Temp\VMBuilds\AWS\arduino_due_x_dbg\Debug\Ethernet\Dns.cpp.o
                0x00081300                DNSClient::BuildRequest(char const*)
 .text._ZN9DNSClient15ProcessResponseEtR9IPAddress
                0x000813e2      0x22e C:\Users\longn\AppData\Local\Temp\VMBuilds\AWS\arduino_due_x_dbg\Debug\Ethernet\Dns.cpp.o
                0x000813e2                DNSClient::ProcessResponse(unsigned short, IPAddress&)
 .text._ZN9DNSClient13getHostByNameEPKcR9IPAddress
                0x00081610       0x94 C:\Users\longn\AppData\Local\Temp\VMBuilds\AWS\arduino_due_x_dbg\Debug\Ethernet\Dns.cpp.o
                0x00081610                DNSClient::getHostByName(char const*, IPAddress&)
 .text._ZN10W5100Class8writeGAREPh
                0x000816a4        0xa C:\Users\longn\AppData\Local\Temp\VMBuilds\AWS\arduino_due_x_dbg\Debug\Ethernet\Ethernet.cpp.o
                0x000816a4                W5100Class::writeGAR(unsigned char*)
 .text._ZN10W5100Class9writeSUBREPh
                0x000816ae        0xa C:\Users\longn\AppData\Local\Temp\VMBuilds\AWS\arduino_due_x_dbg\Debug\Ethernet\Ethernet.cpp.o
                0x000816ae                W5100Class::writeSUBR(unsigned char*)
 .text._ZN10W5100Class9writeSIPREPh
                0x000816b8        0xa C:\Users\longn\AppData\Local\Temp\VMBuilds\AWS\arduino_due_x_dbg\Debug\Ethernet\Ethernet.cpp.o
                0x000816b8                W5100Class::writeSIPR(unsigned char*)
 *fill*         0x000816c2        0x2 
 .text._ZN13EthernetClass5beginEPhmm
                0x000816c4       0xe8 C:\Users\longn\AppData\Local\Temp\VMBuilds\AWS\arduino_due_x_dbg\Debug\Ethernet\Ethernet.cpp.o
                0x000816c4                EthernetClass::begin(unsigned char*, unsigned long, unsigned long)
 .text._ZN13EthernetClass7localIPEv
                0x000817ac       0x40 C:\Users\longn\AppData\Local\Temp\VMBuilds\AWS\arduino_due_x_dbg\Debug\Ethernet\Ethernet.cpp.o
                0x000817ac                EthernetClass::localIP()
 .text._ZN13EthernetClass11dnsServerIPEv
                0x000817ec       0x10 C:\Users\longn\AppData\Local\Temp\VMBuilds\AWS\arduino_due_x_dbg\Debug\Ethernet\Ethernet.cpp.o
                0x000817ec                EthernetClass::dnsServerIP()
 .text.startup._GLOBAL__sub_I__ZN13EthernetClass6_stateE
                0x000817fc       0x24 C:\Users\longn\AppData\Local\Temp\VMBuilds\AWS\arduino_due_x_dbg\Debug\Ethernet\Ethernet.cpp.o
 .text._ZN14EthernetClienteqEb
                0x00081820        0x6 C:\Users\longn\AppData\Local\Temp\VMBuilds\AWS\arduino_due_x_dbg\Debug\Ethernet\EthernetClient.cpp.o
                0x00081820                EthernetClient::operator==(bool)
 .text._ZN14EthernetClientneEb
                0x00081826        0x4 C:\Users\longn\AppData\Local\Temp\VMBuilds\AWS\arduino_due_x_dbg\Debug\Ethernet\EthernetClient.cpp.o
                0x00081826                EthernetClient::operator!=(bool)
 .text._ZN14EthernetClientneERKS_
                0x0008182a       0x10 C:\Users\longn\AppData\Local\Temp\VMBuilds\AWS\arduino_due_x_dbg\Debug\Ethernet\EthernetClient.cpp.o
                0x0008182a                EthernetClient::operator!=(EthernetClient const&)
 .text._ZN14EthernetClient5writeEh
                0x0008183a       0x16 C:\Users\longn\AppData\Local\Temp\VMBuilds\AWS\arduino_due_x_dbg\Debug\Ethernet\EthernetClient.cpp.o
                0x0008183a                EthernetClient::write(unsigned char)
 .text._ZN14EthernetClientcvbEv
                0x00081850        0xa C:\Users\longn\AppData\Local\Temp\VMBuilds\AWS\arduino_due_x_dbg\Debug\Ethernet\EthernetClient.cpp.o
                0x00081850                EthernetClient::operator bool()
 .text._ZN14EthernetClienteqERKS_
                0x0008185a       0x14 C:\Users\longn\AppData\Local\Temp\VMBuilds\AWS\arduino_due_x_dbg\Debug\Ethernet\EthernetClient.cpp.o
                0x0008185a                EthernetClient::operator==(EthernetClient const&)
 .text._ZN14EthernetClient5writeEPKhj
                0x0008186e       0x26 C:\Users\longn\AppData\Local\Temp\VMBuilds\AWS\arduino_due_x_dbg\Debug\Ethernet\EthernetClient.cpp.o
                0x0008186e                EthernetClient::write(unsigned char const*, unsigned int)
 .text._ZN14EthernetClient9availableEv
                0x00081894       0x12 C:\Users\longn\AppData\Local\Temp\VMBuilds\AWS\arduino_due_x_dbg\Debug\Ethernet\EthernetClient.cpp.o
                0x00081894                EthernetClient::available()
 .text._ZN14EthernetClient4readEv
                0x000818a6       0x20 C:\Users\longn\AppData\Local\Temp\VMBuilds\AWS\arduino_due_x_dbg\Debug\Ethernet\EthernetClient.cpp.o
                0x000818a6                EthernetClient::read()
 .text._ZN14EthernetClient4readEPhj
                0x000818c6        0xc C:\Users\longn\AppData\Local\Temp\VMBuilds\AWS\arduino_due_x_dbg\Debug\Ethernet\EthernetClient.cpp.o
                0x000818c6                EthernetClient::read(unsigned char*, unsigned int)
 .text._ZN14EthernetClient4peekEv
                0x000818d2       0x24 C:\Users\longn\AppData\Local\Temp\VMBuilds\AWS\arduino_due_x_dbg\Debug\Ethernet\EthernetClient.cpp.o
                0x000818d2                EthernetClient::peek()
 .text._ZN14EthernetClient5flushEv
                0x000818f6        0x6 C:\Users\longn\AppData\Local\Temp\VMBuilds\AWS\arduino_due_x_dbg\Debug\Ethernet\EthernetClient.cpp.o
                0x000818f6                EthernetClient::flush()
 .text._ZN14EthernetClient7connectEPKct
                0x000818fc       0x5c C:\Users\longn\AppData\Local\Temp\VMBuilds\AWS\arduino_due_x_dbg\Debug\Ethernet\EthernetClient.cpp.o
                0x000818fc                EthernetClient::connect(char const*, unsigned short)
 .text._ZN14EthernetClientC2Ev
                0x00081958       0x18 C:\Users\longn\AppData\Local\Temp\VMBuilds\AWS\arduino_due_x_dbg\Debug\Ethernet\EthernetClient.cpp.o
                0x00081958                EthernetClient::EthernetClient()
                0x00081958                EthernetClient::EthernetClient()
 .text._ZN14EthernetClient6statusEv
                0x00081970        0xe C:\Users\longn\AppData\Local\Temp\VMBuilds\AWS\arduino_due_x_dbg\Debug\Ethernet\EthernetClient.cpp.o
                0x00081970                EthernetClient::status()
 *fill*         0x0008197e        0x2 
 .text._ZN14EthernetClient7connectE9IPAddresst
                0x00081980       0x8c C:\Users\longn\AppData\Local\Temp\VMBuilds\AWS\arduino_due_x_dbg\Debug\Ethernet\EthernetClient.cpp.o
                0x00081980                EthernetClient::connect(IPAddress, unsigned short)
 .text._ZN14EthernetClient4stopEv
                0x00081a0c       0x4c C:\Users\longn\AppData\Local\Temp\VMBuilds\AWS\arduino_due_x_dbg\Debug\Ethernet\EthernetClient.cpp.o
                0x00081a0c                EthernetClient::stop()
 .text._ZN14EthernetClient9connectedEv
                0x00081a58       0x34 C:\Users\longn\AppData\Local\Temp\VMBuilds\AWS\arduino_due_x_dbg\Debug\Ethernet\EthernetClient.cpp.o
                0x00081a58                EthernetClient::connected()
 .text.startup._GLOBAL__sub_I__ZN14EthernetClient8_srcportE
                0x00081a8c       0x1c C:\Users\longn\AppData\Local\Temp\VMBuilds\AWS\arduino_due_x_dbg\Debug\Ethernet\EthernetClient.cpp.o
 .text.startup._GLOBAL__sub_I__ZN14EthernetServerC2Et
                0x00081aa8       0x1c C:\Users\longn\AppData\Local\Temp\VMBuilds\AWS\arduino_due_x_dbg\Debug\Ethernet\EthernetServer.cpp.o
 .text._ZN11EthernetUDP4readEPcj
                0x00081ac4        0xa C:\Users\longn\AppData\Local\Temp\VMBuilds\AWS\arduino_due_x_dbg\Debug\Ethernet\EthernetUdp.cpp.o
                0x00081ac4                EthernetUDP::read(char*, unsigned int)
 *fill*         0x00081ace        0x2 
 .text._ZN11EthernetUDP8remoteIPEv
                0x00081ad0       0x10 C:\Users\longn\AppData\Local\Temp\VMBuilds\AWS\arduino_due_x_dbg\Debug\Ethernet\EthernetUdp.cpp.o
                0x00081ad0                EthernetUDP::remoteIP()
 .text._ZN11EthernetUDP10remotePortEv
                0x00081ae0        0x4 C:\Users\longn\AppData\Local\Temp\VMBuilds\AWS\arduino_due_x_dbg\Debug\Ethernet\EthernetUdp.cpp.o
                0x00081ae0                EthernetUDP::remotePort()
 .text._ZN11EthernetUDP9availableEv
                0x00081ae4        0x4 C:\Users\longn\AppData\Local\Temp\VMBuilds\AWS\arduino_due_x_dbg\Debug\Ethernet\EthernetUdp.cpp.o
                0x00081ae4                EthernetUDP::available()
 .text._ZN11EthernetUDP5writeEh
                0x00081ae8       0x16 C:\Users\longn\AppData\Local\Temp\VMBuilds\AWS\arduino_due_x_dbg\Debug\Ethernet\EthernetUdp.cpp.o
                0x00081ae8                EthernetUDP::write(unsigned char)
 .text._ZN11EthernetUDP5flushEv
                0x00081afe        0x2 C:\Users\longn\AppData\Local\Temp\VMBuilds\AWS\arduino_due_x_dbg\Debug\Ethernet\EthernetUdp.cpp.o
                0x00081afe                EthernetUDP::flush()
 .text._ZN11EthernetUDP4stopEv
                0x00081b00       0x28 C:\Users\longn\AppData\Local\Temp\VMBuilds\AWS\arduino_due_x_dbg\Debug\Ethernet\EthernetUdp.cpp.o
                0x00081b00                EthernetUDP::stop()
 .text._ZN11EthernetUDP11beginPacketE9IPAddresst
                0x00081b28        0xe C:\Users\longn\AppData\Local\Temp\VMBuilds\AWS\arduino_due_x_dbg\Debug\Ethernet\EthernetUdp.cpp.o
                0x00081b28                EthernetUDP::beginPacket(IPAddress, unsigned short)
 .text._ZN11EthernetUDP9endPacketEv
                0x00081b36        0x8 C:\Users\longn\AppData\Local\Temp\VMBuilds\AWS\arduino_due_x_dbg\Debug\Ethernet\EthernetUdp.cpp.o
                0x00081b36                EthernetUDP::endPacket()
 .text._ZN11EthernetUDP5writeEPKhj
                0x00081b3e       0x1c C:\Users\longn\AppData\Local\Temp\VMBuilds\AWS\arduino_due_x_dbg\Debug\Ethernet\EthernetUdp.cpp.o
                0x00081b3e                EthernetUDP::write(unsigned char const*, unsigned int)
 .text._ZN11EthernetUDP4readEv
                0x00081b5a       0x2e C:\Users\longn\AppData\Local\Temp\VMBuilds\AWS\arduino_due_x_dbg\Debug\Ethernet\EthernetUdp.cpp.o
                0x00081b5a                EthernetUDP::read()
 .text._ZN11EthernetUDP4readEPhj
                0x00081b88       0x2a C:\Users\longn\AppData\Local\Temp\VMBuilds\AWS\arduino_due_x_dbg\Debug\Ethernet\EthernetUdp.cpp.o
                0x00081b88                EthernetUDP::read(unsigned char*, unsigned int)
 .text._ZN11EthernetUDP4peekEv
                0x00081bb2       0x22 C:\Users\longn\AppData\Local\Temp\VMBuilds\AWS\arduino_due_x_dbg\Debug\Ethernet\EthernetUdp.cpp.o
                0x00081bb2                EthernetUDP::peek()
 .text._ZN11EthernetUDP5beginEt
                0x00081bd4       0x48 C:\Users\longn\AppData\Local\Temp\VMBuilds\AWS\arduino_due_x_dbg\Debug\Ethernet\EthernetUdp.cpp.o
                0x00081bd4                EthernetUDP::begin(unsigned short)
 .text._ZN11EthernetUDP11parsePacketEv
                0x00081c1c       0x5e C:\Users\longn\AppData\Local\Temp\VMBuilds\AWS\arduino_due_x_dbg\Debug\Ethernet\EthernetUdp.cpp.o
                0x00081c1c                EthernetUDP::parsePacket()
 *fill*         0x00081c7a        0x2 
 .text._ZN11EthernetUDP14beginMulticastE9IPAddresst
                0x00081c7c       0xbc C:\Users\longn\AppData\Local\Temp\VMBuilds\AWS\arduino_due_x_dbg\Debug\Ethernet\EthernetUdp.cpp.o
                0x00081c7c                EthernetUDP::beginMulticast(IPAddress, unsigned short)
 .text._ZN11EthernetUDPC2Ev
                0x00081d38       0x28 C:\Users\longn\AppData\Local\Temp\VMBuilds\AWS\arduino_due_x_dbg\Debug\Ethernet\EthernetUdp.cpp.o
                0x00081d38                EthernetUDP::EthernetUDP()
                0x00081d38                EthernetUDP::EthernetUDP()
 .text._ZN11EthernetUDP11beginPacketEPKct
                0x00081d60       0x5c C:\Users\longn\AppData\Local\Temp\VMBuilds\AWS\arduino_due_x_dbg\Debug\Ethernet\EthernetUdp.cpp.o
                0x00081d60                EthernetUDP::beginPacket(char const*, unsigned short)
 .text.startup._GLOBAL__sub_I__ZN11EthernetUDPC2Ev
                0x00081dbc       0x1c C:\Users\longn\AppData\Local\Temp\VMBuilds\AWS\arduino_due_x_dbg\Debug\Ethernet\EthernetUdp.cpp.o
 .text._ZN10W5100Class11writeSnDIPREhPh
                0x00081dd8        0xe C:\Users\longn\AppData\Local\Temp\VMBuilds\AWS\arduino_due_x_dbg\Debug\Ethernet\utility\socket.cpp.o
                0x00081dd8                W5100Class::writeSnDIPR(unsigned char, unsigned char*)
 .text._ZN10W5100Class6readSnEht
                0x00081de6        0xc C:\Users\longn\AppData\Local\Temp\VMBuilds\AWS\arduino_due_x_dbg\Debug\Ethernet\utility\socket.cpp.o
                0x00081de6                W5100Class::readSn(unsigned char, unsigned short)
 .text._ZN10W5100Class8readSnIREh
                0x00081df2        0xa C:\Users\longn\AppData\Local\Temp\VMBuilds\AWS\arduino_due_x_dbg\Debug\Ethernet\utility\socket.cpp.o
                0x00081df2                W5100Class::readSnIR(unsigned char)
 .text._ZN10W5100Class7writeSnEhth
                0x00081dfc        0xe C:\Users\longn\AppData\Local\Temp\VMBuilds\AWS\arduino_due_x_dbg\Debug\Ethernet\utility\socket.cpp.o
                0x00081dfc                W5100Class::writeSn(unsigned char, unsigned short, unsigned char)
 .text._ZN10W5100Class11writeSnPORTEht
                0x00081e0a       0x1a C:\Users\longn\AppData\Local\Temp\VMBuilds\AWS\arduino_due_x_dbg\Debug\Ethernet\utility\socket.cpp.o
                0x00081e0a                W5100Class::writeSnPORT(unsigned char, unsigned short)
 .text._ZN10W5100Class9writeSnIREhh
                0x00081e24        0xc C:\Users\longn\AppData\Local\Temp\VMBuilds\AWS\arduino_due_x_dbg\Debug\Ethernet\utility\socket.cpp.o
                0x00081e24                W5100Class::writeSnIR(unsigned char, unsigned char)
 .text._ZN10W5100Class12writeSnDPORTEht
                0x00081e30       0x1a C:\Users\longn\AppData\Local\Temp\VMBuilds\AWS\arduino_due_x_dbg\Debug\Ethernet\utility\socket.cpp.o
                0x00081e30                W5100Class::writeSnDPORT(unsigned char, unsigned short)
 *fill*         0x00081e4a        0x2 
 .text._Z12socketStatush
                0x00081e4c       0x3c C:\Users\longn\AppData\Local\Temp\VMBuilds\AWS\arduino_due_x_dbg\Debug\Ethernet\utility\socket.cpp.o
                0x00081e4c                socketStatus(unsigned char)
 .text._Z5closeh
                0x00081e88       0x48 C:\Users\longn\AppData\Local\Temp\VMBuilds\AWS\arduino_due_x_dbg\Debug\Ethernet\utility\socket.cpp.o
                0x00081e88                close(unsigned char)
 .text._Z6sockethhth
                0x00081ed0       0x80 C:\Users\longn\AppData\Local\Temp\VMBuilds\AWS\arduino_due_x_dbg\Debug\Ethernet\utility\socket.cpp.o
                0x00081ed0                socket(unsigned char, unsigned char, unsigned short, unsigned char)
 .text._Z7connecthPht
                0x00081f50       0x8c C:\Users\longn\AppData\Local\Temp\VMBuilds\AWS\arduino_due_x_dbg\Debug\Ethernet\utility\socket.cpp.o
                0x00081f50                connect(unsigned char, unsigned char*, unsigned short)
 .text._Z10disconnecth
                0x00081fdc       0x40 C:\Users\longn\AppData\Local\Temp\VMBuilds\AWS\arduino_due_x_dbg\Debug\Ethernet\utility\socket.cpp.o
                0x00081fdc                disconnect(unsigned char)
 .text._Z4sendhPKht
                0x0008201c       0xf4 C:\Users\longn\AppData\Local\Temp\VMBuilds\AWS\arduino_due_x_dbg\Debug\Ethernet\utility\socket.cpp.o
                0x0008201c                send(unsigned char, unsigned char const*, unsigned short)
 .text._Z4recvhPhs
                0x00082110       0x84 C:\Users\longn\AppData\Local\Temp\VMBuilds\AWS\arduino_due_x_dbg\Debug\Ethernet\utility\socket.cpp.o
                0x00082110                recv(unsigned char, unsigned char*, short)
 .text._Z13recvAvailableh
                0x00082194       0x40 C:\Users\longn\AppData\Local\Temp\VMBuilds\AWS\arduino_due_x_dbg\Debug\Ethernet\utility\socket.cpp.o
                0x00082194                recvAvailable(unsigned char)
 .text._Z4peekhPh
                0x000821d4       0x48 C:\Users\longn\AppData\Local\Temp\VMBuilds\AWS\arduino_due_x_dbg\Debug\Ethernet\utility\socket.cpp.o
                0x000821d4                peek(unsigned char, unsigned char*)
 .text._Z5flushh
                0x0008221c        0x2 C:\Users\longn\AppData\Local\Temp\VMBuilds\AWS\arduino_due_x_dbg\Debug\Ethernet\utility\socket.cpp.o
                0x0008221c                flush(unsigned char)
 *fill*         0x0008221e        0x2 
 .text._Z10bufferDatahtPKht
                0x00082220       0x64 C:\Users\longn\AppData\Local\Temp\VMBuilds\AWS\arduino_due_x_dbg\Debug\Ethernet\utility\socket.cpp.o
                0x00082220                bufferData(unsigned char, unsigned short, unsigned char const*, unsigned short)
 .text._Z8startUDPhPht
                0x00082284       0x5c C:\Users\longn\AppData\Local\Temp\VMBuilds\AWS\arduino_due_x_dbg\Debug\Ethernet\utility\socket.cpp.o
                0x00082284                startUDP(unsigned char, unsigned char*, unsigned short)
 .text._Z7sendUDPh
                0x000822e0       0x94 C:\Users\longn\AppData\Local\Temp\VMBuilds\AWS\arduino_due_x_dbg\Debug\Ethernet\utility\socket.cpp.o
                0x000822e0                sendUDP(unsigned char)
 .text._ZN10W5100Class5writeEth
                0x00082374       0x40 C:\Users\longn\AppData\Local\Temp\VMBuilds\AWS\arduino_due_x_dbg\Debug\Ethernet\utility\w5100.cpp.o
                0x00082374                W5100Class::write(unsigned short, unsigned char)
 .text._ZN10W5100Class4initEv
                0x000823b4       0x9c C:\Users\longn\AppData\Local\Temp\VMBuilds\AWS\arduino_due_x_dbg\Debug\Ethernet\utility\w5100.cpp.o
                0x000823b4                W5100Class::init()
 .text._ZN10W5100Class5writeEtPKht
                0x00082450       0x50 C:\Users\longn\AppData\Local\Temp\VMBuilds\AWS\arduino_due_x_dbg\Debug\Ethernet\utility\w5100.cpp.o
                0x00082450                W5100Class::write(unsigned short, unsigned char const*, unsigned short)
 .text._ZN10W5100Class4readEt
                0x000824a0       0x40 C:\Users\longn\AppData\Local\Temp\VMBuilds\AWS\arduino_due_x_dbg\Debug\Ethernet\utility\w5100.cpp.o
                0x000824a0                W5100Class::read(unsigned short)
 .text._ZN10W5100Class12readSnTX_FSREh
                0x000824e0       0x1e C:\Users\longn\AppData\Local\Temp\VMBuilds\AWS\arduino_due_x_dbg\Debug\Ethernet\utility\w5100.cpp.o
                0x000824e0                W5100Class::readSnTX_FSR(unsigned char)
 .text._ZN10W5100Class13getTXFreeSizeEh
                0x000824fe       0x20 C:\Users\longn\AppData\Local\Temp\VMBuilds\AWS\arduino_due_x_dbg\Debug\Ethernet\utility\w5100.cpp.o
                0x000824fe                W5100Class::getTXFreeSize(unsigned char)
 .text._ZN10W5100Class12readSnRX_RSREh
                0x0008251e       0x1e C:\Users\longn\AppData\Local\Temp\VMBuilds\AWS\arduino_due_x_dbg\Debug\Ethernet\utility\w5100.cpp.o
                0x0008251e                W5100Class::readSnRX_RSR(unsigned char)
 .text._ZN10W5100Class17getRXReceivedSizeEh
                0x0008253c       0x20 C:\Users\longn\AppData\Local\Temp\VMBuilds\AWS\arduino_due_x_dbg\Debug\Ethernet\utility\w5100.cpp.o
                0x0008253c                W5100Class::getRXReceivedSize(unsigned char)
 .text._ZN10W5100Class27send_data_processing_offsetEhtPKht
                0x0008255c       0x80 C:\Users\longn\AppData\Local\Temp\VMBuilds\AWS\arduino_due_x_dbg\Debug\Ethernet\utility\w5100.cpp.o
                0x0008255c                W5100Class::send_data_processing_offset(unsigned char, unsigned short, unsigned char const*, unsigned short)
 .text._ZN10W5100Class20send_data_processingEhPKht
                0x000825dc       0x12 C:\Users\longn\AppData\Local\Temp\VMBuilds\AWS\arduino_due_x_dbg\Debug\Ethernet\utility\w5100.cpp.o
                0x000825dc                W5100Class::send_data_processing(unsigned char, unsigned char const*, unsigned short)
 *fill*         0x000825ee        0x2 
 .text._ZN10W5100Class4readEtPht
                0x000825f0       0x54 C:\Users\longn\AppData\Local\Temp\VMBuilds\AWS\arduino_due_x_dbg\Debug\Ethernet\utility\w5100.cpp.o
                0x000825f0                W5100Class::read(unsigned short, unsigned char*, unsigned short)
 .text._ZN10W5100Class9read_dataEhtPVht
                0x00082644       0x4c C:\Users\longn\AppData\Local\Temp\VMBuilds\AWS\arduino_due_x_dbg\Debug\Ethernet\utility\w5100.cpp.o
                0x00082644                W5100Class::read_data(unsigned char, unsigned short, unsigned char volatile*, unsigned short)
 .text._ZN10W5100Class20recv_data_processingEhPhth
                0x00082690       0x56 C:\Users\longn\AppData\Local\Temp\VMBuilds\AWS\arduino_due_x_dbg\Debug\Ethernet\utility\w5100.cpp.o
                0x00082690                W5100Class::recv_data_processing(unsigned char, unsigned char*, unsigned short, unsigned char)
 .text._ZN10W5100Class9execCmdSnEh7SockCMD
                0x000826e6       0x1a C:\Users\longn\AppData\Local\Temp\VMBuilds\AWS\arduino_due_x_dbg\Debug\Ethernet\utility\w5100.cpp.o
                0x000826e6                W5100Class::execCmdSn(unsigned char, SockCMD)
 .text._ZN12PubSubClientC2EPKctPFvPcPhjER6Client
                0x00082700       0x32 C:\Users\longn\AppData\Local\Temp\VMBuilds\AWS\arduino_due_x_dbg\Debug\PubSubClient\PubSubClient.cpp.o
                0x00082700                PubSubClient::PubSubClient(char const*, unsigned short, void (*)(char*, unsigned char*, unsigned int), Client&)
                0x00082700                PubSubClient::PubSubClient(char const*, unsigned short, void (*)(char*, unsigned char*, unsigned int), Client&)
 .text._ZN12PubSubClient8readByteEPh
                0x00082732       0x38 C:\Users\longn\AppData\Local\Temp\VMBuilds\AWS\arduino_due_x_dbg\Debug\PubSubClient\PubSubClient.cpp.o
                0x00082732                PubSubClient::readByte(unsigned char*)
 .text._ZN12PubSubClient8readByteEPhPt
                0x0008276a       0x16 C:\Users\longn\AppData\Local\Temp\VMBuilds\AWS\arduino_due_x_dbg\Debug\PubSubClient\PubSubClient.cpp.o
                0x0008276a                PubSubClient::readByte(unsigned char*, unsigned short*)
 .text._ZN12PubSubClient10readPacketEPh
                0x00082780      0x12e C:\Users\longn\AppData\Local\Temp\VMBuilds\AWS\arduino_due_x_dbg\Debug\PubSubClient\PubSubClient.cpp.o
                0x00082780                PubSubClient::readPacket(unsigned char*)
 .text._ZN12PubSubClient5writeEhPht
                0x000828ae       0x6a C:\Users\longn\AppData\Local\Temp\VMBuilds\AWS\arduino_due_x_dbg\Debug\PubSubClient\PubSubClient.cpp.o
                0x000828ae                PubSubClient::write(unsigned char, unsigned char*, unsigned short)
 .text._ZN12PubSubClient11writeStringEPKcPht
                0x00082918       0x2c C:\Users\longn\AppData\Local\Temp\VMBuilds\AWS\arduino_due_x_dbg\Debug\PubSubClient\PubSubClient.cpp.o
                0x00082918                PubSubClient::writeString(char const*, unsigned char*, unsigned short)
 .text._ZN12PubSubClient9connectedEv
                0x00082944       0x3a C:\Users\longn\AppData\Local\Temp\VMBuilds\AWS\arduino_due_x_dbg\Debug\PubSubClient\PubSubClient.cpp.o
                0x00082944                PubSubClient::connected()
 *fill*         0x0008297e        0x2 
 .text._ZN12PubSubClient7connectEPKcS1_S1_S1_hbS1_
                0x00082980      0x180 C:\Users\longn\AppData\Local\Temp\VMBuilds\AWS\arduino_due_x_dbg\Debug\PubSubClient\PubSubClient.cpp.o
                0x00082980                PubSubClient::connect(char const*, char const*, char const*, char const*, unsigned char, bool, char const*)
 .text._ZN12PubSubClient7connectEPKc
                0x00082b00       0x18 C:\Users\longn\AppData\Local\Temp\VMBuilds\AWS\arduino_due_x_dbg\Debug\PubSubClient\PubSubClient.cpp.o
                0x00082b00                PubSubClient::connect(char const*)
 .text._ZN12PubSubClient4loopEv
                0x00082b18      0x17c C:\Users\longn\AppData\Local\Temp\VMBuilds\AWS\arduino_due_x_dbg\Debug\PubSubClient\PubSubClient.cpp.o
                0x00082b18                PubSubClient::loop()
 .text._ZN12PubSubClient7publishEPKcPKhjb
                0x00082c94       0x6e C:\Users\longn\AppData\Local\Temp\VMBuilds\AWS\arduino_due_x_dbg\Debug\PubSubClient\PubSubClient.cpp.o
                0x00082c94                PubSubClient::publish(char const*, unsigned char const*, unsigned int, bool)
 .text._ZN12PubSubClient7publishEPKcS1_
                0x00082d02       0x22 C:\Users\longn\AppData\Local\Temp\VMBuilds\AWS\arduino_due_x_dbg\Debug\PubSubClient\PubSubClient.cpp.o
                0x00082d02                PubSubClient::publish(char const*, char const*)
 .text._ZN12PubSubClient9subscribeEPKch
                0x00082d24       0x66 C:\Users\longn\AppData\Local\Temp\VMBuilds\AWS\arduino_due_x_dbg\Debug\PubSubClient\PubSubClient.cpp.o
                0x00082d24                PubSubClient::subscribe(char const*, unsigned char)
 .text._ZN12PubSubClient9subscribeEPKc
                0x00082d8a        0x6 C:\Users\longn\AppData\Local\Temp\VMBuilds\AWS\arduino_due_x_dbg\Debug\PubSubClient\PubSubClient.cpp.o
                0x00082d8a                PubSubClient::subscribe(char const*)
 .text._ZN12PubSubClient9setServerEPKct
                0x00082d90        0xa C:\Users\longn\AppData\Local\Temp\VMBuilds\AWS\arduino_due_x_dbg\Debug\PubSubClient\PubSubClient.cpp.o
                0x00082d90                PubSubClient::setServer(char const*, unsigned short)
 .text._ZN12PubSubClient11setCallbackEPFvPcPhjE
                0x00082d9a        0x6 C:\Users\longn\AppData\Local\Temp\VMBuilds\AWS\arduino_due_x_dbg\Debug\PubSubClient\PubSubClient.cpp.o
                0x00082d9a                PubSubClient::setCallback(void (*)(char*, unsigned char*, unsigned int))
 .text.startup._GLOBAL__sub_I__ZN12PubSubClientC2Ev
                0x00082da0       0x1c C:\Users\longn\AppData\Local\Temp\VMBuilds\AWS\arduino_due_x_dbg\Debug\PubSubClient\PubSubClient.cpp.o
 .text._ZN7TwoWire5writeEPKhj
                0x00082dbc       0x50 C:\Users\longn\AppData\Local\Temp\VMBuilds\AWS\arduino_due_x_dbg\Debug\Wire\Wire.cpp.o
                0x00082dbc                TwoWire::write(unsigned char const*, unsigned int)
 .text._ZN7TwoWire9availableEv
                0x00082e0c        0xc C:\Users\longn\AppData\Local\Temp\VMBuilds\AWS\arduino_due_x_dbg\Debug\Wire\Wire.cpp.o
                0x00082e0c                TwoWire::available()
 .text._ZN7TwoWire4readEv
                0x00082e18       0x1e C:\Users\longn\AppData\Local\Temp\VMBuilds\AWS\arduino_due_x_dbg\Debug\Wire\Wire.cpp.o
                0x00082e18                TwoWire::read()
 .text._ZN7TwoWire4peekEv
                0x00082e36       0x16 C:\Users\longn\AppData\Local\Temp\VMBuilds\AWS\arduino_due_x_dbg\Debug\Wire\Wire.cpp.o
                0x00082e36                TwoWire::peek()
 .text._ZN7TwoWire5flushEv
                0x00082e4c        0x2 C:\Users\longn\AppData\Local\Temp\VMBuilds\AWS\arduino_due_x_dbg\Debug\Wire\Wire.cpp.o
                0x00082e4c                TwoWire::flush()
 .text._ZN7TwoWire5writeEh
                0x00082e4e       0x3a C:\Users\longn\AppData\Local\Temp\VMBuilds\AWS\arduino_due_x_dbg\Debug\Wire\Wire.cpp.o
                0x00082e4e                TwoWire::write(unsigned char)
 .text._ZL9Wire_Initv
                0x00082e88       0x54 C:\Users\longn\AppData\Local\Temp\VMBuilds\AWS\arduino_due_x_dbg\Debug\Wire\Wire.cpp.o
 .text._ZL12Wire1_Deinitv
                0x00082edc       0x18 C:\Users\longn\AppData\Local\Temp\VMBuilds\AWS\arduino_due_x_dbg\Debug\Wire\Wire.cpp.o
 .text._ZL11Wire_Deinitv
                0x00082ef4       0x18 C:\Users\longn\AppData\Local\Temp\VMBuilds\AWS\arduino_due_x_dbg\Debug\Wire\Wire.cpp.o
 .text._ZL10Wire1_Initv
                0x00082f0c       0x54 C:\Users\longn\AppData\Local\Temp\VMBuilds\AWS\arduino_due_x_dbg\Debug\Wire\Wire.cpp.o
 .text._ZN7TwoWireC2EP3TwiPFvvES3_
                0x00082f60       0x48 C:\Users\longn\AppData\Local\Temp\VMBuilds\AWS\arduino_due_x_dbg\Debug\Wire\Wire.cpp.o
                0x00082f60                TwoWire::TwoWire(Twi*, void (*)(), void (*)())
                0x00082f60                TwoWire::TwoWire(Twi*, void (*)(), void (*)())
 .text._ZN7TwoWire9onServiceEv
                0x00082fa8      0x118 C:\Users\longn\AppData\Local\Temp\VMBuilds\AWS\arduino_due_x_dbg\Debug\Wire\Wire.cpp.o
                0x00082fa8                TwoWire::onService()
 .text.TWI1_Handler
                0x000830c0        0xc C:\Users\longn\AppData\Local\Temp\VMBuilds\AWS\arduino_due_x_dbg\Debug\Wire\Wire.cpp.o
                0x000830c0                TWI1_Handler
 .text.TWI0_Handler
                0x000830cc        0xc C:\Users\longn\AppData\Local\Temp\VMBuilds\AWS\arduino_due_x_dbg\Debug\Wire\Wire.cpp.o
                0x000830cc                TWI0_Handler
 .text.startup._GLOBAL__sub_I__ZN7TwoWireC2EP3TwiPFvvES3_
                0x000830d8       0x40 C:\Users\longn\AppData\Local\Temp\VMBuilds\AWS\arduino_due_x_dbg\Debug\Wire\Wire.cpp.o
 .text._ZN16VisualMicroDebug16DBG_YieldAndWaitEmb
                0x00083118       0x1a C:\Users\longn\AppData\Local\Temp\VMBuilds\AWS\arduino_due_x_dbg\Debug\VM_DBG\VM_DBG.cpp.o
                0x00083118                VisualMicroDebug::DBG_YieldAndWait(unsigned long, bool)
 .text._ZN16VisualMicroDebug16DBG_YieldAndWaitEm
                0x00083132        0x6 C:\Users\longn\AppData\Local\Temp\VMBuilds\AWS\arduino_due_x_dbg\Debug\VM_DBG\VM_DBG.cpp.o
                0x00083132                VisualMicroDebug::DBG_YieldAndWait(unsigned long)
 .text._ZN16VisualMicroDebug10DBG_MillisEv
                0x00083138        0x4 C:\Users\longn\AppData\Local\Temp\VMBuilds\AWS\arduino_due_x_dbg\Debug\VM_DBG\VM_DBG.cpp.o
                0x00083138                VisualMicroDebug::DBG_Millis()
 .text._ZN16VisualMicroDebug17OnBreakPointBeginEm
                0x0008313c       0x16 C:\Users\longn\AppData\Local\Temp\VMBuilds\AWS\arduino_due_x_dbg\Debug\VM_DBG\VM_DBG.cpp.o
                0x0008313c                VisualMicroDebug::OnBreakPointBegin(unsigned long)
 *fill*         0x00083152        0x2 
 .text._ZN16VisualMicroDebug22OnBreakPointPrintBeginEh
                0x00083154       0x6c C:\Users\longn\AppData\Local\Temp\VMBuilds\AWS\arduino_due_x_dbg\Debug\VM_DBG\VM_DBG.cpp.o
                0x00083154                VisualMicroDebug::OnBreakPointPrintBegin(unsigned char)
 .text._ZN16VisualMicroDebug20OnBreakPointPrintEndEv
                0x000831c0        0xc C:\Users\longn\AppData\Local\Temp\VMBuilds\AWS\arduino_due_x_dbg\Debug\VM_DBG\VM_DBG.cpp.o
                0x000831c0                VisualMicroDebug::OnBreakPointPrintEnd()
 .text._ZN16VisualMicroDebug15OnBreakPointEndEv
                0x000831cc        0xc C:\Users\longn\AppData\Local\Temp\VMBuilds\AWS\arduino_due_x_dbg\Debug\VM_DBG\VM_DBG.cpp.o
                0x000831cc                VisualMicroDebug::OnBreakPointEnd()
 .text._ZN16VisualMicroDebug14outPacketStartEb
                0x000831d8       0x28 C:\Users\longn\AppData\Local\Temp\VMBuilds\AWS\arduino_due_x_dbg\Debug\VM_DBG\VM_DBG.cpp.o
                0x000831d8                VisualMicroDebug::outPacketStart(bool)
 .text._ZN16VisualMicroDebug12outPacketEndEv
                0x00083200        0x2 C:\Users\longn\AppData\Local\Temp\VMBuilds\AWS\arduino_due_x_dbg\Debug\VM_DBG\VM_DBG.cpp.o
                0x00083200                VisualMicroDebug::outPacketEnd()
 .text._ZN16VisualMicroDebug4initEm
                0x00083202        0xe C:\Users\longn\AppData\Local\Temp\VMBuilds\AWS\arduino_due_x_dbg\Debug\VM_DBG\VM_DBG.cpp.o
                0x00083202                VisualMicroDebug::init(unsigned long)
 .text._ZN16VisualMicroDebug5beginEP9UARTClassm
                0x00083210       0x10 C:\Users\longn\AppData\Local\Temp\VMBuilds\AWS\arduino_due_x_dbg\Debug\VM_DBG\VM_DBG.cpp.o
                0x00083210                VisualMicroDebug::begin(UARTClass*, unsigned long)
 .text._ZN16VisualMicroDebug4readEv
                0x00083220        0xe C:\Users\longn\AppData\Local\Temp\VMBuilds\AWS\arduino_due_x_dbg\Debug\VM_DBG\VM_DBG.cpp.o
                0x00083220                VisualMicroDebug::read()
 .text._ZN16VisualMicroDebug9availableEv
                0x0008322e        0xe C:\Users\longn\AppData\Local\Temp\VMBuilds\AWS\arduino_due_x_dbg\Debug\VM_DBG\VM_DBG.cpp.o
                0x0008322e                VisualMicroDebug::available()
 .text._ZN16VisualMicroDebug16sendContinuedACKEh
                0x0008323c       0x3c C:\Users\longn\AppData\Local\Temp\VMBuilds\AWS\arduino_due_x_dbg\Debug\VM_DBG\VM_DBG.cpp.o
                0x0008323c                VisualMicroDebug::sendContinuedACK(unsigned char)
 .text._ZN16VisualMicroDebug9breakWaitEh
                0x00083278       0x54 C:\Users\longn\AppData\Local\Temp\VMBuilds\AWS\arduino_due_x_dbg\Debug\VM_DBG\VM_DBG.cpp.o
                0x00083278                VisualMicroDebug::breakWait(unsigned char)
 .text._ZN16VisualMicroDebug5startEbb
                0x000832cc       0x26 C:\Users\longn\AppData\Local\Temp\VMBuilds\AWS\arduino_due_x_dbg\Debug\VM_DBG\VM_DBG.cpp.o
                0x000832cc                VisualMicroDebug::start(bool, bool)
 *fill*         0x000832f2        0x2 
 .text.startup._GLOBAL__sub_I__ZN16VisualMicroDebug16DBG_YieldAndWaitEm
                0x000832f4       0x14 C:\Users\longn\AppData\Local\Temp\VMBuilds\AWS\arduino_due_x_dbg\Debug\VM_DBG\VM_DBG.cpp.o
 .text._Z11serialEventv
                0x00083308        0x2 C:\Users\longn\AppData\Local\Temp\VMBCore\arduino16x\cf9e7b3eb74b68aff82b6e1d6e6ef271\variant\variant.cpp.o
                0x00083308                serialEvent()
 *fill*         0x0008330a        0x2 
 .text.UART_Handler
                0x0008330c        0xc C:\Users\longn\AppData\Local\Temp\VMBCore\arduino16x\cf9e7b3eb74b68aff82b6e1d6e6ef271\variant\variant.cpp.o
                0x0008330c                UART_Handler
 .text._Z12serialEvent1v
                0x00083318        0x2 C:\Users\longn\AppData\Local\Temp\VMBCore\arduino16x\cf9e7b3eb74b68aff82b6e1d6e6ef271\variant\variant.cpp.o
                0x00083318                serialEvent1()
 .text._Z12serialEvent2v
                0x0008331a        0x2 C:\Users\longn\AppData\Local\Temp\VMBCore\arduino16x\cf9e7b3eb74b68aff82b6e1d6e6ef271\variant\variant.cpp.o
                0x0008331a                serialEvent2()
 .text._Z12serialEvent3v
                0x0008331c        0x2 C:\Users\longn\AppData\Local\Temp\VMBCore\arduino16x\cf9e7b3eb74b68aff82b6e1d6e6ef271\variant\variant.cpp.o
                0x0008331c                serialEvent3()
 *fill*         0x0008331e        0x2 
 .text.USART0_Handler
                0x00083320        0xc C:\Users\longn\AppData\Local\Temp\VMBCore\arduino16x\cf9e7b3eb74b68aff82b6e1d6e6ef271\variant\variant.cpp.o
                0x00083320                USART0_Handler
 .text.USART1_Handler
                0x0008332c        0xc C:\Users\longn\AppData\Local\Temp\VMBCore\arduino16x\cf9e7b3eb74b68aff82b6e1d6e6ef271\variant\variant.cpp.o
                0x0008332c                USART1_Handler
 .text.USART3_Handler
                0x00083338        0xc C:\Users\longn\AppData\Local\Temp\VMBCore\arduino16x\cf9e7b3eb74b68aff82b6e1d6e6ef271\variant\variant.cpp.o
                0x00083338                USART3_Handler
 .text.init     0x00083344      0x128 C:\Users\longn\AppData\Local\Temp\VMBCore\arduino16x\cf9e7b3eb74b68aff82b6e1d6e6ef271\variant\variant.cpp.o
                0x00083344                init
 .text.startup._GLOBAL__sub_I_g_APinDescription
                0x0008346c       0xd4 C:\Users\longn\AppData\Local\Temp\VMBCore\arduino16x\cf9e7b3eb74b68aff82b6e1d6e6ef271\variant\variant.cpp.o
 .text._Z14serialEventRunv
                0x00083540       0x44 C:\Users\longn\AppData\Local\Temp\VMBCore\arduino16x\cf9e7b3eb74b68aff82b6e1d6e6ef271\variant\variant.cpp.o
                0x00083540                serialEventRun()
 .text.PIO_PullUp
                0x00083584        0xa C:\Users\longn\AppData\Local\arduino15\packages\arduino\hardware\sam\1.6.11\variants\arduino_due_x/libsam_sam3x8e_gcc_rel.a(pio.o)
                0x00083584                PIO_PullUp
 .text.PIO_SetPeripheral
                0x0008358e       0x26 C:\Users\longn\AppData\Local\arduino15\packages\arduino\hardware\sam\1.6.11\variants\arduino_due_x/libsam_sam3x8e_gcc_rel.a(pio.o)
                0x0008358e                PIO_SetPeripheral
 .text.PIO_SetInput
                0x000835b4       0x26 C:\Users\longn\AppData\Local\arduino15\packages\arduino\hardware\sam\1.6.11\variants\arduino_due_x/libsam_sam3x8e_gcc_rel.a(pio.o)
                0x000835b4                PIO_SetInput
 .text.PIO_SetOutput
                0x000835da       0x24 C:\Users\longn\AppData\Local\arduino15\packages\arduino\hardware\sam\1.6.11\variants\arduino_due_x/libsam_sam3x8e_gcc_rel.a(pio.o)
                0x000835da                PIO_SetOutput
 *fill*         0x000835fe        0x2 
 .text.PIO_Configure
                0x00083600       0x64 C:\Users\longn\AppData\Local\arduino15\packages\arduino\hardware\sam\1.6.11\variants\arduino_due_x/libsam_sam3x8e_gcc_rel.a(pio.o)
                0x00083600                PIO_Configure
 .text.PIO_GetOutputDataStatus
                0x00083664       0x14 C:\Users\longn\AppData\Local\arduino15\packages\arduino\hardware\sam\1.6.11\variants\arduino_due_x/libsam_sam3x8e_gcc_rel.a(pio.o)
                0x00083664                PIO_GetOutputDataStatus
 .text.pmc_enable_upll_clock
                0x00083678       0x14 C:\Users\longn\AppData\Local\arduino15\packages\arduino\hardware\sam\1.6.11\variants\arduino_due_x/libsam_sam3x8e_gcc_rel.a(pmc.o)
                0x00083678                pmc_enable_upll_clock
 .text.pmc_enable_periph_clk
                0x0008368c       0x44 C:\Users\longn\AppData\Local\arduino15\packages\arduino\hardware\sam\1.6.11\variants\arduino_due_x/libsam_sam3x8e_gcc_rel.a(pmc.o)
                0x0008368c                pmc_enable_periph_clk
 .text.pmc_disable_periph_clk
                0x000836d0       0x40 C:\Users\longn\AppData\Local\arduino15\packages\arduino\hardware\sam\1.6.11\variants\arduino_due_x/libsam_sam3x8e_gcc_rel.a(pmc.o)
                0x000836d0                pmc_disable_periph_clk
 .text.pmc_switch_udpck_to_upllck
                0x00083710       0x14 C:\Users\longn\AppData\Local\arduino15\packages\arduino\hardware\sam\1.6.11\variants\arduino_due_x/libsam_sam3x8e_gcc_rel.a(pmc.o)
                0x00083710                pmc_switch_udpck_to_upllck
 .text.pmc_enable_udpck
                0x00083724        0xc C:\Users\longn\AppData\Local\arduino15\packages\arduino\hardware\sam\1.6.11\variants\arduino_due_x/libsam_sam3x8e_gcc_rel.a(pmc.o)
                0x00083724                pmc_enable_udpck
 .text.SPI_Enable
                0x00083730        0x6 C:\Users\longn\AppData\Local\arduino15\packages\arduino\hardware\sam\1.6.11\variants\arduino_due_x/libsam_sam3x8e_gcc_rel.a(spi.o)
                0x00083730                SPI_Enable
 *fill*         0x00083736        0x2 
 .text.SPI_Configure
                0x00083738       0x20 C:\Users\longn\AppData\Local\arduino15\packages\arduino\hardware\sam\1.6.11\variants\arduino_due_x/libsam_sam3x8e_gcc_rel.a(spi.o)
                0x00083738                SPI_Configure
 .text.SPI_ConfigureNPCS
                0x00083758        0x8 C:\Users\longn\AppData\Local\arduino15\packages\arduino\hardware\sam\1.6.11\variants\arduino_due_x/libsam_sam3x8e_gcc_rel.a(spi.o)
                0x00083758                SPI_ConfigureNPCS
 .text.TWI_ReadByte
                0x00083760       0x28 C:\Users\longn\AppData\Local\arduino15\packages\arduino\hardware\sam\1.6.11\variants\arduino_due_x/libsam_sam3x8e_gcc_rel.a(twi.o)
                0x00083760                TWI_ReadByte
 .text.TWI_WriteByte
                0x00083788       0x24 C:\Users\longn\AppData\Local\arduino15\packages\arduino\hardware\sam\1.6.11\variants\arduino_due_x/libsam_sam3x8e_gcc_rel.a(twi.o)
                0x00083788                TWI_WriteByte
 .text.TWI_EnableIt
                0x000837ac       0x40 C:\Users\longn\AppData\Local\arduino15\packages\arduino\hardware\sam\1.6.11\variants\arduino_due_x/libsam_sam3x8e_gcc_rel.a(twi.o)
                0x000837ac                TWI_EnableIt
 .text.TWI_DisableIt
                0x000837ec       0x40 C:\Users\longn\AppData\Local\arduino15\packages\arduino\hardware\sam\1.6.11\variants\arduino_due_x/libsam_sam3x8e_gcc_rel.a(twi.o)
                0x000837ec                TWI_DisableIt
 .text.TWI_GetStatus
                0x0008382c       0x28 C:\Users\longn\AppData\Local\arduino15\packages\arduino\hardware\sam\1.6.11\variants\arduino_due_x/libsam_sam3x8e_gcc_rel.a(twi.o)
                0x0008382c                TWI_GetStatus
 .text.SystemInit
                0x00083854       0x88 C:\Users\longn\AppData\Local\arduino15\packages\arduino\hardware\sam\1.6.11\variants\arduino_due_x/libsam_sam3x8e_gcc_rel.a(system_sam3xa.o)
                0x00083854                SystemInit
 .text.Reset_Handler
                0x000838dc       0x78 C:\Users\longn\AppData\Local\arduino15\packages\arduino\hardware\sam\1.6.11\variants\arduino_due_x/libsam_sam3x8e_gcc_rel.a(startup_sam3xa.o)
                0x000838dc                Reset_Handler
 .text.adc_init
                0x00083954       0x98 C:\Users\longn\AppData\Local\arduino15\packages\arduino\hardware\sam\1.6.11\variants\arduino_due_x/libsam_sam3x8e_gcc_rel.a(adc.o)
                0x00083954                adc_init
 .text.adc_configure_trigger
                0x000839ec        0xe C:\Users\longn\AppData\Local\arduino15\packages\arduino\hardware\sam\1.6.11\variants\arduino_due_x/libsam_sam3x8e_gcc_rel.a(adc.o)
                0x000839ec                adc_configure_trigger
 .text.adc_configure_timing
                0x000839fa       0x1a C:\Users\longn\AppData\Local\arduino15\packages\arduino\hardware\sam\1.6.11\variants\arduino_due_x/libsam_sam3x8e_gcc_rel.a(adc.o)
                0x000839fa                adc_configure_timing
 .text.adc_disable_channel
                0x00083a14        0xa C:\Users\longn\AppData\Local\arduino15\packages\arduino\hardware\sam\1.6.11\variants\arduino_due_x/libsam_sam3x8e_gcc_rel.a(adc.o)
                0x00083a14                adc_disable_channel
 .text.adc_disable_all_channel
                0x00083a1e        0x8 C:\Users\longn\AppData\Local\arduino15\packages\arduino\hardware\sam\1.6.11\variants\arduino_due_x/libsam_sam3x8e_gcc_rel.a(adc.o)
                0x00083a1e                adc_disable_all_channel
 .text.adc_disable_interrupt
                0x00083a26        0x4 C:\Users\longn\AppData\Local\arduino15\packages\arduino\hardware\sam\1.6.11\variants\arduino_due_x/libsam_sam3x8e_gcc_rel.a(adc.o)
                0x00083a26                adc_disable_interrupt
 *fill*         0x00083a2a        0x2 
 .text.UOTGHS_Handler
                0x00083a2c       0x10 C:\Users\longn\AppData\Local\arduino15\packages\arduino\hardware\sam\1.6.11\variants\arduino_due_x/libsam_sam3x8e_gcc_rel.a(uotghs.o)
                0x00083a2c                UOTGHS_Handler
 .text.__halt   0x00083a3c        0x2 C:\Users\longn\AppData\Local\Temp\VMBuilds\AWS\arduino_due_x_dbg\Debug/core.a(cortex_handlers.c.o)
                0x00083a3c                DACC_Handler
                0x00083a3c                DebugMon_Handler
                0x00083a3c                DMAC_Handler
                0x00083a3c                TRNG_Handler
                0x00083a3c                HardFault_Handler
                0x00083a3c                TC2_Handler
                0x00083a3c                NMI_Handler
                0x00083a3c                TC7_Handler
                0x00083a3c                ADC_Handler
                0x00083a3c                SMC_Handler
                0x00083a3c                RTT_Handler
                0x00083a3c                EFC1_Handler
                0x00083a3c                PIOB_Handler
                0x00083a3c                RTC_Handler
                0x00083a3c                UsageFault_Handler
                0x00083a3c                TC6_Handler
                0x00083a3c                WDT_Handler
                0x00083a3c                CAN0_Handler
                0x00083a3c                TC4_Handler
                0x00083a3c                TC1_Handler
                0x00083a3c                HSMCI_Handler
                0x00083a3c                TC3_Handler
                0x00083a3c                PIOA_Handler
                0x00083a3c                SSC_Handler
                0x00083a3c                EFC0_Handler
                0x00083a3c                PMC_Handler
                0x00083a3c                PWM_Handler
                0x00083a3c                CAN1_Handler
                0x00083a3c                MemManage_Handler
                0x00083a3c                SUPC_Handler
                0x00083a3c                TC8_Handler
                0x00083a3c                USART2_Handler
                0x00083a3c                PIOD_Handler
                0x00083a3c                EMAC_Handler
                0x00083a3c                PIOC_Handler
                0x00083a3c                BusFault_Handler
                0x00083a3c                RSTC_Handler
                0x00083a3c                TC0_Handler
                0x00083a3c                TC5_Handler
                0x00083a3c                SPI0_Handler
 .text.SVC_Handler
                0x00083a3e        0x4 C:\Users\longn\AppData\Local\Temp\VMBuilds\AWS\arduino_due_x_dbg\Debug/core.a(cortex_handlers.c.o)
                0x00083a3e                SVC_Handler
 .text.PendSV_Handler
                0x00083a42        0x4 C:\Users\longn\AppData\Local\Temp\VMBuilds\AWS\arduino_due_x_dbg\Debug/core.a(cortex_handlers.c.o)
                0x00083a42                PendSV_Handler
 .text.SysTick_Handler
                0x00083a46       0x16 C:\Users\longn\AppData\Local\Temp\VMBuilds\AWS\arduino_due_x_dbg\Debug/core.a(cortex_handlers.c.o)
                0x00083a46                SysTick_Handler
 .text.__empty  0x00083a5c        0x2 C:\Users\longn\AppData\Local\Temp\VMBuilds\AWS\arduino_due_x_dbg\Debug/core.a(hooks.c.o)
                0x00083a5c                yield
 .text.__false  0x00083a5e        0x4 C:\Users\longn\AppData\Local\Temp\VMBuilds\AWS\arduino_due_x_dbg\Debug/core.a(hooks.c.o)
                0x00083a5e                sysTickHook
 .text.__halt   0x00083a62        0x2 C:\Users\longn\AppData\Local\Temp\VMBuilds\AWS\arduino_due_x_dbg\Debug/core.a(hooks.c.o)
                0x00083a62                svcHook
                0x00083a62                pendSVHook
 .text._sbrk    0x00083a64       0x1c C:\Users\longn\AppData\Local\Temp\VMBuilds\AWS\arduino_due_x_dbg\Debug/core.a(syscalls_sam3.c.o)
                0x00083a64                _sbrk
 .text.link     0x00083a80        0x6 C:\Users\longn\AppData\Local\Temp\VMBuilds\AWS\arduino_due_x_dbg\Debug/core.a(syscalls_sam3.c.o)
                0x00083a80                link
 .text._close   0x00083a86        0x6 C:\Users\longn\AppData\Local\Temp\VMBuilds\AWS\arduino_due_x_dbg\Debug/core.a(syscalls_sam3.c.o)
                0x00083a86                _close
 .text._fstat   0x00083a8c        0xa C:\Users\longn\AppData\Local\Temp\VMBuilds\AWS\arduino_due_x_dbg\Debug/core.a(syscalls_sam3.c.o)
                0x00083a8c                _fstat
 .text._isatty  0x00083a96        0x4 C:\Users\longn\AppData\Local\Temp\VMBuilds\AWS\arduino_due_x_dbg\Debug/core.a(syscalls_sam3.c.o)
                0x00083a96                _isatty
 .text._lseek   0x00083a9a        0x4 C:\Users\longn\AppData\Local\Temp\VMBuilds\AWS\arduino_due_x_dbg\Debug/core.a(syscalls_sam3.c.o)
                0x00083a9a                _lseek
 .text._read    0x00083a9e        0x4 C:\Users\longn\AppData\Local\Temp\VMBuilds\AWS\arduino_due_x_dbg\Debug/core.a(syscalls_sam3.c.o)
                0x00083a9e                _read
 *fill*         0x00083aa2        0x2 
 .text._write   0x00083aa4       0x24 C:\Users\longn\AppData\Local\Temp\VMBuilds\AWS\arduino_due_x_dbg\Debug/core.a(syscalls_sam3.c.o)
                0x00083aa4                _write
 .text._exit    0x00083ac8       0x10 C:\Users\longn\AppData\Local\Temp\VMBuilds\AWS\arduino_due_x_dbg\Debug/core.a(syscalls_sam3.c.o)
                0x00083ac8                _exit
 .text._kill    0x00083ad8        0x2 C:\Users\longn\AppData\Local\Temp\VMBuilds\AWS\arduino_due_x_dbg\Debug/core.a(syscalls_sam3.c.o)
                0x00083ad8                _kill
 .text._getpid  0x00083ada        0x6 C:\Users\longn\AppData\Local\Temp\VMBuilds\AWS\arduino_due_x_dbg\Debug/core.a(syscalls_sam3.c.o)
                0x00083ada                _getpid
 .text.millis   0x00083ae0        0x4 C:\Users\longn\AppData\Local\Temp\VMBuilds\AWS\arduino_due_x_dbg\Debug/core.a(wiring.c.o)
                0x00083ae0                millis
 .text.delay    0x00083ae4       0x1c C:\Users\longn\AppData\Local\Temp\VMBuilds\AWS\arduino_due_x_dbg\Debug/core.a(wiring.c.o)
                0x00083ae4                delay
 .text.analogOutputInit
                0x00083b00        0x2 C:\Users\longn\AppData\Local\Temp\VMBuilds\AWS\arduino_due_x_dbg\Debug/core.a(wiring_analog.c.o)
                0x00083b00                analogOutputInit
 *fill*         0x00083b02        0x2 
 .text.pinMode  0x00083b04      0x108 C:\Users\longn\AppData\Local\Temp\VMBuilds\AWS\arduino_due_x_dbg\Debug/core.a(wiring_digital.c.o)
                0x00083b04                pinMode
 .text.digitalWrite
                0x00083c0c       0x70 C:\Users\longn\AppData\Local\Temp\VMBuilds\AWS\arduino_due_x_dbg\Debug/core.a(wiring_digital.c.o)
                0x00083c0c                digitalWrite
 .text._ZNK9IPAddress7printToER5Print
                0x00083c7c       0x3c C:\Users\longn\AppData\Local\Temp\VMBuilds\AWS\arduino_due_x_dbg\Debug/core.a(IPAddress.cpp.o)
                0x00083c7c                IPAddress::printTo(Print&) const
 .text._ZN9IPAddressC2Ev
                0x00083cb8       0x10 C:\Users\longn\AppData\Local\Temp\VMBuilds\AWS\arduino_due_x_dbg\Debug/core.a(IPAddress.cpp.o)
                0x00083cb8                IPAddress::IPAddress()
                0x00083cb8                IPAddress::IPAddress()
 .text._ZN9IPAddressC2Ehhhh
                0x00083cc8       0x18 C:\Users\longn\AppData\Local\Temp\VMBuilds\AWS\arduino_due_x_dbg\Debug/core.a(IPAddress.cpp.o)
                0x00083cc8                IPAddress::IPAddress(unsigned char, unsigned char, unsigned char, unsigned char)
                0x00083cc8                IPAddress::IPAddress(unsigned char, unsigned char, unsigned char, unsigned char)
 .text._ZN9IPAddressC2EPKh
                0x00083ce0       0x10 C:\Users\longn\AppData\Local\Temp\VMBuilds\AWS\arduino_due_x_dbg\Debug/core.a(IPAddress.cpp.o)
                0x00083ce0                IPAddress::IPAddress(unsigned char const*)
                0x00083ce0                IPAddress::IPAddress(unsigned char const*)
 .text._ZN9IPAddressaSEPKh
                0x00083cf0        0x6 C:\Users\longn\AppData\Local\Temp\VMBuilds\AWS\arduino_due_x_dbg\Debug/core.a(IPAddress.cpp.o)
                0x00083cf0                IPAddress::operator=(unsigned char const*)
 *fill*         0x00083cf6        0x2 
 .text.startup._GLOBAL__sub_I__ZN9IPAddressC2Ev
                0x00083cf8       0x1c C:\Users\longn\AppData\Local\Temp\VMBuilds\AWS\arduino_due_x_dbg\Debug/core.a(IPAddress.cpp.o)
 .text.initVariant
                0x00083d14        0x2 C:\Users\longn\AppData\Local\Temp\VMBuilds\AWS\arduino_due_x_dbg\Debug/core.a(main.cpp.o)
                0x00083d14                initVariant
 *fill*         0x00083d16        0x2 
 .text.startup.main
                0x00083d18       0x38 C:\Users\longn\AppData\Local\Temp\VMBuilds\AWS\arduino_due_x_dbg\Debug/core.a(main.cpp.o)
                0x00083d18                main
 .text._ZN5Print5writeEPKhj
                0x00083d50       0x22 C:\Users\longn\AppData\Local\Temp\VMBuilds\AWS\arduino_due_x_dbg\Debug/core.a(Print.cpp.o)
                0x00083d50                Print::write(unsigned char const*, unsigned int)
 .text._ZN5Print5printEmi.part.3
                0x00083d72        0xc C:\Users\longn\AppData\Local\Temp\VMBuilds\AWS\arduino_due_x_dbg\Debug/core.a(Print.cpp.o)
 .text._ZN5Print5writeEPKc
                0x00083d7e       0x1e C:\Users\longn\AppData\Local\Temp\VMBuilds\AWS\arduino_due_x_dbg\Debug/core.a(Print.cpp.o)
                0x00083d7e                Print::write(char const*)
 .text._ZN5Print5printERK6String
                0x00083d9c       0x10 C:\Users\longn\AppData\Local\Temp\VMBuilds\AWS\arduino_due_x_dbg\Debug/core.a(Print.cpp.o)
                0x00083d9c                Print::print(String const&)
 .text._ZN5Print5printEPKc
                0x00083dac        0x8 C:\Users\longn\AppData\Local\Temp\VMBuilds\AWS\arduino_due_x_dbg\Debug/core.a(Print.cpp.o)
                0x00083dac                Print::print(char const*)
 .text._ZN5Print5printEc
                0x00083db4        0xa C:\Users\longn\AppData\Local\Temp\VMBuilds\AWS\arduino_due_x_dbg\Debug/core.a(Print.cpp.o)
                0x00083db4                Print::print(char)
 *fill*         0x00083dbe        0x2 
 .text._ZN5Print7printlnEv
                0x00083dc0       0x10 C:\Users\longn\AppData\Local\Temp\VMBuilds\AWS\arduino_due_x_dbg\Debug/core.a(Print.cpp.o)
                0x00083dc0                Print::println()
 .text._ZN5Print7printlnERK6String
                0x00083dd0       0x14 C:\Users\longn\AppData\Local\Temp\VMBuilds\AWS\arduino_due_x_dbg\Debug/core.a(Print.cpp.o)
                0x00083dd0                Print::println(String const&)
 .text._ZN5Print7printlnEPKc
                0x00083de4       0x14 C:\Users\longn\AppData\Local\Temp\VMBuilds\AWS\arduino_due_x_dbg\Debug/core.a(Print.cpp.o)
                0x00083de4                Print::println(char const*)
 .text._ZN5Print11printNumberEmh
                0x00083df8       0x3e C:\Users\longn\AppData\Local\Temp\VMBuilds\AWS\arduino_due_x_dbg\Debug/core.a(Print.cpp.o)
                0x00083df8                Print::printNumber(unsigned long, unsigned char)
 .text._ZN5Print5printEmi
                0x00083e36        0xc C:\Users\longn\AppData\Local\Temp\VMBuilds\AWS\arduino_due_x_dbg\Debug/core.a(Print.cpp.o)
                0x00083e36                Print::print(unsigned long, int)
 .text._ZN5Print5printEhi
                0x00083e42        0x4 C:\Users\longn\AppData\Local\Temp\VMBuilds\AWS\arduino_due_x_dbg\Debug/core.a(Print.cpp.o)
                0x00083e42                Print::print(unsigned char, int)
 *fill*         0x00083e46        0x2 
 .text.initiateReset
                0x00083e48        0xc C:\Users\longn\AppData\Local\Temp\VMBuilds\AWS\arduino_due_x_dbg\Debug/core.a(Reset.cpp.o)
                0x00083e48                initiateReset
 .text.cancelReset
                0x00083e54       0x10 C:\Users\longn\AppData\Local\Temp\VMBuilds\AWS\arduino_due_x_dbg\Debug/core.a(Reset.cpp.o)
                0x00083e54                cancelReset
 .text.tickReset
                0x00083e64       0x20 C:\Users\longn\AppData\Local\Temp\VMBuilds\AWS\arduino_due_x_dbg\Debug/core.a(Reset.cpp.o)
                0x00083e64                tickReset
 .text._ZN10RingBufferC2Ev
                0x00083e84       0x1a C:\Users\longn\AppData\Local\Temp\VMBuilds\AWS\arduino_due_x_dbg\Debug/core.a(RingBuffer.cpp.o)
                0x00083e84                RingBuffer::RingBuffer()
                0x00083e84                RingBuffer::RingBuffer()
 .text._ZN10RingBuffer10store_charEh
                0x00083e9e       0x1e C:\Users\longn\AppData\Local\Temp\VMBuilds\AWS\arduino_due_x_dbg\Debug/core.a(RingBuffer.cpp.o)
                0x00083e9e                RingBuffer::store_char(unsigned char)
 .text._ZN9UARTClasscvbEv
                0x00083ebc        0x4 C:\Users\longn\AppData\Local\Temp\VMBuilds\AWS\arduino_due_x_dbg\Debug/core.a(UARTClass.cpp.o)
                0x00083ebc                UARTClass::operator bool()
 .text._ZN9UARTClass9availableEv
                0x00083ec0       0x12 C:\Users\longn\AppData\Local\Temp\VMBuilds\AWS\arduino_due_x_dbg\Debug/core.a(UARTClass.cpp.o)
                0x00083ec0                UARTClass::available()
 .text._ZN9UARTClass4peekEv
                0x00083ed2       0x1c C:\Users\longn\AppData\Local\Temp\VMBuilds\AWS\arduino_due_x_dbg\Debug/core.a(UARTClass.cpp.o)
                0x00083ed2                UARTClass::peek()
 .text._ZN9UARTClass4readEv
                0x00083eee       0x2a C:\Users\longn\AppData\Local\Temp\VMBuilds\AWS\arduino_due_x_dbg\Debug/core.a(UARTClass.cpp.o)
                0x00083eee                UARTClass::read()
 .text._ZN9UARTClass5flushEv
                0x00083f18       0x18 C:\Users\longn\AppData\Local\Temp\VMBuilds\AWS\arduino_due_x_dbg\Debug/core.a(UARTClass.cpp.o)
                0x00083f18                UARTClass::flush()
 .text._ZN9UARTClass5writeEh
                0x00083f30       0x54 C:\Users\longn\AppData\Local\Temp\VMBuilds\AWS\arduino_due_x_dbg\Debug/core.a(UARTClass.cpp.o)
                0x00083f30                UARTClass::write(unsigned char)
 .text._ZN9UARTClass3endEv
                0x00083f84       0x3c C:\Users\longn\AppData\Local\Temp\VMBuilds\AWS\arduino_due_x_dbg\Debug/core.a(UARTClass.cpp.o)
                0x00083f84                UARTClass::end()
 .text._ZN9UARTClassC2EP4Uart4IRQnmP10RingBufferS4_
                0x00083fc0       0x24 C:\Users\longn\AppData\Local\Temp\VMBuilds\AWS\arduino_due_x_dbg\Debug/core.a(UARTClass.cpp.o)
                0x00083fc0                UARTClass::UARTClass(Uart*, IRQn, unsigned long, RingBuffer*, RingBuffer*)
                0x00083fc0                UARTClass::UARTClass(Uart*, IRQn, unsigned long, RingBuffer*, RingBuffer*)
 .text._ZN9UARTClass4initEmm
                0x00083fe4       0x70 C:\Users\longn\AppData\Local\Temp\VMBuilds\AWS\arduino_due_x_dbg\Debug/core.a(UARTClass.cpp.o)
                0x00083fe4                UARTClass::init(unsigned long, unsigned long)
 .text._ZN9UARTClass5beginEm
                0x00084054        0x8 C:\Users\longn\AppData\Local\Temp\VMBuilds\AWS\arduino_due_x_dbg\Debug/core.a(UARTClass.cpp.o)
                0x00084054                UARTClass::begin(unsigned long)
 .text._ZN9UARTClass10IrqHandlerEv
                0x0008405c       0x5a C:\Users\longn\AppData\Local\Temp\VMBuilds\AWS\arduino_due_x_dbg\Debug/core.a(UARTClass.cpp.o)
                0x0008405c                UARTClass::IrqHandler()
 .text._ZN10USARTClass5beginEm
                0x000840b6        0x8 C:\Users\longn\AppData\Local\Temp\VMBuilds\AWS\arduino_due_x_dbg\Debug/core.a(USARTClass.cpp.o)
                0x000840b6                USARTClass::begin(unsigned long)
 *fill*         0x000840be        0x2 
 .text._ZN10USARTClassC2EP5Usart4IRQnmP10RingBufferS4_
                0x000840c0       0x24 C:\Users\longn\AppData\Local\Temp\VMBuilds\AWS\arduino_due_x_dbg\Debug/core.a(USARTClass.cpp.o)
                0x000840c0                USARTClass::USARTClass(Usart*, IRQn, unsigned long, RingBuffer*, RingBuffer*)
                0x000840c0                USARTClass::USARTClass(Usart*, IRQn, unsigned long, RingBuffer*, RingBuffer*)
 .text._watchdogDefaultSetup
                0x000840e4        0xc C:\Users\longn\AppData\Local\Temp\VMBuilds\AWS\arduino_due_x_dbg\Debug/core.a(watchdog.cpp.o)
                0x000840e4                _watchdogDefaultSetup
                0x000840e4                watchdogSetup()
 .text._Z6randoml
                0x000840f0       0x16 C:\Users\longn\AppData\Local\Temp\VMBuilds\AWS\arduino_due_x_dbg\Debug/core.a(WMath.cpp.o)
                0x000840f0                random(long)
 .text._Z6randomll
                0x00084106       0x14 C:\Users\longn\AppData\Local\Temp\VMBuilds\AWS\arduino_due_x_dbg\Debug/core.a(WMath.cpp.o)
                0x00084106                random(long, long)
 .text._Z8makeWordhh
                0x0008411a        0x6 C:\Users\longn\AppData\Local\Temp\VMBuilds\AWS\arduino_due_x_dbg\Debug/core.a(WMath.cpp.o)
                0x0008411a                makeWord(unsigned char, unsigned char)
 .text._ZN6StringD2Ev
                0x00084120        0xe C:\Users\longn\AppData\Local\Temp\VMBuilds\AWS\arduino_due_x_dbg\Debug/core.a(WString.cpp.o)
                0x00084120                String::~String()
                0x00084120                String::~String()
 .text._ZN6String10invalidateEv
                0x0008412e       0x16 C:\Users\longn\AppData\Local\Temp\VMBuilds\AWS\arduino_due_x_dbg\Debug/core.a(WString.cpp.o)
                0x0008412e                String::invalidate()
 .text._ZN6String12changeBufferEj
                0x00084144       0x18 C:\Users\longn\AppData\Local\Temp\VMBuilds\AWS\arduino_due_x_dbg\Debug/core.a(WString.cpp.o)
                0x00084144                String::changeBuffer(unsigned int)
 .text._ZN6String7reserveEj
                0x0008415c       0x22 C:\Users\longn\AppData\Local\Temp\VMBuilds\AWS\arduino_due_x_dbg\Debug/core.a(WString.cpp.o)
                0x0008415c                String::reserve(unsigned int)
 .text._ZN6String4copyEPKcj
                0x0008417e       0x26 C:\Users\longn\AppData\Local\Temp\VMBuilds\AWS\arduino_due_x_dbg\Debug/core.a(WString.cpp.o)
                0x0008417e                String::copy(char const*, unsigned int)
 .text._ZN6StringC2EPKc
                0x000841a4       0x24 C:\Users\longn\AppData\Local\Temp\VMBuilds\AWS\arduino_due_x_dbg\Debug/core.a(WString.cpp.o)
                0x000841a4                String::String(char const*)
                0x000841a4                String::String(char const*)
 .text._ZN6StringaSERKS_
                0x000841c8       0x1e C:\Users\longn\AppData\Local\Temp\VMBuilds\AWS\arduino_due_x_dbg\Debug/core.a(WString.cpp.o)
                0x000841c8                String::operator=(String const&)
 .text._ZN6StringC2ERKS_
                0x000841e6       0x14 C:\Users\longn\AppData\Local\Temp\VMBuilds\AWS\arduino_due_x_dbg\Debug/core.a(WString.cpp.o)
                0x000841e6                String::String(String const&)
                0x000841e6                String::String(String const&)
 .text._ZN6StringaSEPKc
                0x000841fa       0x22 C:\Users\longn\AppData\Local\Temp\VMBuilds\AWS\arduino_due_x_dbg\Debug/core.a(WString.cpp.o)
                0x000841fa                String::operator=(char const*)
 .text._ZN6StringC2Eih
                0x0008421c       0x24 C:\Users\longn\AppData\Local\Temp\VMBuilds\AWS\arduino_due_x_dbg\Debug/core.a(WString.cpp.o)
                0x0008421c                String::String(int, unsigned char)
                0x0008421c                String::String(int, unsigned char)
 .text._ZN6String6concatEPKcj
                0x00084240       0x2e C:\Users\longn\AppData\Local\Temp\VMBuilds\AWS\arduino_due_x_dbg\Debug/core.a(WString.cpp.o)
                0x00084240                String::concat(char const*, unsigned int)
 .text._ZplRK15StringSumHelperRK6String
                0x0008426e       0x1a C:\Users\longn\AppData\Local\Temp\VMBuilds\AWS\arduino_due_x_dbg\Debug/core.a(WString.cpp.o)
                0x0008426e                operator+(StringSumHelper const&, String const&)
 .text._ZNK6String8getBytesEPhjj
                0x00084288       0x30 C:\Users\longn\AppData\Local\Temp\VMBuilds\AWS\arduino_due_x_dbg\Debug/core.a(WString.cpp.o)
                0x00084288                String::getBytes(unsigned char*, unsigned int, unsigned int) const
 .text.unlikely._ZL11USB_SendZlpv
                0x000842b8       0x20 C:\Users\longn\AppData\Local\Temp\VMBuilds\AWS\arduino_due_x_dbg\Debug/core.a(USBCore.cpp.o)
 .text._Z14USBD_Availablem
                0x000842d8       0x2c C:\Users\longn\AppData\Local\Temp\VMBuilds\AWS\arduino_due_x_dbg\Debug/core.a(USBCore.cpp.o)
                0x000842d8                USBD_Available(unsigned long)
 .text._Z9USBD_RecvmPvm
                0x00084304       0x7c C:\Users\longn\AppData\Local\Temp\VMBuilds\AWS\arduino_due_x_dbg\Debug/core.a(USBCore.cpp.o)
                0x00084304                USBD_Recv(unsigned long, void*, unsigned long)
 .text._Z9USBD_Recvm
                0x00084380       0x22 C:\Users\longn\AppData\Local\Temp\VMBuilds\AWS\arduino_due_x_dbg\Debug/core.a(USBCore.cpp.o)
                0x00084380                USBD_Recv(unsigned long)
 *fill*         0x000843a2        0x2 
 .text._Z9USBD_SendmPKvm
                0x000843a4       0x4c C:\Users\longn\AppData\Local\Temp\VMBuilds\AWS\arduino_due_x_dbg\Debug/core.a(USBCore.cpp.o)
                0x000843a4                USBD_Send(unsigned long, void const*, unsigned long)
 .text._Z16USBD_SendControlhPKvm
                0x000843f0       0x40 C:\Users\longn\AppData\Local\Temp\VMBuilds\AWS\arduino_due_x_dbg\Debug/core.a(USBCore.cpp.o)
                0x000843f0                USBD_SendControl(unsigned char, void const*, unsigned long)
 .text.unlikely._ZL24USB_SendStringDescriptorPKhi
                0x00084430       0x64 C:\Users\longn\AppData\Local\Temp\VMBuilds\AWS\arduino_due_x_dbg\Debug/core.a(USBCore.cpp.o)
 .text._Z16USBD_RecvControlPvm
                0x00084494       0x1c C:\Users\longn\AppData\Local\Temp\VMBuilds\AWS\arduino_due_x_dbg\Debug/core.a(USBCore.cpp.o)
                0x00084494                USBD_RecvControl(void*, unsigned long)
 .text._Z26USBD_ClassInterfaceRequestR8USBSetup
                0x000844b0       0x1e C:\Users\longn\AppData\Local\Temp\VMBuilds\AWS\arduino_due_x_dbg\Debug/core.a(USBCore.cpp.o)
                0x000844b0                USBD_ClassInterfaceRequest(USBSetup&)
 .text._Z19USBD_SendInterfacesv
                0x000844ce       0x22 C:\Users\longn\AppData\Local\Temp\VMBuilds\AWS\arduino_due_x_dbg\Debug/core.a(USBCore.cpp.o)
                0x000844ce                USBD_SendInterfaces()
 .text._Z24USBD_SendOtherInterfacesv
                0x000844f0       0x22 C:\Users\longn\AppData\Local\Temp\VMBuilds\AWS\arduino_due_x_dbg\Debug/core.a(USBCore.cpp.o)
                0x000844f0                USBD_SendOtherInterfaces()
 .text._Z10USBD_Flushm
                0x00084512       0x16 C:\Users\longn\AppData\Local\Temp\VMBuilds\AWS\arduino_due_x_dbg\Debug/core.a(USBCore.cpp.o)
                0x00084512                USBD_Flush(unsigned long)
 .text._ZN10USBDevice_C2Ev
                0x00084528       0x24 C:\Users\longn\AppData\Local\Temp\VMBuilds\AWS\arduino_due_x_dbg\Debug/core.a(USBCore.cpp.o)
                0x00084528                USBDevice_::USBDevice_()
                0x00084528                USBDevice_::USBDevice_()
 .text._ZN10USBDevice_6attachEv
                0x0008454c       0x20 C:\Users\longn\AppData\Local\Temp\VMBuilds\AWS\arduino_due_x_dbg\Debug/core.a(USBCore.cpp.o)
                0x0008454c                USBDevice_::attach()
 .text.startup._GLOBAL__sub_I_EndPoints
                0x0008456c        0xc C:\Users\longn\AppData\Local\Temp\VMBuilds\AWS\arduino_due_x_dbg\Debug/core.a(USBCore.cpp.o)
 .text._ZL7USB_ISRv
                0x00084578      0x454 C:\Users\longn\AppData\Local\Temp\VMBuilds\AWS\arduino_due_x_dbg\Debug/core.a(USBCore.cpp.o)
 .text.ltoa     0x000849cc       0x6e C:\Users\longn\AppData\Local\Temp\VMBuilds\AWS\arduino_due_x_dbg\Debug/core.a(itoa.c.o)
                0x000849cc                ltoa
 .text.itoa     0x00084a3a        0x4 C:\Users\longn\AppData\Local\Temp\VMBuilds\AWS\arduino_due_x_dbg\Debug/core.a(itoa.c.o)
                0x00084a3a                itoa
 *fill*         0x00084a3e        0x2 
 .text._ZN7Serial_9availableEv
                0x00084a40       0x18 C:\Users\longn\AppData\Local\Temp\VMBuilds\AWS\arduino_due_x_dbg\Debug/core.a(CDC.cpp.o)
                0x00084a40                Serial_::available()
 .text._ZN7Serial_17availableForWriteEv
                0x00084a58        0x6 C:\Users\longn\AppData\Local\Temp\VMBuilds\AWS\arduino_due_x_dbg\Debug/core.a(CDC.cpp.o)
                0x00084a58                Serial_::availableForWrite()
 *fill*         0x00084a5e        0x2 
 .text._ZN7Serial_4peekEv
                0x00084a60       0x20 C:\Users\longn\AppData\Local\Temp\VMBuilds\AWS\arduino_due_x_dbg\Debug/core.a(CDC.cpp.o)
                0x00084a60                Serial_::peek()
 .text._ZN7Serial_5writeEh
                0x00084a80       0x16 C:\Users\longn\AppData\Local\Temp\VMBuilds\AWS\arduino_due_x_dbg\Debug/core.a(CDC.cpp.o)
                0x00084a80                Serial_::write(unsigned char)
 *fill*         0x00084a96        0x2 
 .text._ZN7Serial_4readEv
                0x00084a98       0x44 C:\Users\longn\AppData\Local\Temp\VMBuilds\AWS\arduino_due_x_dbg\Debug/core.a(CDC.cpp.o)
                0x00084a98                Serial_::read()
 .text._ZN7Serial_5flushEv
                0x00084adc        0x6 C:\Users\longn\AppData\Local\Temp\VMBuilds\AWS\arduino_due_x_dbg\Debug/core.a(CDC.cpp.o)
                0x00084adc                Serial_::flush()
 *fill*         0x00084ae2        0x2 
 .text._ZN7Serial_6acceptEv
                0x00084ae4       0x70 C:\Users\longn\AppData\Local\Temp\VMBuilds\AWS\arduino_due_x_dbg\Debug/core.a(CDC.cpp.o)
                0x00084ae4                Serial_::accept()
 .text._ZN7Serial_5writeEPKhj
                0x00084b54       0x2c C:\Users\longn\AppData\Local\Temp\VMBuilds\AWS\arduino_due_x_dbg\Debug/core.a(CDC.cpp.o)
                0x00084b54                Serial_::write(unsigned char const*, unsigned int)
 .text._Z16CDC_GetInterfacePh
                0x00084b80       0x14 C:\Users\longn\AppData\Local\Temp\VMBuilds\AWS\arduino_due_x_dbg\Debug/core.a(CDC.cpp.o)
                0x00084b80                CDC_GetInterface(unsigned char*)
 .text._Z21CDC_GetOtherInterfacePh
                0x00084b94       0x14 C:\Users\longn\AppData\Local\Temp\VMBuilds\AWS\arduino_due_x_dbg\Debug/core.a(CDC.cpp.o)
                0x00084b94                CDC_GetOtherInterface(unsigned char*)
 .text._Z9CDC_SetupR8USBSetup
                0x00084ba8       0x78 C:\Users\longn\AppData\Local\Temp\VMBuilds\AWS\arduino_due_x_dbg\Debug/core.a(CDC.cpp.o)
                0x00084ba8                CDC_Setup(USBSetup&)
 .text.startup._GLOBAL__sub_I_cdc_rx_buffer
                0x00084c20       0x1c C:\Users\longn\AppData\Local\Temp\VMBuilds\AWS\arduino_due_x_dbg\Debug/core.a(CDC.cpp.o)
 .text._ZN13PluggableUSB_12getInterfaceEPh
                0x00084c3c       0x28 C:\Users\longn\AppData\Local\Temp\VMBuilds\AWS\arduino_due_x_dbg\Debug/core.a(PluggableUSB.cpp.o)
                0x00084c3c                PluggableUSB_::getInterface(unsigned char*)
 .text._ZN13PluggableUSB_13getDescriptorER8USBSetup
                0x00084c64       0x1c C:\Users\longn\AppData\Local\Temp\VMBuilds\AWS\arduino_due_x_dbg\Debug/core.a(PluggableUSB.cpp.o)
                0x00084c64                PluggableUSB_::getDescriptor(USBSetup&)
 .text._ZN13PluggableUSB_12getShortNameEPc
                0x00084c80       0x1c C:\Users\longn\AppData\Local\Temp\VMBuilds\AWS\arduino_due_x_dbg\Debug/core.a(PluggableUSB.cpp.o)
                0x00084c80                PluggableUSB_::getShortName(char*)
 .text._ZN13PluggableUSB_5setupER8USBSetup
                0x00084c9c       0x20 C:\Users\longn\AppData\Local\Temp\VMBuilds\AWS\arduino_due_x_dbg\Debug/core.a(PluggableUSB.cpp.o)
                0x00084c9c                PluggableUSB_::setup(USBSetup&)
 .text._Z12PluggableUSBv
                0x00084cbc       0x28 C:\Users\longn\AppData\Local\Temp\VMBuilds\AWS\arduino_due_x_dbg\Debug/core.a(PluggableUSB.cpp.o)
                0x00084cbc                PluggableUSB()
 .text.TimeTick_Increment
                0x00084ce4       0x10 C:\Users\longn\AppData\Local\arduino15\packages\arduino\hardware\sam\1.6.11\variants\arduino_due_x/libsam_sam3x8e_gcc_rel.a(timetick.o)
                0x00084ce4                TimeTick_Increment
 .text.GetTickCount
                0x00084cf4        0xc C:\Users\longn\AppData\Local\arduino15\packages\arduino\hardware\sam\1.6.11\variants\arduino_due_x/libsam_sam3x8e_gcc_rel.a(timetick.o)
                0x00084cf4                GetTickCount
 .text.WDT_Disable
                0x00084d00        0x8 C:\Users\longn\AppData\Local\arduino15\packages\arduino\hardware\sam\1.6.11\variants\arduino_due_x/libsam_sam3x8e_gcc_rel.a(wdt.o)
                0x00084d00                WDT_Disable
 .text.UDD_SetStack
                0x00084d08        0xc C:\Users\longn\AppData\Local\arduino15\packages\arduino\hardware\sam\1.6.11\variants\arduino_due_x/libsam_sam3x8e_gcc_rel.a(uotghs_device.o)
                0x00084d08                UDD_SetStack
 .text.UDD_Init
                0x00084d14       0xd0 C:\Users\longn\AppData\Local\arduino15\packages\arduino\hardware\sam\1.6.11\variants\arduino_due_x/libsam_sam3x8e_gcc_rel.a(uotghs_device.o)
                0x00084d14                UDD_Init
 .text.UDD_Attach
                0x00084de4       0x50 C:\Users\longn\AppData\Local\arduino15\packages\arduino\hardware\sam\1.6.11\variants\arduino_due_x/libsam_sam3x8e_gcc_rel.a(uotghs_device.o)
                0x00084de4                UDD_Attach
 .text.UDD_InitEP
                0x00084e34       0x2c C:\Users\longn\AppData\Local\arduino15\packages\arduino\hardware\sam\1.6.11\variants\arduino_due_x/libsam_sam3x8e_gcc_rel.a(uotghs_device.o)
                0x00084e34                UDD_InitEP
 .text.UDD_InitEndpoints
                0x00084e60       0x3c C:\Users\longn\AppData\Local\arduino15\packages\arduino\hardware\sam\1.6.11\variants\arduino_due_x/libsam_sam3x8e_gcc_rel.a(uotghs_device.o)
                0x00084e60                UDD_InitEndpoints
 .text.UDD_WaitIN
                0x00084e9c       0x10 C:\Users\longn\AppData\Local\arduino15\packages\arduino\hardware\sam\1.6.11\variants\arduino_due_x/libsam_sam3x8e_gcc_rel.a(uotghs_device.o)
                0x00084e9c                UDD_WaitIN
 .text.UDD_WaitOUT
                0x00084eac       0x10 C:\Users\longn\AppData\Local\arduino15\packages\arduino\hardware\sam\1.6.11\variants\arduino_due_x/libsam_sam3x8e_gcc_rel.a(uotghs_device.o)
                0x00084eac                UDD_WaitOUT
 .text.UDD_ClearIN
                0x00084ebc       0x18 C:\Users\longn\AppData\Local\arduino15\packages\arduino\hardware\sam\1.6.11\variants\arduino_due_x/libsam_sam3x8e_gcc_rel.a(uotghs_device.o)
                0x00084ebc                UDD_ClearIN
 .text.UDD_ClearOUT
                0x00084ed4       0x18 C:\Users\longn\AppData\Local\arduino15\packages\arduino\hardware\sam\1.6.11\variants\arduino_due_x/libsam_sam3x8e_gcc_rel.a(uotghs_device.o)
                0x00084ed4                UDD_ClearOUT
 .text.UDD_ReceivedSetupInt
                0x00084eec       0x10 C:\Users\longn\AppData\Local\arduino15\packages\arduino\hardware\sam\1.6.11\variants\arduino_due_x/libsam_sam3x8e_gcc_rel.a(uotghs_device.o)
                0x00084eec                UDD_ReceivedSetupInt
 .text.UDD_ClearSetupInt
                0x00084efc       0x10 C:\Users\longn\AppData\Local\arduino15\packages\arduino\hardware\sam\1.6.11\variants\arduino_due_x/libsam_sam3x8e_gcc_rel.a(uotghs_device.o)
                0x00084efc                UDD_ClearSetupInt
 .text.UDD_Send
                0x00084f0c       0x88 C:\Users\longn\AppData\Local\arduino15\packages\arduino\hardware\sam\1.6.11\variants\arduino_due_x/libsam_sam3x8e_gcc_rel.a(uotghs_device.o)
                0x00084f0c                UDD_Send
 .text.UDD_Send8
                0x00084f94       0x24 C:\Users\longn\AppData\Local\arduino15\packages\arduino\hardware\sam\1.6.11\variants\arduino_due_x/libsam_sam3x8e_gcc_rel.a(uotghs_device.o)
                0x00084f94                UDD_Send8
 .text.UDD_Recv8
                0x00084fb8       0x28 C:\Users\longn\AppData\Local\arduino15\packages\arduino\hardware\sam\1.6.11\variants\arduino_due_x/libsam_sam3x8e_gcc_rel.a(uotghs_device.o)
                0x00084fb8                UDD_Recv8
 .text.UDD_Recv
                0x00084fe0       0x34 C:\Users\longn\AppData\Local\arduino15\packages\arduino\hardware\sam\1.6.11\variants\arduino_due_x/libsam_sam3x8e_gcc_rel.a(uotghs_device.o)
                0x00084fe0                UDD_Recv
 .text.UDD_Stall
                0x00085014       0x14 C:\Users\longn\AppData\Local\arduino15\packages\arduino\hardware\sam\1.6.11\variants\arduino_due_x/libsam_sam3x8e_gcc_rel.a(uotghs_device.o)
                0x00085014                UDD_Stall
 .text.UDD_FifoByteCount
                0x00085028       0x14 C:\Users\longn\AppData\Local\arduino15\packages\arduino\hardware\sam\1.6.11\variants\arduino_due_x/libsam_sam3x8e_gcc_rel.a(uotghs_device.o)
                0x00085028                UDD_FifoByteCount
 .text.UDD_ReleaseRX
                0x0008503c       0x28 C:\Users\longn\AppData\Local\arduino15\packages\arduino\hardware\sam\1.6.11\variants\arduino_due_x/libsam_sam3x8e_gcc_rel.a(uotghs_device.o)
                0x0008503c                UDD_ReleaseRX
 .text.UDD_ReleaseTX
                0x00085064       0x28 C:\Users\longn\AppData\Local\arduino15\packages\arduino\hardware\sam\1.6.11\variants\arduino_due_x/libsam_sam3x8e_gcc_rel.a(uotghs_device.o)
                0x00085064                UDD_ReleaseTX
 .text.UDD_SetAddress
                0x0008508c       0x20 C:\Users\longn\AppData\Local\arduino15\packages\arduino\hardware\sam\1.6.11\variants\arduino_due_x/libsam_sam3x8e_gcc_rel.a(uotghs_device.o)
                0x0008508c                UDD_SetAddress
 .text.__fpclassifyd