Archive member included because of file (symbol)

C:\Users\longn\AppData\Local\arduino15\packages\arduino\hardware\sam\1.6.11\variants\arduino_due_x/libsam_sam3x8e_gcc_rel.a(pio.o)
                              C:\Users\longn\AppData\Local\Temp\VMBuilds\NRF\arduino_due_x_dbg\Debug\SPI\SPI.cpp.o (PIO_Configure)
C:\Users\longn\AppData\Local\arduino15\packages\arduino\hardware\sam\1.6.11\variants\arduino_due_x/libsam_sam3x8e_gcc_rel.a(pmc.o)
                              C:\Users\longn\AppData\Local\Temp\VMBCore\arduino16x\cf9e7b3eb74b68aff82b6e1d6e6ef271\variant\variant.cpp.o (pmc_enable_periph_clk)
C:\Users\longn\AppData\Local\arduino15\packages\arduino\hardware\sam\1.6.11\variants\arduino_due_x/libsam_sam3x8e_gcc_rel.a(spi.o)
                              C:\Users\longn\AppData\Local\Temp\VMBuilds\NRF\arduino_due_x_dbg\Debug\SPI\SPI.cpp.o (SPI_Enable)
C:\Users\longn\AppData\Local\arduino15\packages\arduino\hardware\sam\1.6.11\variants\arduino_due_x/libsam_sam3x8e_gcc_rel.a(system_sam3xa.o)
                              C:\Users\longn\AppData\Local\Temp\VMBCore\arduino16x\cf9e7b3eb74b68aff82b6e1d6e6ef271\variant\variant.cpp.o (SystemInit)
C:\Users\longn\AppData\Local\arduino15\packages\arduino\hardware\sam\1.6.11\variants\arduino_due_x/libsam_sam3x8e_gcc_rel.a(startup_sam3xa.o)
                              (Reset_Handler)
C:\Users\longn\AppData\Local\arduino15\packages\arduino\hardware\sam\1.6.11\variants\arduino_due_x/libsam_sam3x8e_gcc_rel.a(adc.o)
                              C:\Users\longn\AppData\Local\Temp\VMBCore\arduino16x\cf9e7b3eb74b68aff82b6e1d6e6ef271\variant\variant.cpp.o (adc_init)
C:\Users\longn\AppData\Local\arduino15\packages\arduino\hardware\sam\1.6.11\variants\arduino_due_x/libsam_sam3x8e_gcc_rel.a(uotghs.o)
                              C:\Users\longn\AppData\Local\arduino15\packages\arduino\hardware\sam\1.6.11\variants\arduino_due_x/libsam_sam3x8e_gcc_rel.a(startup_sam3xa.o) (UOTGHS_Handler)
C:\Users\longn\AppData\Local\Temp\VMBuilds\NRF\arduino_due_x_dbg\Debug/core.a(cortex_handlers.c.o)
                              C:\Users\longn\AppData\Local\arduino15\packages\arduino\hardware\sam\1.6.11\variants\arduino_due_x/libsam_sam3x8e_gcc_rel.a(startup_sam3xa.o) (NMI_Handler)
C:\Users\longn\AppData\Local\Temp\VMBuilds\NRF\arduino_due_x_dbg\Debug/core.a(hooks.c.o)
                              C:\Users\longn\AppData\Local\Temp\VMBuilds\NRF\arduino_due_x_dbg\Debug/core.a(cortex_handlers.c.o) (sysTickHook)
C:\Users\longn\AppData\Local\Temp\VMBuilds\NRF\arduino_due_x_dbg\Debug/core.a(syscalls_sam3.c.o)
                              (_sbrk)
C:\Users\longn\AppData\Local\Temp\VMBuilds\NRF\arduino_due_x_dbg\Debug/core.a(wiring.c.o)
                              C:\Users\longn\AppData\Local\Temp\VMBuilds\NRF\arduino_due_x_dbg\Debug\NRF.cpp.o (millis)
C:\Users\longn\AppData\Local\Temp\VMBuilds\NRF\arduino_due_x_dbg\Debug/core.a(wiring_analog.c.o)
                              C:\Users\longn\AppData\Local\Temp\VMBCore\arduino16x\cf9e7b3eb74b68aff82b6e1d6e6ef271\variant\variant.cpp.o (analogOutputInit)
C:\Users\longn\AppData\Local\Temp\VMBuilds\NRF\arduino_due_x_dbg\Debug/core.a(wiring_digital.c.o)
                              C:\Users\longn\AppData\Local\Temp\VMBuilds\NRF\arduino_due_x_dbg\Debug\SPI\SPI.cpp.o (pinMode)
C:\Users\longn\AppData\Local\Temp\VMBuilds\NRF\arduino_due_x_dbg\Debug/core.a(main.cpp.o)
                              c:/users/longn/appdata/local/arduino15/packages/arduino/tools/arm-none-eabi-gcc/4.8.3-2014q1/bin/../lib/gcc/arm-none-eabi/4.8.3/../../../../arm-none-eabi/lib/armv7-m/crt0.o (main)
C:\Users\longn\AppData\Local\Temp\VMBuilds\NRF\arduino_due_x_dbg\Debug/core.a(Print.cpp.o)
                              C:\Users\longn\AppData\Local\Temp\VMBuilds\NRF\arduino_due_x_dbg\Debug\NRF.cpp.o (Print::print(char const*))
C:\Users\longn\AppData\Local\Temp\VMBuilds\NRF\arduino_due_x_dbg\Debug/core.a(Reset.cpp.o)
                              C:\Users\longn\AppData\Local\Temp\VMBuilds\NRF\arduino_due_x_dbg\Debug/core.a(cortex_handlers.c.o) (tickReset)
C:\Users\longn\AppData\Local\Temp\VMBuilds\NRF\arduino_due_x_dbg\Debug/core.a(RingBuffer.cpp.o)
                              C:\Users\longn\AppData\Local\Temp\VMBCore\arduino16x\cf9e7b3eb74b68aff82b6e1d6e6ef271\variant\variant.cpp.o (RingBuffer::RingBuffer())
C:\Users\longn\AppData\Local\Temp\VMBuilds\NRF\arduino_due_x_dbg\Debug/core.a(UARTClass.cpp.o)
                              C:\Users\longn\AppData\Local\Temp\VMBCore\arduino16x\cf9e7b3eb74b68aff82b6e1d6e6ef271\variant\variant.cpp.o (UARTClass::available())
C:\Users\longn\AppData\Local\Temp\VMBuilds\NRF\arduino_due_x_dbg\Debug/core.a(USARTClass.cpp.o)
                              C:\Users\longn\AppData\Local\Temp\VMBCore\arduino16x\cf9e7b3eb74b68aff82b6e1d6e6ef271\variant\variant.cpp.o (USARTClass::USARTClass(Usart*, IRQn, unsigned long, RingBuffer*, RingBuffer*))
[...]
Memory Configuration

Name             Origin             Length             Attributes
rom              0x00080000         0x00080000         xr
sram0            0x20000000         0x00010000         xrw
sram1            0x20080000         0x00008000         xrw
ram              0x20070000         0x00018000         xrw
*default*        0x00000000         0xffffffff

Linker script and memory map

LOAD c:/users/longn/appdata/local/arduino15/packages/arduino/tools/arm-none-eabi-gcc/4.8.3-2014q1/bin/../lib/gcc/arm-none-eabi/4.8.3/armv7-m/crti.o
LOAD c:/users/longn/appdata/local/arduino15/packages/arduino/tools/arm-none-eabi-gcc/4.8.3-2014q1/bin/../lib/gcc/arm-none-eabi/4.8.3/armv7-m/crtbegin.o
LOAD c:/users/longn/appdata/local/arduino15/packages/arduino/tools/arm-none-eabi-gcc/4.8.3-2014q1/bin/../lib/gcc/arm-none-eabi/4.8.3/../../../../arm-none-eabi/lib/armv7-m/crt0.o
START GROUP
LOAD C:\Users\longn\AppData\Local\Temp\VMBuilds\NRF\arduino_due_x_dbg\Debug\NRF.cpp.o
LOAD C:\Users\longn\AppData\Local\Temp\VMBuilds\NRF\arduino_due_x_dbg\Debug\SPI\SPI.cpp.o
LOAD C:\Users\longn\AppData\Local\Temp\VMBuilds\NRF\arduino_due_x_dbg\Debug\RF24-master\RF24.cpp.o
LOAD C:\Users\longn\AppData\Local\Temp\VMBuilds\NRF\arduino_due_x_dbg\Debug\VM_DBG\VM_DBG.cpp.o
LOAD C:\Users\longn\AppData\Local\Temp\VMBuilds\NRF\arduino_due_x_dbg\Debug\VM_DBG\VM_mem_check_sam.cpp.o
LOAD C:\Users\longn\AppData\Local\Temp\VMBCore\arduino16x\cf9e7b3eb74b68aff82b6e1d6e6ef271\variant\variant.cpp.o
LOAD C:\Users\longn\AppData\Local\arduino15\packages\arduino\hardware\sam\1.6.11\variants\arduino_due_x/libsam_sam3x8e_gcc_rel.a
LOAD C:\Users\longn\AppData\Local\Temp\VMBuilds\NRF\arduino_due_x_dbg\Debug/core.a
END GROUP
LOAD c:/users/longn/appdata/local/arduino15/packages/arduino/tools/arm-none-eabi-gcc/4.8.3-2014q1/bin/../lib/gcc/arm-none-eabi/4.8.3/../../../../arm-none-eabi/lib/armv7-m\libm.a
START GROUP
LOAD c:/users/longn/appdata/local/arduino15/packages/arduino/tools/arm-none-eabi-gcc/4.8.3-2014q1/bin/../lib/gcc/arm-none-eabi/4.8.3/armv7-m\libgcc.a
LOAD c:/users/longn/appdata/local/arduino15/packages/arduino/tools/arm-none-eabi-gcc/4.8.3-2014q1/bin/../lib/gcc/arm-none-eabi/4.8.3/../../../../arm-none-eabi/lib/armv7-m\libg.a
LOAD c:/users/longn/appdata/local/arduino15/packages/arduino/tools/arm-none-eabi-gcc/4.8.3-2014q1/bin/../lib/gcc/arm-none-eabi/4.8.3/../../../../arm-none-eabi/lib/armv7-m\libc.a
END GROUP
LOAD c:/users/longn/appdata/local/arduino15/packages/arduino/tools/arm-none-eabi-gcc/4.8.3-2014q1/bin/../lib/gcc/arm-none-eabi/4.8.3/armv7-m/crtend.o
LOAD c:/users/longn/appdata/local/arduino15/packages/arduino/tools/arm-none-eabi-gcc/4.8.3-2014q1/bin/../lib/gcc/arm-none-eabi/4.8.3/armv7-m/crtn.o

.text           0x00080000     0x6050
                0x00080000                . = ALIGN (0x4)
                0x00080000                _sfixed = .
 *(.vectors .vectors.*)
 .vectors       0x00080000       0xf4 C:\Users\longn\AppData\Local\arduino15\packages\arduino\hardware\sam\1.6.11\variants\arduino_due_x/libsam_sam3x8e_gcc_rel.a(startup_sam3xa.o)
                0x00080000                exception_table
 *(.text .text.* .gnu.linkonce.t.*)
 .text          0x000800f4       0x54 c:/users/longn/appdata/local/arduino15/packages/arduino/tools/arm-none-eabi-gcc/4.8.3-2014q1/bin/../lib/gcc/arm-none-eabi/4.8.3/armv7-m/crtbegin.o
 .text.setup    0x00080148       0x78 C:\Users\longn\AppData\Local\Temp\VMBuilds\NRF\arduino_due_x_dbg\Debug\NRF.cpp.o
                0x00080148                setup
 .text.loop     0x000801c0       0xc0 C:\Users\longn\AppData\Local\Temp\VMBuilds\NRF\arduino_due_x_dbg\Debug\NRF.cpp.o
                0x000801c0                loop
 .text.startup._GLOBAL__sub_I___VisualMicro_DEBUG_1_HITCOUNTER__
                0x00080280       0x10 C:\Users\longn\AppData\Local\Temp\VMBuilds\NRF\arduino_due_x_dbg\Debug\NRF.cpp.o
 .text._ZL10SPI_0_Initv
                0x00080290       0x48 C:\Users\longn\AppData\Local\Temp\VMBuilds\NRF\arduino_due_x_dbg\Debug\SPI\SPI.cpp.o
 .text._ZN8SPIClass4initEv
                0x000802d8       0x36 C:\Users\longn\AppData\Local\Temp\VMBuilds\NRF\arduino_due_x_dbg\Debug\SPI\SPI.cpp.o
                0x000802d8                SPIClass::init()
 .text._ZN8SPIClass11setBitOrderEh8BitOrder
                0x0008030e       0x1e C:\Users\longn\AppData\Local\Temp\VMBuilds\NRF\arduino_due_x_dbg\Debug\SPI\SPI.cpp.o
                0x0008030e                SPIClass::setBitOrder(unsigned char, BitOrder)
 .text._ZN8SPIClass11setDataModeEhh
                0x0008032c       0x34 C:\Users\longn\AppData\Local\Temp\VMBuilds\NRF\arduino_due_x_dbg\Debug\SPI\SPI.cpp.o
                0x0008032c                SPIClass::setDataMode(unsigned char, unsigned char)
 .text._ZN8SPIClass15setClockDividerEhh
                0x00080360       0x2e C:\Users\longn\AppData\Local\Temp\VMBuilds\NRF\arduino_due_x_dbg\Debug\SPI\SPI.cpp.o
                0x00080360                SPIClass::setClockDivider(unsigned char, unsigned char)
 .text._ZN8SPIClass5beginEv
                0x0008038e       0x22 C:\Users\longn\AppData\Local\Temp\VMBuilds\NRF\arduino_due_x_dbg\Debug\SPI\SPI.cpp.o
                0x0008038e                SPIClass::begin()
 .text._ZN8SPIClass8transferEhh15SPITransferMode
                0x000803b0       0x5e C:\Users\longn\AppData\Local\Temp\VMBuilds\NRF\arduino_due_x_dbg\Debug\SPI\SPI.cpp.o
                0x000803b0                SPIClass::transfer(unsigned char, unsigned char, SPITransferMode)
 *fill*         0x0008040e        0x2 
 .text.startup._GLOBAL__sub_I__ZN8SPIClassC2EP3SpimPFvvE
                0x00080410       0x24 C:\Users\longn\AppData\Local\Temp\VMBuilds\NRF\arduino_due_x_dbg\Debug\SPI\SPI.cpp.o
 .text._ZN8SPIClass8transferEh15SPITransferMode
                0x00080434       0x12 C:\Users\longn\AppData\Local\Temp\VMBuilds\NRF\arduino_due_x_dbg\Debug\RF24-master\RF24.cpp.o
                0x00080434                SPIClass::transfer(unsigned char, SPITransferMode)
 *fill*         0x00080446        0x2 
 .text._ZN4RF243csnEb
                0x00080448       0x40 C:\Users\longn\AppData\Local\Temp\VMBuilds\NRF\arduino_due_x_dbg\Debug\RF24-master\RF24.cpp.o
                0x00080448                RF24::csn(bool)
 .text._ZN4RF242ceEb
                0x00080488       0x10 C:\Users\longn\AppData\Local\Temp\VMBuilds\NRF\arduino_due_x_dbg\Debug\RF24-master\RF24.cpp.o
                0x00080488                RF24::ce(bool)
 .text._ZN4RF2416beginTransactionEv
                0x00080498        0x6 C:\Users\longn\AppData\Local\Temp\VMBuilds\NRF\arduino_due_x_dbg\Debug\RF24-master\RF24.cpp.o
                0x00080498                RF24::beginTransaction()
 .text._ZN4RF2414endTransactionEv
                0x0008049e        0x6 C:\Users\longn\AppData\Local\Temp\VMBuilds\NRF\arduino_due_x_dbg\Debug\RF24-master\RF24.cpp.o
                0x0008049e                RF24::endTransaction()
 .text._ZN4RF2413read_registerEh
                0x000804a4       0x34 C:\Users\longn\AppData\Local\Temp\VMBuilds\NRF\arduino_due_x_dbg\Debug\RF24-master\RF24.cpp.o
                0x000804a4                RF24::read_register(unsigned char)
 .text._ZN4RF2414write_registerEhPKhh
                0x000804d8       0x4c C:\Users\longn\AppData\Local\Temp\VMBuilds\NRF\arduino_due_x_dbg\Debug\RF24-master\RF24.cpp.o
                0x000804d8                RF24::write_register(unsigned char, unsigned char const*, unsigned char)
 .text._ZN4RF2414write_registerEhh
                0x00080524       0x38 C:\Users\longn\AppData\Local\Temp\VMBuilds\NRF\arduino_due_x_dbg\Debug\RF24-master\RF24.cpp.o
                0x00080524                RF24::write_register(unsigned char, unsigned char)
 .text._ZN4RF2413write_payloadEPKvhh
                0x0008055c       0x70 C:\Users\longn\AppData\Local\Temp\VMBuilds\NRF\arduino_due_x_dbg\Debug\RF24-master\RF24.cpp.o
                0x0008055c                RF24::write_payload(void const*, unsigned char, unsigned char)
 .text._ZN4RF248spiTransEh
                0x000805cc       0x24 C:\Users\longn\AppData\Local\Temp\VMBuilds\NRF\arduino_due_x_dbg\Debug\RF24-master\RF24.cpp.o
                0x000805cc                RF24::spiTrans(unsigned char)
 .text._ZN4RF248flush_rxEv
                0x000805f0        0x6 C:\Users\longn\AppData\Local\Temp\VMBuilds\NRF\arduino_due_x_dbg\Debug\RF24-master\RF24.cpp.o
                0x000805f0                RF24::flush_rx()
 .text._ZN4RF248flush_txEv
                0x000805f6        0x6 C:\Users\longn\AppData\Local\Temp\VMBuilds\NRF\arduino_due_x_dbg\Debug\RF24-master\RF24.cpp.o
                0x000805f6                RF24::flush_tx()
 .text._ZN4RF2410get_statusEv
                0x000805fc        0x6 C:\Users\longn\AppData\Local\Temp\VMBuilds\NRF\arduino_due_x_dbg\Debug\RF24-master\RF24.cpp.o
                0x000805fc                RF24::get_status()
 .text._ZN4RF24C2Ett
                0x00080602       0x18 C:\Users\longn\AppData\Local\Temp\VMBuilds\NRF\arduino_due_x_dbg\Debug\RF24-master\RF24.cpp.o
                0x00080602                RF24::RF24(unsigned short, unsigned short)
                0x00080602                RF24::RF24(unsigned short, unsigned short)
 .text._ZN4RF2410setChannelEh
                0x0008061a        0xe C:\Users\longn\AppData\Local\Temp\VMBuilds\NRF\arduino_due_x_dbg\Debug\RF24-master\RF24.cpp.o
                0x0008061a                RF24::setChannel(unsigned char)
 .text._ZN4RF2413stopListeningEv
                0x00080628       0x66 C:\Users\longn\AppData\Local\Temp\VMBuilds\NRF\arduino_due_x_dbg\Debug\RF24-master\RF24.cpp.o
                0x00080628                RF24::stopListening()
 .text._ZN4RF247powerUpEv
                0x0008068e       0x2c C:\Users\longn\AppData\Local\Temp\VMBuilds\NRF\arduino_due_x_dbg\Debug\RF24-master\RF24.cpp.o
                0x0008068e                RF24::powerUp()
 .text._ZN4RF2414startFastWriteEPKvhbb
                0x000806ba       0x24 C:\Users\longn\AppData\Local\Temp\VMBuilds\NRF\arduino_due_x_dbg\Debug\RF24-master\RF24.cpp.o
                0x000806ba                RF24::startFastWrite(void const*, unsigned char, bool, bool)
 .text._ZN4RF245writeEPKvhb
                0x000806de       0x3e C:\Users\longn\AppData\Local\Temp\VMBuilds\NRF\arduino_due_x_dbg\Debug\RF24-master\RF24.cpp.o
                0x000806de                RF24::write(void const*, unsigned char, bool)
 .text._ZN4RF245writeEPKvh
                0x0008071c        0x6 C:\Users\longn\AppData\Local\Temp\VMBuilds\NRF\arduino_due_x_dbg\Debug\RF24-master\RF24.cpp.o
                0x0008071c                RF24::write(void const*, unsigned char)
 .text._ZN4RF2415openWritingPipeEPKh
                0x00080722       0x2a C:\Users\longn\AppData\Local\Temp\VMBuilds\NRF\arduino_due_x_dbg\Debug\RF24-master\RF24.cpp.o
                0x00080722                RF24::openWritingPipe(unsigned char const*)
 .text._ZN4RF2415toggle_featuresEv
                0x0008074c       0x2c C:\Users\longn\AppData\Local\Temp\VMBuilds\NRF\arduino_due_x_dbg\Debug\RF24-master\RF24.cpp.o
                0x0008074c                RF24::toggle_features()
 .text._ZN4RF2410setPALevelEh
                0x00080778       0x2e C:\Users\longn\AppData\Local\Temp\VMBuilds\NRF\arduino_due_x_dbg\Debug\RF24-master\RF24.cpp.o
                0x00080778                RF24::setPALevel(unsigned char)
 .text._ZN4RF2411setDataRateE15rf24_datarate_e
                0x000807a6       0x46 C:\Users\longn\AppData\Local\Temp\VMBuilds\NRF\arduino_due_x_dbg\Debug\RF24-master\RF24.cpp.o
                0x000807a6                RF24::setDataRate(rf24_datarate_e)
 .text._ZN4RF245beginEv
                0x000807ec       0xd8 C:\Users\longn\AppData\Local\Temp\VMBuilds\NRF\arduino_due_x_dbg\Debug\RF24-master\RF24.cpp.o
                0x000807ec                RF24::begin()
 .text._ZN16VisualMicroDebug16DBG_YieldAndWaitEmb
                0x000808c4       0x1a C:\Users\longn\AppData\Local\Temp\VMBuilds\NRF\arduino_due_x_dbg\Debug\VM_DBG\VM_DBG.cpp.o
                0x000808c4                VisualMicroDebug::DBG_YieldAndWait(unsigned long, bool)
 .text._ZN16VisualMicroDebug16DBG_YieldAndWaitEm
                0x000808de        0x6 C:\Users\longn\AppData\Local\Temp\VMBuilds\NRF\arduino_due_x_dbg\Debug\VM_DBG\VM_DBG.cpp.o
                0x000808de                VisualMicroDebug::DBG_YieldAndWait(unsigned long)
 .text._ZN16VisualMicroDebug10DBG_MillisEv
                0x000808e4        0x4 C:\Users\longn\AppData\Local\Temp\VMBuilds\NRF\arduino_due_x_dbg\Debug\VM_DBG\VM_DBG.cpp.o
                0x000808e4                VisualMicroDebug::DBG_Millis()
 .text._ZN16VisualMicroDebug17OnBreakPointBeginEm
                0x000808e8       0x16 C:\Users\longn\AppData\Local\Temp\VMBuilds\NRF\arduino_due_x_dbg\Debug\VM_DBG\VM_DBG.cpp.o
                0x000808e8                VisualMicroDebug::OnBreakPointBegin(unsigned long)
 *fill*         0x000808fe        0x2 
 .text._ZN16VisualMicroDebug22OnBreakPointPrintBeginEh
                0x00080900       0x6c C:\Users\longn\AppData\Local\Temp\VMBuilds\NRF\arduino_due_x_dbg\Debug\VM_DBG\VM_DBG.cpp.o
                0x00080900                VisualMicroDebug::OnBreakPointPrintBegin(unsigned char)
 .text._ZN16VisualMicroDebug20OnBreakPointPrintEndEv
                0x0008096c        0xc C:\Users\longn\AppData\Local\Temp\VMBuilds\NRF\arduino_due_x_dbg\Debug\VM_DBG\VM_DBG.cpp.o
                0x0008096c                VisualMicroDebug::OnBreakPointPrintEnd()
 .text._ZN16VisualMicroDebug15OnBreakPointEndEv
                0x00080978        0xc C:\Users\longn\AppData\Local\Temp\VMBuilds\NRF\arduino_due_x_dbg\Debug\VM_DBG\VM_DBG.cpp.o
                0x00080978                VisualMicroDebug::OnBreakPointEnd()
 .text._ZN16VisualMicroDebug14outPacketStartEb
                0x00080984       0x28 C:\Users\longn\AppData\Local\Temp\VMBuilds\NRF\arduino_due_x_dbg\Debug\VM_DBG\VM_DBG.cpp.o
                0x00080984                VisualMicroDebug::outPacketStart(bool)
 .text._ZN16VisualMicroDebug12outPacketEndEv
                0x000809ac        0x2 C:\Users\longn\AppData\Local\Temp\VMBuilds\NRF\arduino_due_x_dbg\Debug\VM_DBG\VM_DBG.cpp.o
                0x000809ac                VisualMicroDebug::outPacketEnd()
 .text._ZN16VisualMicroDebug4initEm
                0x000809ae        0xe C:\Users\longn\AppData\Local\Temp\VMBuilds\NRF\arduino_due_x_dbg\Debug\VM_DBG\VM_DBG.cpp.o
                0x000809ae                VisualMicroDebug::init(unsigned long)
 .text._ZN16VisualMicroDebug5beginEP9UARTClassm
                0x000809bc       0x10 C:\Users\longn\AppData\Local\Temp\VMBuilds\NRF\arduino_due_x_dbg\Debug\VM_DBG\VM_DBG.cpp.o
                0x000809bc                VisualMicroDebug::begin(UARTClass*, unsigned long)
 .text._ZN16VisualMicroDebug4readEv
                0x000809cc        0xe C:\Users\longn\AppData\Local\Temp\VMBuilds\NRF\arduino_due_x_dbg\Debug\VM_DBG\VM_DBG.cpp.o
                0x000809cc                VisualMicroDebug::read()
 .text._ZN16VisualMicroDebug9availableEv
                0x000809da        0xe C:\Users\longn\AppData\Local\Temp\VMBuilds\NRF\arduino_due_x_dbg\Debug\VM_DBG\VM_DBG.cpp.o
                0x000809da                VisualMicroDebug::available()
 .text._ZN16VisualMicroDebug16sendContinuedACKEh
                0x000809e8       0x3c C:\Users\longn\AppData\Local\Temp\VMBuilds\NRF\arduino_due_x_dbg\Debug\VM_DBG\VM_DBG.cpp.o
                0x000809e8                VisualMicroDebug::sendContinuedACK(unsigned char)
 .text._ZN16VisualMicroDebug9breakWaitEh
                0x00080a24       0x54 C:\Users\longn\AppData\Local\Temp\VMBuilds\NRF\arduino_due_x_dbg\Debug\VM_DBG\VM_DBG.cpp.o
                0x00080a24                VisualMicroDebug::breakWait(unsigned char)
 .text._ZN16VisualMicroDebug5startEbb
                0x00080a78       0x26 C:\Users\longn\AppData\Local\Temp\VMBuilds\NRF\arduino_due_x_dbg\Debug\VM_DBG\VM_DBG.cpp.o
                0x00080a78                VisualMicroDebug::start(bool, bool)
 *fill*         0x00080a9e        0x2 
 .text.startup._GLOBAL__sub_I__ZN16VisualMicroDebug16DBG_YieldAndWaitEm
                0x00080aa0       0x14 C:\Users\longn\AppData\Local\Temp\VMBuilds\NRF\arduino_due_x_dbg\Debug\VM_DBG\VM_DBG.cpp.o
 .text._Z11serialEventv
                0x00080ab4        0x2 C:\Users\longn\AppData\Local\Temp\VMBCore\arduino16x\cf9e7b3eb74b68aff82b6e1d6e6ef271\variant\variant.cpp.o
                0x00080ab4                serialEvent()
 *fill*         0x00080ab6        0x2 
 .text.UART_Handler
                0x00080ab8        0xc C:\Users\longn\AppData\Local\Temp\VMBCore\arduino16x\cf9e7b3eb74b68aff82b6e1d6e6ef271\variant\variant.cpp.o
                0x00080ab8                UART_Handler
 .text._Z12serialEvent1v
                0x00080ac4        0x2 C:\Users\longn\AppData\Local\Temp\VMBCore\arduino16x\cf9e7b3eb74b68aff82b6e1d6e6ef271\variant\variant.cpp.o
                0x00080ac4                serialEvent1()
 .text._Z12serialEvent2v
                0x00080ac6        0x2 C:\Users\longn\AppData\Local\Temp\VMBCore\arduino16x\cf9e7b3eb74b68aff82b6e1d6e6ef271\variant\variant.cpp.o
                0x00080ac6                serialEvent2()
 .text._Z12serialEvent3v
                0x00080ac8        0x2 C:\Users\longn\AppData\Local\Temp\VMBCore\arduino16x\cf9e7b3eb74b68aff82b6e1d6e6ef271\variant\variant.cpp.o
                0x00080ac8                serialEvent3()
 *fill*         0x00080aca        0x2 
 .text.USART0_Handler
                0x00080acc        0xc C:\Users\longn\AppData\Local\Temp\VMBCore\arduino16x\cf9e7b3eb74b68aff82b6e1d6e6ef271\variant\variant.cpp.o
                0x00080acc                USART0_Handler
 .text.USART1_Handler
                0x00080ad8        0xc C:\Users\longn\AppData\Local\Temp\VMBCore\arduino16x\cf9e7b3eb74b68aff82b6e1d6e6ef271\variant\variant.cpp.o
                0x00080ad8                USART1_Handler
 .text.USART3_Handler
                0x00080ae4        0xc C:\Users\longn\AppData\Local\Temp\VMBCore\arduino16x\cf9e7b3eb74b68aff82b6e1d6e6ef271\variant\variant.cpp.o
                0x00080ae4                USART3_Handler
 .text.init     0x00080af0      0x128 C:\Users\longn\AppData\Local\Temp\VMBCore\arduino16x\cf9e7b3eb74b68aff82b6e1d6e6ef271\variant\variant.cpp.o
                0x00080af0                init
 .text.startup._GLOBAL__sub_I_g_APinDescription
                0x00080c18       0xd4 C:\Users\longn\AppData\Local\Temp\VMBCore\arduino16x\cf9e7b3eb74b68aff82b6e1d6e6ef271\variant\variant.cpp.o
 .text._Z14serialEventRunv
                0x00080cec       0x44 C:\Users\longn\AppData\Local\Temp\VMBCore\arduino16x\cf9e7b3eb74b68aff82b6e1d6e6ef271\variant\variant.cpp.o
                0x00080cec                serialEventRun()
 .text.PIO_PullUp
                0x00080d30        0xa C:\Users\longn\AppData\Local\arduino15\packages\arduino\hardware\sam\1.6.11\variants\arduino_due_x/libsam_sam3x8e_gcc_rel.a(pio.o)
                0x00080d30                PIO_PullUp
 .text.PIO_SetPeripheral
                0x00080d3a       0x26 C:\Users\longn\AppData\Local\arduino15\packages\arduino\hardware\sam\1.6.11\variants\arduino_due_x/libsam_sam3x8e_gcc_rel.a(pio.o)
                0x00080d3a                PIO_SetPeripheral
 .text.PIO_SetInput
                0x00080d60       0x26 C:\Users\longn\AppData\Local\arduino15\packages\arduino\hardware\sam\1.6.11\variants\arduino_due_x/libsam_sam3x8e_gcc_rel.a(pio.o)
                0x00080d60                PIO_SetInput
 .text.PIO_SetOutput
                0x00080d86       0x24 C:\Users\longn\AppData\Local\arduino15\packages\arduino\hardware\sam\1.6.11\variants\arduino_due_x/libsam_sam3x8e_gcc_rel.a(pio.o)
                0x00080d86                PIO_SetOutput
 *fill*         0x00080daa        0x2 
 .text.PIO_Configure
                0x00080dac       0x64 C:\Users\longn\AppData\Local\arduino15\packages\arduino\hardware\sam\1.6.11\variants\arduino_due_x/libsam_sam3x8e_gcc_rel.a(pio.o)
                0x00080dac                PIO_Configure
 .text.PIO_GetOutputDataStatus
                0x00080e10       0x14 C:\Users\longn\AppData\Local\arduino15\packages\arduino\hardware\sam\1.6.11\variants\arduino_due_x/libsam_sam3x8e_gcc_rel.a(pio.o)
                0x00080e10                PIO_GetOutputDataStatus
 .text.pmc_enable_upll_clock
                0x00080e24       0x14 C:\Users\longn\AppData\Local\arduino15\packages\arduino\hardware\sam\1.6.11\variants\arduino_due_x/libsam_sam3x8e_gcc_rel.a(pmc.o)
                0x00080e24                pmc_enable_upll_clock
 .text.pmc_enable_periph_clk
                0x00080e38       0x44 C:\Users\longn\AppData\Local\arduino15\packages\arduino\hardware\sam\1.6.11\variants\arduino_due_x/libsam_sam3x8e_gcc_rel.a(pmc.o)
                0x00080e38                pmc_enable_periph_clk
 .text.pmc_disable_periph_clk
                0x00080e7c       0x40 C:\Users\longn\AppData\Local\arduino15\packages\arduino\hardware\sam\1.6.11\variants\arduino_due_x/libsam_sam3x8e_gcc_rel.a(pmc.o)
                0x00080e7c                pmc_disable_periph_clk
 .text.pmc_switch_udpck_to_upllck
                0x00080ebc       0x14 C:\Users\longn\AppData\Local\arduino15\packages\arduino\hardware\sam\1.6.11\variants\arduino_due_x/libsam_sam3x8e_gcc_rel.a(pmc.o)
                0x00080ebc                pmc_switch_udpck_to_upllck
 .text.pmc_enable_udpck
                0x00080ed0        0xc C:\Users\longn\AppData\Local\arduino15\packages\arduino\hardware\sam\1.6.11\variants\arduino_due_x/libsam_sam3x8e_gcc_rel.a(pmc.o)
                0x00080ed0                pmc_enable_udpck
 .text.SPI_Enable
                0x00080edc        0x6 C:\Users\longn\AppData\Local\arduino15\packages\arduino\hardware\sam\1.6.11\variants\arduino_due_x/libsam_sam3x8e_gcc_rel.a(spi.o)
                0x00080edc                SPI_Enable
 *fill*         0x00080ee2        0x2 
 .text.SPI_Configure
                0x00080ee4       0x20 C:\Users\longn\AppData\Local\arduino15\packages\arduino\hardware\sam\1.6.11\variants\arduino_due_x/libsam_sam3x8e_gcc_rel.a(spi.o)
                0x00080ee4                SPI_Configure
 .text.SPI_ConfigureNPCS
                0x00080f04        0x8 C:\Users\longn\AppData\Local\arduino15\packages\arduino\hardware\sam\1.6.11\variants\arduino_due_x/libsam_sam3x8e_gcc_rel.a(spi.o)
                0x00080f04                SPI_ConfigureNPCS
 .text.SystemInit
                0x00080f0c       0x88 C:\Users\longn\AppData\Local\arduino15\packages\arduino\hardware\sam\1.6.11\variants\arduino_due_x/libsam_sam3x8e_gcc_rel.a(system_sam3xa.o)
                0x00080f0c                SystemInit
 .text.Reset_Handler
                0x00080f94       0x78 C:\Users\longn\AppData\Local\arduino15\packages\arduino\hardware\sam\1.6.11\variants\arduino_due_x/libsam_sam3x8e_gcc_rel.a(startup_sam3xa.o)
                0x00080f94                Reset_Handler
 .text.adc_init
                0x0008100c       0x98 C:\Users\longn\AppData\Local\arduino15\packages\arduino\hardware\sam\1.6.11\variants\arduino_due_x/libsam_sam3x8e_gcc_rel.a(adc.o)
                0x0008100c                adc_init
 .text.adc_configure_trigger
                0x000810a4        0xe C:\Users\longn\AppData\Local\arduino15\packages\arduino\hardware\sam\1.6.11\variants\arduino_due_x/libsam_sam3x8e_gcc_rel.a(adc.o)
                0x000810a4                adc_configure_trigger
 .text.adc_configure_timing
                0x000810b2       0x1a C:\Users\longn\AppData\Local\arduino15\packages\arduino\hardware\sam\1.6.11\variants\arduino_due_x/libsam_sam3x8e_gcc_rel.a(adc.o)
                0x000810b2                adc_configure_timing
 .text.adc_disable_channel
                0x000810cc        0xa C:\Users\longn\AppData\Local\arduino15\packages\arduino\hardware\sam\1.6.11\variants\arduino_due_x/libsam_sam3x8e_gcc_rel.a(adc.o)
                0x000810cc                adc_disable_channel
 .text.adc_disable_all_channel
                0x000810d6        0x8 C:\Users\longn\AppData\Local\arduino15\packages\arduino\hardware\sam\1.6.11\variants\arduino_due_x/libsam_sam3x8e_gcc_rel.a(adc.o)
                0x000810d6                adc_disable_all_channel
 .text.adc_disable_interrupt
                0x000810de        0x4 C:\Users\longn\AppData\Local\arduino15\packages\arduino\hardware\sam\1.6.11\variants\arduino_due_x/libsam_sam3x8e_gcc_rel.a(adc.o)
                0x000810de                adc_disable_interrupt
 *fill*         0x000810e2        0x2 
 .text.UOTGHS_Handler
                0x000810e4       0x10 C:\Users\longn\AppData\Local\arduino15\packages\arduino\hardware\sam\1.6.11\variants\arduino_due_x/libsam_sam3x8e_gcc_rel.a(uotghs.o)
                0x000810e4                UOTGHS_Handler
 .text.__halt   0x000810f4        0x2 C:\Users\longn\AppData\Local\Temp\VMBuilds\NRF\arduino_due_x_dbg\Debug/core.a(cortex_handlers.c.o)
                0x000810f4                DACC_Handler
                0x000810f4                DebugMon_Handler
                0x000810f4                DMAC_Handler
                0x000810f4                TRNG_Handler
                0x000810f4                HardFault_Handler
                0x000810f4                TC2_Handler
                0x000810f4                TWI1_Handler
                0x000810f4                NMI_Handler
                0x000810f4                TC7_Handler
                0x000810f4                ADC_Handler
                0x000810f4                SMC_Handler
                0x000810f4                RTT_Handler
                0x000810f4                EFC1_Handler
                0x000810f4                PIOB_Handler
                0x000810f4                RTC_Handler
                0x000810f4                UsageFault_Handler
                0x000810f4                TC6_Handler
                0x000810f4                WDT_Handler
                0x000810f4                CAN0_Handler
                0x000810f4                TC4_Handler
                0x000810f4                TC1_Handler
                0x000810f4                HSMCI_Handler
                0x000810f4                TC3_Handler
                0x000810f4                TWI0_Handler
                0x000810f4                PIOA_Handler
                0x000810f4                SSC_Handler
                0x000810f4                EFC0_Handler
                0x000810f4                PMC_Handler
                0x000810f4                PWM_Handler
                0x000810f4                CAN1_Handler
                0x000810f4                MemManage_Handler
                0x000810f4                SUPC_Handler
                0x000810f4                TC8_Handler
                0x000810f4                USART2_Handler
                0x000810f4                PIOD_Handler
                0x000810f4                EMAC_Handler
                0x000810f4                PIOC_Handler
                0x000810f4                BusFault_Handler
                0x000810f4                RSTC_Handler
                0x000810f4                TC0_Handler
                0x000810f4                TC5_Handler
                0x000810f4                SPI0_Handler
 .text.SVC_Handler
                0x000810f6        0x4 C:\Users\longn\AppData\Local\Temp\VMBuilds\NRF\arduino_due_x_dbg\Debug/core.a(cortex_handlers.c.o)
                0x000810f6                SVC_Handler
 .text.PendSV_Handler
                0x000810fa        0x4 C:\Users\longn\AppData\Local\Temp\VMBuilds\NRF\arduino_due_x_dbg\Debug/core.a(cortex_handlers.c.o)
                0x000810fa                PendSV_Handler
 .text.SysTick_Handler
                0x000810fe       0x16 C:\Users\longn\AppData\Local\Temp\VMBuilds\NRF\arduino_due_x_dbg\Debug/core.a(cortex_handlers.c.o)
                0x000810fe                SysTick_Handler
 .text.__empty  0x00081114        0x2 C:\Users\longn\AppData\Local\Temp\VMBuilds\NRF\arduino_due_x_dbg\Debug/core.a(hooks.c.o)
                0x00081114                yield
 .text.__false  0x00081116        0x4 C:\Users\longn\AppData\Local\Temp\VMBuilds\NRF\arduino_due_x_dbg\Debug/core.a(hooks.c.o)
                0x00081116                sysTickHook
 .text.__halt   0x0008111a        0x2 C:\Users\longn\AppData\Local\Temp\VMBuilds\NRF\arduino_due_x_dbg\Debug/core.a(hooks.c.o)
                0x0008111a                svcHook
                0x0008111a                pendSVHook
 .text._sbrk    0x0008111c       0x1c C:\Users\longn\AppData\Local\Temp\VMBuilds\NRF\arduino_due_x_dbg\Debug/core.a(syscalls_sam3.c.o)
                0x0008111c                _sbrk
 .text.link     0x00081138        0x6 C:\Users\longn\AppData\Local\Temp\VMBuilds\NRF\arduino_due_x_dbg\Debug/core.a(syscalls_sam3.c.o)
                0x00081138                link
 .text._close   0x0008113e        0x6 C:\Users\longn\AppData\Local\Temp\VMBuilds\NRF\arduino_due_x_dbg\Debug/core.a(syscalls_sam3.c.o)
                0x0008113e                _close
 .text._fstat   0x00081144        0xa C:\Users\longn\AppData\Local\Temp\VMBuilds\NRF\arduino_due_x_dbg\Debug/core.a(syscalls_sam3.c.o)
                0x00081144                _fstat
 .text._isatty  0x0008114e        0x4 C:\Users\longn\AppData\Local\Temp\VMBuilds\NRF\arduino_due_x_dbg\Debug/core.a(syscalls_sam3.c.o)
                0x0008114e                _isatty
 .text._lseek   0x00081152        0x4 C:\Users\longn\AppData\Local\Temp\VMBuilds\NRF\arduino_due_x_dbg\Debug/core.a(syscalls_sam3.c.o)
                0x00081152                _lseek
 .text._read    0x00081156        0x4 C:\Users\longn\AppData\Local\Temp\VMBuilds\NRF\arduino_due_x_dbg\Debug/core.a(syscalls_sam3.c.o)
                0x00081156                _read
 *fill*         0x0008115a        0x2 
 .text._write   0x0008115c       0x24 C:\Users\longn\AppData\Local\Temp\VMBuilds\NRF\arduino_due_x_dbg\Debug/core.a(syscalls_sam3.c.o)
                0x0008115c                _write
 .text._exit    0x00081180       0x10 C:\Users\longn\AppData\Local\Temp\VMBuilds\NRF\arduino_due_x_dbg\Debug/core.a(syscalls_sam3.c.o)
                0x00081180                _exit
 .text._kill    0x00081190        0x2 C:\Users\longn\AppData\Local\Temp\VMBuilds\NRF\arduino_due_x_dbg\Debug/core.a(syscalls_sam3.c.o)
                0x00081190                _kill
 .text._getpid  0x00081192        0x6 C:\Users\longn\AppData\Local\Temp\VMBuilds\NRF\arduino_due_x_dbg\Debug/core.a(syscalls_sam3.c.o)
                0x00081192                _getpid
 .text.millis   0x00081198        0x4 C:\Users\longn\AppData\Local\Temp\VMBuilds\NRF\arduino_due_x_dbg\Debug/core.a(wiring.c.o)
                0x00081198                millis
 .text.delay    0x0008119c       0x1c C:\Users\longn\AppData\Local\Temp\VMBuilds\NRF\arduino_due_x_dbg\Debug/core.a(wiring.c.o)
                0x0008119c                delay
 .text.analogOutputInit
                0x000811b8        0x2 C:\Users\longn\AppData\Local\Temp\VMBuilds\NRF\arduino_due_x_dbg\Debug/core.a(wiring_analog.c.o)
                0x000811b8                analogOutputInit
 *fill*         0x000811ba        0x2 
 .text.pinMode  0x000811bc      0x108 C:\Users\longn\AppData\Local\Temp\VMBuilds\NRF\arduino_due_x_dbg\Debug/core.a(wiring_digital.c.o)
                0x000811bc                pinMode
 .text.digitalWrite
                0x000812c4       0x70 C:\Users\longn\AppData\Local\Temp\VMBuilds\NRF\arduino_due_x_dbg\Debug/core.a(wiring_digital.c.o)
                0x000812c4                digitalWrite
 .text.initVariant
                0x00081334        0x2 C:\Users\longn\AppData\Local\Temp\VMBuilds\NRF\arduino_due_x_dbg\Debug/core.a(main.cpp.o)
                0x00081334                initVariant
 *fill*         0x00081336        0x2 
 .text.startup.main
                0x00081338       0x38 C:\Users\longn\AppData\Local\Temp\VMBuilds\NRF\arduino_due_x_dbg\Debug/core.a(main.cpp.o)
                0x00081338                main
 .text._ZN5Print5writeEPKhj
                0x00081370       0x22 C:\Users\longn\AppData\Local\Temp\VMBuilds\NRF\arduino_due_x_dbg\Debug/core.a(Print.cpp.o)
                0x00081370                Print::write(unsigned char const*, unsigned int)
 .text._ZN5Print5printEmi.part.3
                0x00081392        0xc C:\Users\longn\AppData\Local\Temp\VMBuilds\NRF\arduino_due_x_dbg\Debug/core.a(Print.cpp.o)
 .text._ZN5Print5writeEPKc
                0x0008139e       0x1e C:\Users\longn\AppData\Local\Temp\VMBuilds\NRF\arduino_due_x_dbg\Debug/core.a(Print.cpp.o)
                0x0008139e                Print::write(char const*)
 .text._ZN5Print5printEPKc
                0x000813bc        0x8 C:\Users\longn\AppData\Local\Temp\VMBuilds\NRF\arduino_due_x_dbg\Debug/core.a(Print.cpp.o)
                0x000813bc                Print::print(char const*)
 .text._ZN5Print7printlnEv
                0x000813c4       0x10 C:\Users\longn\AppData\Local\Temp\VMBuilds\NRF\arduino_due_x_dbg\Debug/core.a(Print.cpp.o)
                0x000813c4                Print::println()
 .text._ZN5Print7printlnEPKc
                0x000813d4       0x14 C:\Users\longn\AppData\Local\Temp\VMBuilds\NRF\arduino_due_x_dbg\Debug/core.a(Print.cpp.o)
                0x000813d4                Print::println(char const*)
 .text._ZN5Print11printNumberEmh
                0x000813e8       0x3e C:\Users\longn\AppData\Local\Temp\VMBuilds\NRF\arduino_due_x_dbg\Debug/core.a(Print.cpp.o)
                0x000813e8                Print::printNumber(unsigned long, unsigned char)
 .text._ZN5Print5printEmi
                0x00081426        0xc C:\Users\longn\AppData\Local\Temp\VMBuilds\NRF\arduino_due_x_dbg\Debug/core.a(Print.cpp.o)
                0x00081426                Print::print(unsigned long, int)
 .text._ZN5Print5printEhi
                0x00081432        0x4 C:\Users\longn\AppData\Local\Temp\VMBuilds\NRF\arduino_due_x_dbg\Debug/core.a(Print.cpp.o)
                0x00081432                Print::print(unsigned char, int)
 *fill*         0x00081436        0x2 
 .text.initiateReset
                0x00081438        0xc C:\Users\longn\AppData\Local\Temp\VMBuilds\NRF\arduino_due_x_dbg\Debug/core.a(Reset.cpp.o)
                0x00081438                initiateReset
 .text.cancelReset
                0x00081444       0x10 C:\Users\longn\AppData\Local\Temp\VMBuilds\NRF\arduino_due_x_dbg\Debug/core.a(Reset.cpp.o)
                0x00081444                cancelReset
 .text.tickReset
                0x00081454       0x20 C:\Users\longn\AppData\Local\Temp\VMBuilds\NRF\arduino_due_x_dbg\Debug/core.a(Reset.cpp.o)
                0x00081454                tickReset
 .text._ZN10RingBufferC2Ev
                0x00081474       0x1a C:\Users\longn\AppData\Local\Temp\VMBuilds\NRF\arduino_due_x_dbg\Debug/core.a(RingBuffer.cpp.o)
                0x00081474                RingBuffer::RingBuffer()
                0x00081474                RingBuffer::RingBuffer()
 .text._ZN10RingBuffer10store_charEh
                0x0008148e       0x1e C:\Users\longn\AppData\Local\Temp\VMBuilds\NRF\arduino_due_x_dbg\Debug/core.a(RingBuffer.cpp.o)
                0x0008148e                RingBuffer::store_char(unsigned char)
 .text._ZN9UARTClasscvbEv
                0x000814ac        0x4 C:\Users\longn\AppData\Local\Temp\VMBuilds\NRF\arduino_due_x_dbg\Debug/core.a(UARTClass.cpp.o)
                0x000814ac                UARTClass::operator bool()
 .text._ZN9UARTClass9availableEv
                0x000814b0       0x12 C:\Users\longn\AppData\Local\Temp\VMBuilds\NRF\arduino_due_x_dbg\Debug/core.a(UARTClass.cpp.o)
                0x000814b0                UARTClass::available()
 .text._ZN9UARTClass4peekEv
                0x000814c2       0x1c C:\Users\longn\AppData\Local\Temp\VMBuilds\NRF\arduino_due_x_dbg\Debug/core.a(UARTClass.cpp.o)
                0x000814c2                UARTClass::peek()
 .text._ZN9UARTClass4readEv
                0x000814de       0x2a C:\Users\longn\AppData\Local\Temp\VMBuilds\NRF\arduino_due_x_dbg\Debug/core.a(UARTClass.cpp.o)
                0x000814de                UARTClass::read()
 .text._ZN9UARTClass5flushEv
                0x00081508       0x18 C:\Users\longn\AppData\Local\Temp\VMBuilds\NRF\arduino_due_x_dbg\Debug/core.a(UARTClass.cpp.o)
                0x00081508                UARTClass::flush()
 .text._ZN9UARTClass5writeEh
                0x00081520       0x54 C:\Users\longn\AppData\Local\Temp\VMBuilds\NRF\arduino_due_x_dbg\Debug/core.a(UARTClass.cpp.o)
                0x00081520                UARTClass::write(unsigned char)
 .text._ZN9UARTClass3endEv
                0x00081574       0x3c C:\Users\longn\AppData\Local\Temp\VMBuilds\NRF\arduino_due_x_dbg\Debug/core.a(UARTClass.cpp.o)
                0x00081574                UARTClass::end()
 .text._ZN9UARTClassC2EP4Uart4IRQnmP10RingBufferS4_
                0x000815b0       0x24 C:\Users\longn\AppData\Local\Temp\VMBuilds\NRF\arduino_due_x_dbg\Debug/core.a(UARTClass.cpp.o)
                0x000815b0                UARTClass::UARTClass(Uart*, IRQn, unsigned long, RingBuffer*, RingBuffer*)
                0x000815b0                UARTClass::UARTClass(Uart*, IRQn, unsigned long, RingBuffer*, RingBuffer*)
 .text._ZN9UARTClass4initEmm
                0x000815d4       0x70 C:\Users\longn\AppData\Local\Temp\VMBuilds\NRF\arduino_due_x_dbg\Debug/core.a(UARTClass.cpp.o)
                0x000815d4                UARTClass::init(unsigned long, unsigned long)
 .text._ZN9UARTClass5beginEm
                0x00081644        0x8 C:\Users\longn\AppData\Local\Temp\VMBuilds\NRF\arduino_due_x_dbg\Debug/core.a(UARTClass.cpp.o)
                0x00081644                UARTClass::begin(unsigned long)
 .text._ZN9UARTClass10IrqHandlerEv
                0x0008164c       0x5a C:\Users\longn\AppData\Local\Temp\VMBuilds\NRF\arduino_due_x_dbg\Debug/core.a(UARTClass.cpp.o)
                0x0008164c                UARTClass::IrqHandler()
 .text._ZN10USARTClass5beginEm
                0x000816a6        0x8 C:\Users\longn\AppData\Local\Temp\VMBuilds\NRF\arduino_due_x_dbg\Debug/core.a(USARTClass.cpp.o)
                0x000816a6                USARTClass::begin(unsigned long)
 *fill*         0x000816ae        0x2 
 .text._ZN10USARTClassC2EP5Usart4IRQnmP10RingBufferS4_
                0x000816b0       0x24 C:\Users\longn\AppData\Local\Temp\VMBuilds\NRF\arduino_due_x_dbg\Debug/core.a(USARTClass.cpp.o)
                0x000816b0                USARTClass::USARTClass(Usart*, IRQn, unsigned long, RingBuffer*, RingBuffer*)
                0x000816b0                USARTClass::USARTClass(Usart*, IRQn, unsigned long, RingBuffer*, RingBuffer*)
 .text._watchdogDefaultSetup
                0x000816d4        0xc C:\Users\longn\AppData\Local\Temp\VMBuilds\NRF\arduino_due_x_dbg\Debug/core.a(watchdog.cpp.o)
                0x000816d4                _watchdogDefaultSetup
                0x000816d4                watchdogSetup()
 .text.unlikely._ZL11USB_SendZlpv
                0x000816e0       0x20 C:\Users\longn\AppData\Local\Temp\VMBuilds\NRF\arduino_due_x_dbg\Debug/core.a(USBCore.cpp.o)
 .text._Z14USBD_Availablem
                0x00081700       0x2c C:\Users\longn\AppData\Local\Temp\VMBuilds\NRF\arduino_due_x_dbg\Debug/core.a(USBCore.cpp.o)
                0x00081700                USBD_Available(unsigned long)
 .text._Z9USBD_RecvmPvm
                0x0008172c       0x7c C:\Users\longn\AppData\Local\Temp\VMBuilds\NRF\arduino_due_x_dbg\Debug/core.a(USBCore.cpp.o)
                0x0008172c                USBD_Recv(unsigned long, void*, unsigned long)
 .text._Z9USBD_Recvm
                0x000817a8       0x22 C:\Users\longn\AppData\Local\Temp\VMBuilds\NRF\arduino_due_x_dbg\Debug/core.a(USBCore.cpp.o)
                0x000817a8                USBD_Recv(unsigned long)
 *fill*         0x000817ca        0x2 
 .text._Z9USBD_SendmPKvm
                0x000817cc       0x4c C:\Users\longn\AppData\Local\Temp\VMBuilds\NRF\arduino_due_x_dbg\Debug/core.a(USBCore.cpp.o)
                0x000817cc                USBD_Send(unsigned long, void const*, unsigned long)
 .text._Z16USBD_SendControlhPKvm
                0x00081818       0x40 C:\Users\longn\AppData\Local\Temp\VMBuilds\NRF\arduino_due_x_dbg\Debug/core.a(USBCore.cpp.o)
                0x00081818                USBD_SendControl(unsigned char, void const*, unsigned long)
 .text.unlikely._ZL24USB_SendStringDescriptorPKhi
                0x00081858       0x64 C:\Users\longn\AppData\Local\Temp\VMBuilds\NRF\arduino_due_x_dbg\Debug/core.a(USBCore.cpp.o)
 .text._Z16USBD_RecvControlPvm
                0x000818bc       0x1c C:\Users\longn\AppData\Local\Temp\VMBuilds\NRF\arduino_due_x_dbg\Debug/core.a(USBCore.cpp.o)
                0x000818bc                USBD_RecvControl(void*, unsigned long)
 .text._Z26USBD_ClassInterfaceRequestR8USBSetup
                0x000818d8       0x1e C:\Users\longn\AppData\Local\Temp\VMBuilds\NRF\arduino_due_x_dbg\Debug/core.a(USBCore.cpp.o)
                0x000818d8                USBD_ClassInterfaceRequest(USBSetup&)
 .text._Z19USBD_SendInterfacesv
                0x000818f6       0x22 C:\Users\longn\AppData\Local\Temp\VMBuilds\NRF\arduino_due_x_dbg\Debug/core.a(USBCore.cpp.o)
                0x000818f6                USBD_SendInterfaces()
 .text._Z24USBD_SendOtherInterfacesv
                0x00081918       0x22 C:\Users\longn\AppData\Local\Temp\VMBuilds\NRF\arduino_due_x_dbg\Debug/core.a(USBCore.cpp.o)
                0x00081918                USBD_SendOtherInterfaces()
 .text._Z10USBD_Flushm
                0x0008193a       0x16 C:\Users\longn\AppData\Local\Temp\VMBuilds\NRF\arduino_due_x_dbg\Debug/core.a(USBCore.cpp.o)
                0x0008193a                USBD_Flush(unsigned long)
 .text._ZN10USBDevice_C2Ev
                0x00081950       0x24 C:\Users\longn\AppData\Local\Temp\VMBuilds\NRF\arduino_due_x_dbg\Debug/core.a(USBCore.cpp.o)
                0x00081950                USBDevice_::USBDevice_()
                0x00081950                USBDevice_::USBDevice_()
 .text._ZN10USBDevice_6attachEv
                0x00081974       0x20 C:\Users\longn\AppData\Local\Temp\VMBuilds\NRF\arduino_due_x_dbg\Debug/core.a(USBCore.cpp.o)
                0x00081974                USBDevice_::attach()
 .text.startup._GLOBAL__sub_I_EndPoints
                0x00081994        0xc C:\Users\longn\AppData\Local\Temp\VMBuilds\NRF\arduino_due_x_dbg\Debug/core.a(USBCore.cpp.o)
 .text._ZL7USB_ISRv
                0x000819a0      0x454 C:\Users\longn\AppData\Local\Temp\VMBuilds\NRF\arduino_due_x_dbg\Debug/core.a(USBCore.cpp.o)
 .text._ZN7Serial_9availableEv
                0x00081df4       0x18 C:\Users\longn\AppData\Local\Temp\VMBuilds\NRF\arduino_due_x_dbg\Debug/core.a(CDC.cpp.o)
                0x00081df4                Serial_::available()
 .text._ZN7Serial_17availableForWriteEv
                0x00081e0c        0x6 C:\Users\longn\AppData\Local\Temp\VMBuilds\NRF\arduino_due_x_dbg\Debug/core.a(CDC.cpp.o)
                0x00081e0c                Serial_::availableForWrite()
 *fill*         0x00081e12        0x2 
 .text._ZN7Serial_4peekEv
                0x00081e14       0x20 C:\Users\longn\AppData\Local\Temp\VMBuilds\NRF\arduino_due_x_dbg\Debug/core.a(CDC.cpp.o)
                0x00081e14                Serial_::peek()
 .text._ZN7Serial_5writeEh
                0x00081e34       0x16 C:\Users\longn\AppData\Local\Temp\VMBuilds\NRF\arduino_due_x_dbg\Debug/core.a(CDC.cpp.o)
                0x00081e34                Serial_::write(unsigned char)
 *fill*         0x00081e4a        0x2 
 .text._ZN7Serial_4readEv
                0x00081e4c       0x44 C:\Users\longn\AppData\Local\Temp\VMBuilds\NRF\arduino_due_x_dbg\Debug/core.a(CDC.cpp.o)
                0x00081e4c                Serial_::read()
 .text._ZN7Serial_5flushEv
                0x00081e90        0x6 C:\Users\longn\AppData\Local\Temp\VMBuilds\NRF\arduino_due_x_dbg\Debug/core.a(CDC.cpp.o)
                0x00081e90                Serial_::flush()
 *fill*         0x00081e96        0x2 
 .text._ZN7Serial_6acceptEv
                0x00081e98       0x70 C:\Users\longn\AppData\Local\Temp\VMBuilds\NRF\arduino_due_x_dbg\Debug/core.a(CDC.cpp.o)
                0x00081e98                Serial_::accept()
 .text._ZN7Serial_5writeEPKhj
                0x00081f08       0x2c C:\Users\longn\AppData\Local\Temp\VMBuilds\NRF\arduino_due_x_dbg\Debug/core.a(CDC.cpp.o)
                0x00081f08                Serial_::write(unsigned char const*, unsigned int)
 .text._Z16CDC_GetInterfacePh
                0x00081f34       0x14 C:\Users\longn\AppData\Local\Temp\VMBuilds\NRF\arduino_due_x_dbg\Debug/core.a(CDC.cpp.o)
                0x00081f34                CDC_GetInterface(unsigned char*)
 .text._Z21CDC_GetOtherInterfacePh
                0x00081f48       0x14 C:\Users\longn\AppData\Local\Temp\VMBuilds\NRF\arduino_due_x_dbg\Debug/core.a(CDC.cpp.o)
                0x00081f48                CDC_GetOtherInterface(unsigned char*)
 .text._Z9CDC_SetupR8USBSetup
                0x00081f5c       0x78 C:\Users\longn\AppData\Local\Temp\VMBuilds\NRF\arduino_due_x_dbg\Debug/core.a(CDC.cpp.o)
                0x00081f5c                CDC_Setup(USBSetup&)
 .text.startup._GLOBAL__sub_I_cdc_rx_buffer
                0x00081fd4       0x1c C:\Users\longn\AppData\Local\Temp\VMBuilds\NRF\arduino_due_x_dbg\Debug/core.a(CDC.cpp.o)
 .text._ZN13PluggableUSB_12getInterfaceEPh
                0x00081ff0       0x28 C:\Users\longn\AppData\Local\Temp\VMBuilds\NRF\arduino_due_x_dbg\Debug/core.a(PluggableUSB.cpp.o)
                0x00081ff0                PluggableUSB_::getInterface(unsigned char*)
 .text._ZN13PluggableUSB_13getDescriptorER8USBSetup
                0x00082018       0x1c C:\Users\longn\AppData\Local\Temp\VMBuilds\NRF\arduino_due_x_dbg\Debug/core.a(PluggableUSB.cpp.o)
                0x00082018                PluggableUSB_::getDescriptor(USBSetup&)
 .text._ZN13PluggableUSB_12getShortNameEPc
                0x00082034       0x1c C:\Users\longn\AppData\Local\Temp\VMBuilds\NRF\arduino_due_x_dbg\Debug/core.a(PluggableUSB.cpp.o)
                0x00082034                PluggableUSB_::getShortName(char*)
 .text._ZN13PluggableUSB_5setupER8USBSetup
                0x00082050       0x20 C:\Users\longn\AppData\Local\Temp\VMBuilds\NRF\arduino_due_x_dbg\Debug/core.a(PluggableUSB.cpp.o)
                0x00082050                PluggableUSB_::setup(USBSetup&)
 .text._Z12PluggableUSBv
                0x00082070       0x28 C:\Users\longn\AppData\Local\Temp\VMBuilds\NRF\arduino_due_x_dbg\Debug/core.a(PluggableUSB.cpp.o)
                0x00082070                PluggableUSB()
 .text.TimeTick_Increment
                0x00082098       0x10 C:\Users\longn\AppData\Local\arduino15\packages\arduino\hardware\sam\1.6.11\variants\arduino_due_x/libsam_sam3x8e_gcc_rel.a(timetick.o)
                0x00082098                TimeTick_Increment
 .text.GetTickCount
                0x000820a8        0xc C:\Users\longn\AppData\Local\arduino15\packages\arduino\hardware\sam\1.6.11\variants\arduino_due_x/libsam_sam3x8e_gcc_rel.a(timetick.o)
                0x000820a8                GetTickCount
 .text.WDT_Disable
                0x000820b4        0x8 C:\Users\longn\AppData\Local\arduino15\packages\arduino\hardware\sam\1.6.11\variants\arduino_due_x/libsam_sam3x8e_gcc_rel.a(wdt.o)
                0x000820b4                WDT_Disable
 .text.UDD_SetStack
                0x000820bc        0xc C:\Users\longn\AppData\Local\arduino15\packages\arduino\hardware\sam\1.6.11\variants\arduino_due_x/libsam_sam3x8e_gcc_rel.a(uotghs_device.o)
                0x000820bc                UDD_SetStack
 .text.UDD_Init
                0x000820c8       0xd0 C:\Users\longn\AppData\Local\arduino15\packages\arduino\hardware\sam\1.6.11\variants\arduino_due_x/libsam_sam3x8e_gcc_rel.a(uotghs_device.o)
                0x000820c8                UDD_Init
 .text.UDD_Attach
                0x00082198       0x50 C:\Users\longn\AppData\Local\arduino15\packages\arduino\hardware\sam\1.6.11\variants\arduino_due_x/libsam_sam3x8e_gcc_rel.a(uotghs_device.o)
                0x00082198                UDD_Attach
 .text.UDD_InitEP
                0x000821e8       0x2c C:\Users\longn\AppData\Local\arduino15\packages\arduino\hardware\sam\1.6.11\variants\arduino_due_x/libsam_sam3x8e_gcc_rel.a(uotghs_device.o)
                0x000821e8                UDD_InitEP
 .text.UDD_InitEndpoints
                0x00082214       0x3c C:\Users\longn\AppData\Local\arduino15\packages\arduino\hardware\sam\1.6.11\variants\arduino_due_x/libsam_sam3x8e_gcc_rel.a(uotghs_device.o)
                0x00082214                UDD_InitEndpoints
 .text.UDD_WaitIN
                0x00082250       0x10 C:\Users\longn\AppData\Local\arduino15\packages\arduino\hardware\sam\1.6.11\variants\arduino_due_x/libsam_sam3x8e_gcc_rel.a(uotghs_device.o)
                0x00082250                UDD_WaitIN
 .text.UDD_WaitOUT
                0x00082260       0x10 C:\Users\longn\AppData\Local\arduino15\packages\arduino\hardware\sam\1.6.11\variants\arduino_due_x/libsam_sam3x8e_gcc_rel.a(uotghs_device.o)
                0x00082260                UDD_WaitOUT
 .text.UDD_ClearIN
                0x00082270       0x18 C:\Users\longn\AppData\Local\arduino15\packages\arduino\hardware\sam\1.6.11\variants\arduino_due_x/libsam_sam3x8e_gcc_rel.a(uotghs_device.o)
                0x00082270                UDD_ClearIN
 .text.UDD_ClearOUT
                0x00082288       0x18 C:\Users\longn\AppData\Local\arduino15\packages\arduino\hardware\sam\1.6.11\variants\arduino_due_x/libsam_sam3x8e_gcc_rel.a(uotghs_device.o)
                0x00082288                UDD_ClearOUT
 .text.UDD_ReceivedSetupInt
                0x000822a0       0x10 C:\Users\longn\AppData\Local\arduino15\packages\arduino\hardware\sam\1.6.11\variants\arduino_due_x/libsam_sam3x8e_gcc_rel.a(uotghs_device.o)
                0x000822a0                UDD_ReceivedSetupInt
 .text.UDD_ClearSetupInt
                0x000822b0       0x10 C:\Users\longn\AppData\Local\arduino15\packages\arduino\hardware\sam\1.6.11\variants\arduino_due_x/libsam_sam3x8e_gcc_rel.a(uotghs_device.o)
                0x000822b0                UDD_ClearSetupInt
 .text.UDD_Send
                0x000822c0       0x88 C:\Users\longn\AppData\Local\arduino15\packages\arduino\hardware\sam\1.6.11\variants\arduino_due_x/libsam_sam3x8e_gcc_rel.a(uotghs_device.o)
                0x000822c0                UDD_Send
 .text.UDD_Send8
                0x00082348       0x24 C:\Users\longn\AppData\Local\arduino15\packages\arduino\hardware\sam\1.6.11\variants\arduino_due_x/libsam_sam3x8e_gcc_rel.a(uotghs_device.o)
                0x00082348                UDD_Send8
 .text.UDD_Recv8
                0x0008236c       0x28 C:\Users\longn\AppData\Local\arduino15\packages\arduino\hardware\sam\1.6.11\variants\arduino_due_x/libsam_sam3x8e_gcc_rel.a(uotghs_device.o)
                0x0008236c                UDD_Recv8
 .text.UDD_Recv
                0x00082394       0x34 C:\Users\longn\AppData\Local\arduino15\packages\arduino\hardware\sam\1.6.11\variants\arduino_due_x/libsam_sam3x8e_gcc_rel.a(uotghs_device.o)
                0x00082394                UDD_Recv
 .text.UDD_Stall
                0x000823c8       0x14 C:\Users\longn\AppData\Local\arduino15\packages\arduino\hardware\sam\1.6.11\variants\arduino_due_x/libsam_sam3x8e_gcc_rel.a(uotghs_device.o)
                0x000823c8                UDD_Stall
 .text.UDD_FifoByteCount
                0x000823dc       0x14 C:\Users\longn\AppData\Local\arduino15\packages\arduino\hardware\sam\1.6.11\variants\arduino_due_x/libsam_sam3x8e_gcc_rel.a(uotghs_device.o)
                0x000823dc                UDD_FifoByteCount
 .text.UDD_ReleaseRX
                0x000823f0       0x28 C:\Users\longn\AppData\Local\arduino15\packages\arduino\hardware\sam\1.6.11\variants\arduino_due_x/libsam_sam3x8e_gcc_rel.a(uotghs_device.o)
                0x000823f0                UDD_ReleaseRX
 .text.UDD_ReleaseTX
                0x00082418       0x28 C:\Users\longn\AppData\Local\arduino15\packages\arduino\hardware\sam\1.6.11\variants\arduino_due_x/libsam_sam3x8e_gcc_rel.a(uotghs_device.o)
                0x00082418                UDD_ReleaseTX
 .text.UDD_SetAddress
                0x00082440       0x20 C:\Users\longn\AppData\Local\arduino15\packages\arduino\hardware\sam\1.6.11\variants\arduino_due_x/libsam_sam3x8e_gcc_rel.a(uotghs_device.o)
                0x00082440                UDD_SetAddress
 .text.__libc_init_array
                0x00082460       0x50 c:/users/longn/appdata/local/arduino15/packages/arduino/tools/arm-none-eabi-gcc/4.8.3-2014q1/bin/../lib/gcc/arm-none-eabi/4.8.3/../../../../arm-none-eabi/lib/armv7-m\libg.a(lib_a-init.o)
                0x00082460                __libc_init_array
 .text.iprintf  0x000824b0       0x28 c:/users/longn/appdata/local/arduino15/packages/arduino/tools/arm-none-eabi-gcc/4.8.3-2014q1/bin/../lib/gcc/arm-none-eabi/4.8.3/../../../../arm-none-eabi/lib/armv7-m\libg.a(lib_a-iprintf.o)
                0x000824b0                iprintf
 .text          0x000824d8       0xec c:/users/longn/appdata/local/arduino15/packages/arduino/tools/arm-none-eabi-gcc/4.8.3-2014q1/bin/../lib/gcc/arm-none-eabi/4.8.3/../../../../arm-none-eabi/lib/armv7-m\libg.a(lib_a-memcpy.o)
                0x000824d8                memcpy
 .text.memset   0x000825c4       0x94 c:/users/longn/appdata/local/arduino15/packages/arduino/tools/arm-none-eabi-gcc/4.8.3-2014q1/bin/../lib/gcc/arm-none-eabi/4.8.3/../../../../arm-none-eabi/lib/armv7-m\libg.a(lib_a-memset.o)
                0x000825c4                memset
 .text.strlen   0x00082658       0x60 c:/users/longn/appdata/local/arduino15/packages/arduino/tools/arm-none-eabi-gcc/4.8.3-2014q1/bin/../lib/gcc/arm-none-eabi/4.8.3/../../../../arm-none-eabi/lib/armv7-m\libg.a(lib_a-strlen.o)
                0x00082658                strlen
 .text.kill     0x000826b8       0x10 c:/users/longn/appdata/local/arduino15/packages/arduino/tools/arm-none-eabi-gcc/4.8.3-2014q1/bin/../lib/gcc/arm-none-eabi/4.8.3/../../../../arm-none-eabi/lib/armv7-m\libg.a(lib_a-syskill.o)
                0x000826b8                kill
 .text.__sprint_r.part.0
                0x000826c8       0x78 c:/users/longn/appdata/local/arduino15/packages/arduino/tools/arm-none-eabi-gcc/4.8.3-2014q1/bin/../lib/gcc/arm-none-eabi/4.8.3/../../../../arm-none-eabi/lib/armv7-m\libg.a(lib_a-vfiprintf.o)
 .text._vfiprintf_r
                0x00082740      0xc54 c:/users/longn/appdata/local/arduino15/packages/arduino/tools/arm-none-eabi-gcc/4.8.3-2014q1/bin/../lib/gcc/arm-none-eabi/4.8.3/../../../../arm-none-eabi/lib/armv7-m\libg.a(lib_a-vfiprintf.o)
                0x00082740                _vfiprintf_r
 .text.__sbprintf
                0x00083394       0x7c c:/users/longn/appdata/local/arduino15/packages/arduino/tools/arm-none-eabi-gcc/4.8.3-2014q1/bin/../lib/gcc/arm-none-eabi/4.8.3/../../../../arm-none-eabi/lib/armv7-m\libg.a(lib_a-vfiprintf.o)
 .text.__swsetup_r
                0x00083410       0xc4 c:/users/longn/appdata/local/arduino15/packages/arduino/tools/arm-none-eabi-gcc/4.8.3-2014q1/bin/../lib/gcc/arm-none-eabi/4.8.3/../../../../arm-none-eabi/lib/armv7-m\libg.a(lib_a-wsetup.o)
                0x00083410                __swsetup_r
 .text.startup.register_fini
                0x000834d4       0x14 c:/users/longn/appdata/local/arduino15/packages/arduino/tools/arm-none-eabi-gcc/4.8.3-2014q1/bin/../lib/gcc/arm-none-eabi/4.8.3/../../../../arm-none-eabi/lib/armv7-m\libg.a(lib_a-__call_atexit.o)
 .text.atexit   0x000834e8        0xc c:/users/longn/appdata/local/arduino15/packages/arduino/tools/arm-none-eabi-gcc/4.8.3-2014q1/bin/../lib/gcc/arm-none-eabi/4.8.3/../../../../arm-none-eabi/lib/armv7-m\libg.a(lib_a-atexit.o)
                0x000834e8                atexit
 .text.__sflush_r
                0x000834f4      0x148 c:/users/longn/appdata/local/arduino15/packages/arduino/tools/arm-none-eabi-gcc/4.8.3-2014q1/bin/../lib/gcc/arm-none-eabi/4.8.3/../../../../arm-none-eabi/lib/armv7-m\libg.a(lib_a-fflush.o)
                0x000834f4                __sflush_r
 .text._fflush_r
                0x0008363c       0x2c c:/users/longn/appdata/local/arduino15/packages/arduino/tools/arm-none-eabi-gcc/4.8.3-2014q1/bin/../lib/gcc/arm-none-eabi/4.8.3/../../../../arm-none-eabi/lib/armv7-m\libg.a(lib_a-fflush.o)
                0x0008363c                _fflush_r
 .text._cleanup_r
                0x00083668        0xc c:/users/longn/appdata/local/arduino15/packages/arduino/tools/arm-none-eabi-gcc/4.8.3-2014q1/bin/../lib/gcc/arm-none-eabi/4.8.3/../../../../arm-none-eabi/lib/armv7-m\libg.a(lib_a-findfp.o)
                0x00083668                _cleanup_r
 .text.__sinit  0x00083674       0xf4 c:/users/longn/appdata/local/arduino15/packages/arduino/tools/arm-none-eabi-gcc/4.8.3-2014q1/bin/../lib/gcc/arm-none-eabi/4.8.3/../../../../arm-none-eabi/lib/armv7-m\libg.a(lib_a-findfp.o)
                0x00083674                __sinit
 .text.__sfp_lock_acquire
                0x00083768        0x4 c:/users/longn/appdata/local/arduino15/packages/arduino/tools/arm-none-eabi-gcc/4.8.3-2014q1/bin/../lib/gcc/arm-none-eabi/4.8.3/../../../../arm-none-eabi/lib/armv7-m\libg.a(lib_a-findfp.o)
                0x00083768                __sfp_lock_acquire
 .text.__sfp_lock_release
                0x0008376c        0x4 c:/users/longn/appdata/local/arduino15/packages/arduino/tools/arm-none-eabi-gcc/4.8.3-2014q1/bin/../lib/gcc/arm-none-eabi/4.8.3/../../../../arm-none-eabi/lib/armv7-m\libg.a(lib_a-findfp.o)
                0x0008376c                __sfp_lock_release
 .text.__libc_fini_array
                0x00083770       0x30 c:/users/longn/appdata/local/arduino15/packages/arduino/tools/arm-none-eabi-gcc/4.8.3-2014q1/bin/../lib/gcc/arm-none-eabi/4.8.3/../../../../arm-none-eabi/lib/armv7-m\libg.a(lib_a-fini.o)
                0x00083770                __libc_fini_array
 .text._fputwc_r
                0x000837a0       0xc0 c:/users/longn/appdata/local/arduino15/packages/arduino/tools/arm-none-eabi-gcc/4.8.3-2014q1/bin/../lib/gcc/arm-none-eabi/4.8.3/../../../../arm-none-eabi/lib/armv7-m\libg.a(lib_a-fputwc.o)
                0x000837a0                _fputwc_r
 .text._malloc_trim_r
                0x00083860       0x9c c:/users/longn/appdata/local/arduino15/packages/arduino/tools/arm-none-eabi-gcc/4.8.3-2014q1/bin/../lib/gcc/arm-none-eabi/4.8.3/../../../../arm-none-eabi/lib/armv7-m\libg.a(lib_a-freer.o)
                0x00083860                _malloc_trim_r
 .text._free_r  0x000838fc      0x198 c:/users/longn/appdata/local/arduino15/packages/arduino/tools/arm-none-eabi-gcc/4.8.3-2014q1/bin/../lib/gcc/arm-none-eabi/4.8.3/../../../../arm-none-eabi/lib/armv7-m\libg.a(lib_a-freer.o)
                0x000838fc                _free_r
 .text.__sfvwrite_r
                0x00083a94      0x314 c:/users/longn/appdata/local/arduino15/packages/arduino/tools/arm-none-eabi-gcc/4.8.3-2014q1/bin/../lib/gcc/arm-none-eabi/4.8.3/../../../../arm-none-eabi/lib/armv7-m\libg.a(lib_a-fvwrite.o)
                0x00083a94                __sfvwrite_r
 .text._fwalk   0x00083da8       0x48 c:/users/longn/appdata/local/arduino15/packages/arduino/tools/arm-none-eabi-gcc/4.8.3-2014q1/bin/../lib/gcc/arm-none-eabi/4.8.3/../../../../arm-none-eabi/lib/armv7-m\libg.a(lib_a-fwalk.o)
                0x00083da8                _fwalk
 .text.__locale_charset
                0x00083df0        0x8 c:/users/longn/appdata/local/arduino15/packages/arduino/tools/arm-none-eabi-gcc/4.8.3-2014q1/bin/../lib/gcc/arm-none-eabi/4.8.3/../../../../arm-none-eabi/lib/armv7-m\libg.a(lib_a-locale.o)
                0x00083df0                __locale_charset
 .text.__locale_mb_cur_max
                0x00083df8        0xc c:/users/longn/appdata/local/arduino15/packages/arduino/tools/arm-none-eabi-gcc/4.8.3-2014q1/bin/../lib/gcc/arm-none-eabi/4.8.3/../../../../arm-none-eabi/lib/armv7-m\libg.a(lib_a-locale.o)
                0x00083df8                __locale_mb_cur_max
 .text.__smakebuf_r
                0x00083e04       0xe0 c:/users/longn/appdata/local/arduino15/packages/arduino/tools/arm-none-eabi-gcc/4.8.3-2014q1/bin/../lib/gcc/arm-none-eabi/4.8.3/../../../../arm-none-eabi/lib/armv7-m\libg.a(lib_a-makebuf.o)
                0x00083e04                __smakebuf_r
 .text._malloc_r
                0x00083ee4      0x538 c:/users/longn/appdata/local/arduino15/packages/arduino/tools/arm-none-eabi-gcc/4.8.3-2014q1/bin/../lib/gcc/arm-none-eabi/4.8.3/../../../../arm-none-eabi/lib/armv7-m\libg.a(lib_a-mallocr.o)
                0x00083ee4                _malloc_r
 .text.memchr   0x0008441c       0x94 c:/users/longn/appdata/local/arduino15/packages/arduino/tools/arm-none-eabi-gcc/4.8.3-2014q1/bin/../lib/gcc/arm-none-eabi/4.8.3/../../../../arm-none-eabi/lib/armv7-m\libg.a(lib_a-memchr-stub.o)
                0x0008441c                memchr
 .text.memmove  0x000844b0       0xcc c:/users/longn/appdata/local/arduino15/packages/arduino/tools/arm-none-eabi-gcc/4.8.3-2014q1/bin/../lib/gcc/arm-none-eabi/4.8.3/../../../../arm-none-eabi/lib/armv7-m\libg.a(lib_a-memmove.o)
                0x000844b0                memmove
 .text.__malloc_lock
                0x0008457c        0x4 c:/users/longn/appdata/local/arduino15/packages/arduino/tools/arm-none-eabi-gcc/4.8.3-2014q1/bin/../lib/gcc/arm-none-eabi/4.8.3/../../../../arm-none-eabi/lib/armv7-m\libg.a(lib_a-mlock.o)
                0x0008457c                __malloc_lock
 .text.__malloc_unlock
                0x00084580        0x4 c:/users/longn/appdata/local/arduino15/packages/arduino/tools/arm-none-eabi-gcc/4.8.3-2014q1/bin/../lib/gcc/arm-none-eabi/4.8.3/../../../../arm-none-eabi/lib/armv7-m\libg.a(lib_a-mlock.o)
                0x00084580                __malloc_unlock
 .text._realloc_r
                0x00084584      0x3c0 c:/users/longn/appdata/local/arduino15/packages/arduino/tools/arm-none-eabi-gcc/4.8.3-2014q1/bin/../lib/gcc/arm-none-eabi/4.8.3/../../../../arm-none-eabi/lib/armv7-m\libg.a(lib_a-reallocr.o)
                0x00084584                _realloc_r
 .text._sbrk_r  0x00084944       0x24 c:/users/longn/appdata/local/arduino15/packages/arduino/tools/arm-none-eabi-gcc/4.8.3-2014q1/bin/../lib/gcc/arm-none-eabi/4.8.3/../../../../arm-none-eabi/lib/armv7-m\libg.a(lib_a-sbrkr.o)
                0x00084944                _sbrk_r
 .text._kill_r  0x00084968       0x28 c:/users/longn/appdata/local/arduino15/packages/arduino/tools/arm-none-eabi-gcc/4.8.3-2014q1/bin/../lib/gcc/arm-none-eabi/4.8.3/../../../../arm-none-eabi/lib/armv7-m\libg.a(lib_a-signalr.o)
                0x00084968                _kill_r
 .text.__sread  0x00084990       0x24 c:/users/longn/appdata/local/arduino15/packages/arduino/tools/arm-none-eabi-gcc/4.8.3-2014q1/bin/../lib/gcc/arm-none-eabi/4.8.3/../../../../arm-none-eabi/lib/armv7-m\libg.a(lib_a-stdio.o)
                0x00084990                __sread
 .text.__swrite
                0x000849b4       0x38 c:/users/longn/appdata/local/arduino15/packages/arduino/tools/arm-none-eabi-gcc/4.8.3-2014q1/bin/../lib/gcc/arm-none-eabi/4.8.3/../../../../arm-none-eabi/lib/armv7-m\libg.a(lib_a-stdio.o)
                0x000849b4                __swrite
 .text.__sseek  0x000849ec       0x20 c:/users/longn/appdata/local/arduino15/packages/arduino/tools/arm-none-eabi-gcc/4.8.3-2014q1/bin/../lib/gcc/arm-none-eabi/4.8.3/../../../../arm-none-eabi/lib/armv7-m\libg.a(lib_a-stdio.o)
                0x000849ec                __sseek
 .text.__sclose
                0x00084a0c        0x8 c:/users/longn/appdata/local/arduino15/packages/arduino/tools/arm-none-eabi-gcc/4.8.3-2014q1/bin/../lib/gcc/arm-none-eabi/4.8.3/../../../../arm-none-eabi/lib/armv7-m\libg.a(lib_a-stdio.o)
                0x00084a0c                __sclose
 .text.__swbuf_r
                0x00084a14       0xa8 c:/users/longn/appdata/local/arduino15/packages/arduino/tools/arm-none-eabi-gcc/4.8.3-2014q1/bin/../lib/gcc/arm-none-eabi/4.8.3/../../../../arm-none-eabi/lib/armv7-m\libg.a(lib_a-wbuf.o)
                0x00084a14                __swbuf_r
 .text._wcrtomb_r
                0x00084abc       0x50 c:/users/longn/appdata/local/arduino15/packages/arduino/tools/arm-none-eabi-gcc/4.8.3-2014q1/bin/../lib/gcc/arm-none-eabi/4.8.3/../../../../arm-none-eabi/lib/armv7-m\libg.a(lib_a-wcrtomb.o)
                0x00084abc                _wcrtomb_r
 .text.__ascii_wctomb
                0x00084b0c       0x1c c:/users/longn/appdata/local/arduino15/packages/arduino/tools/arm-none-eabi-gcc/4.8.3-2014q1/bin/../lib/gcc/arm-none-eabi/4.8.3/../../../../arm-none-eabi/lib/armv7-m\libg.a(lib_a-wctomb_r.o)
                0x00084b0c                __ascii_wctomb
 .text._write_r
                0x00084b28       0x28 c:/users/longn/appdata/local/arduino15/packages/arduino/tools/arm-none-eabi-gcc/4.8.3-2014q1/bin/../lib/gcc/arm-none-eabi/4.8.3/../../../../arm-none-eabi/lib/armv7-m\libg.a(lib_a-writer.o)
                0x00084b28                _write_r
 .text.__register_exitproc
                0x00084b50       0xa8 c:/users/longn/appdata/local/arduino15/packages/arduino/tools/arm-none-eabi-gcc/4.8.3-2014q1/bin/../lib/gcc/arm-none-eabi/4.8.3/../../../../arm-none-eabi/lib/armv7-m\libg.a(lib_a-__atexit.o)
                0x00084b50                __register_exitproc
 .text._close_r
                0x00084bf8       0x24 c:/users/longn/appdata/local/arduino15/packages/arduino/tools/arm-none-eabi-gcc/4.8.3-2014q1/bin/../lib/gcc/arm-none-eabi/4.8.3/../../../../arm-none-eabi/lib/armv7-m\libg.a(lib_a-closer.o)
                0x00084bf8                _close_r
 .text._fclose_r
                0x00084c1c       0x80 c:/users/longn/appdata/local/arduino15/packages/arduino/tools/arm-none-eabi-gcc/4.8.3-2014q1/bin/../lib/gcc/arm-none-eabi/4.8.3/../../../../arm-none-eabi/lib/armv7-m\libg.a(lib_a-fclose.o)
                0x00084c1c                _fclose_r
 .text.fclose   0x00084c9c       0x10 c:/users/longn/appdata/local/arduino15/packages/arduino/tools/arm-none-eabi-gcc/4.8.3-2014q1/bin/../lib/gcc/arm-none-eabi/4.8.3/../../../../arm-none-eabi/lib/armv7-m\libg.a(lib_a-fclose.o)
                0x00084c9c                fclose
 .text._fstat_r
                0x00084cac       0x28 c:/users/longn/appdata/local/arduino15/packages/arduino/tools/arm-none-eabi-gcc/4.8.3-2014q1/bin/../lib/gcc/arm-none-eabi/4.8.3/../../../../arm-none-eabi/lib/armv7-m\libg.a(lib_a-fstatr.o)
                0x00084cac                _fstat_r
 .text._isatty_r
                0x00084cd4       0x24 c:/users/longn/appdata/local/arduino15/packages/arduino/tools/arm-none-eabi-gcc/4.8.3-2014q1/bin/../lib/gcc/arm-none-eabi/4.8.3/../../../../arm-none-eabi/lib/armv7-m\libg.a(lib_a-isattyr.o)
                0x00084cd4                _isatty_r
 .text._lseek_r
                0x00084cf8       0x28 c:/users/longn/appdata/local/arduino15/packages/arduino/tools/arm-none-eabi-gcc/4.8.3-2014q1/bin/../lib/gcc/arm-none-eabi/4.8.3/../../../../arm-none-eabi/lib/armv7-m\libg.a(lib_a-lseekr.o)
                0x00084cf8                _lseek_r
 .text._read_r  0x00084d20       0x28 c:/users/longn/appdata/local/arduino15/packages/arduino/tools/arm-none-eabi-gcc/4.8.3-2014q1/bin/../lib/gcc/arm-none-eabi/4.8.3/../../../../arm-none-eabi/lib/armv7-m\libg.a(lib_a-readr.o)
                0x00084d20                _read_r
 .text          0x00084d48       0x2c c:/users/longn/appdata/local/arduino15/packages/arduino/tools/arm-none-eabi-gcc/4.8.3-2014q1/bin/../lib/gcc/arm-none-eabi/4.8.3/armv7-m\libgcc.a(_aeabi_uldivmod.o)
                0x00084d48                __aeabi_uldivmod
 .text          0x00084d74       0x60 c:/users/longn/appdata/local/arduino15/packages/arduino/tools/arm-none-eabi-gcc/4.8.3-2014q1/bin/../lib/gcc/arm-none-eabi/4.8.3/armv7-m\libgcc.a(bpabi.o)
                0x00084d74                __gnu_ldivmod_helper
                0x00084da4                __gnu_uldivmod_helper
 .text          0x00084dd4        0x4 c:/users/longn/appdata/local/arduino15/packages/arduino/tools/arm-none-eabi-gcc/4.8.3-2014q1/bin/../lib/gcc/arm-none-eabi/4.8.3/armv7-m\libgcc.a(_dvmd_tls.o)
                0x00084dd4                __aeabi_idiv0
                0x00084dd4                __aeabi_ldiv0
 .text          0x00084dd8      0x2a0 c:/users/longn/appdata/local/arduino15/packages/arduino/tools/arm-none-eabi-gcc/4.8.3-2014q1/bin/../lib/gcc/arm-none-eabi/4.8.3/armv7-m\libgcc.a(_divdi3.o)
                0x00084dd8                __divdi3
 .text          0x00085078      0x290 c:/users/longn/appdata/local/arduino15/packages/arduino/tools/arm-none-eabi-gcc/4.8.3-2014q1/bin/../lib/gcc/arm-none-eabi/4.8.3/armv7-m\libgcc.a(_udivdi3.o)
                0x00085078                __udivdi3
 *(.glue_7t)
 .glue_7t       0x00000000        0x0 linker stubs
 *(.glue_7)
 .glue_7        0x00000000        0x0 linker stubs
 *(.rodata .rodata* .gnu.linkonce.r.*)
 .rodata.str1.1
                0x00085308       0x20 C:\Users\longn\AppData\Local\Temp\VMBuilds\NRF\arduino_due_x_dbg\Debug\NRF.cpp.o
 .rodata._ZL7address
                0x00085328        0x6 C:\Users\longn\AppData\Local\Temp\VMBuilds\NRF\arduino_due_x_dbg\Debug\NRF.cpp.o
 .rodata.str1.1
                0x0008532e       0x6a C:\Users\longn\AppData\Local\Temp\VMBuilds\NRF\arduino_due_x_dbg\Debug\VM_DBG\VM_DBG.cpp.o
                                 0x6c (size before relaxing)
 .rodata.g_APinDescription
                0x00085398      0xa2c C:\Users\longn\AppData\Local\Temp\VMBCore\arduino16x\cf9e7b3eb74b68aff82b6e1d6e6ef271\variant\variant.cpp.o
                0x00085398                g_APinDescription
 .rodata        0x00085dc4       0x40 C:\Users\longn\AppData\Local\arduino15\packages\arduino\hardware\sam\1.6.11\variants\arduino_due_x/libsam_sam3x8e_gcc_rel.a(adc.o)
 .rodata.str1.1
                0x00085e04       0x19 C:\Users\longn\AppData\Local\Temp\VMBuilds\NRF\arduino_due_x_dbg\Debug/core.a(syscalls_sam3.c.o)
 .rodata.str1.1
                0x00085e1d        0xc C:\Users\longn\AppData\Local\Temp\VMBuilds\NRF\arduino_due_x_dbg\Debug/core.a(Print.cpp.o)
                                  0xf (size before relaxing)
 *fill*         0x00085e29        0x7 
 .rodata._ZTV9UARTClass
                0x00085e30       0x30 C:\Users\longn\AppData\Local\Temp\VMBuilds\NRF\arduino_due_x_dbg\Debug/core.a(UARTClass.cpp.o)
                0x00085e30                vtable for UARTClass
 .rodata._ZTV10USARTClass
                0x00085e60       0x30 C:\Users\longn\AppData\Local\Temp\VMBuilds\NRF\arduino_due_x_dbg\Debug/core.a(USARTClass.cpp.o)
                0x00085e60                vtable for USARTClass
 .rodata.STRING_PRODUCT
                0x00085e90        0xc C:\Users\longn\AppData\Local\Temp\VMBuilds\NRF\arduino_due_x_dbg\Debug/core.a(USBCore.cpp.o)
                0x00085e90                STRING_PRODUCT
 .rodata.USB_DeviceDescriptor
                0x00085e9c       0x12 C:\Users\longn\AppData\Local\Temp\VMBuilds\NRF\arduino_due_x_dbg\Debug/core.a(USBCore.cpp.o)
                0x00085e9c                USB_DeviceDescriptor
 .rodata.STRING_LANGUAGE
                0x00085eae        0x4 C:\Users\longn\AppData\Local\Temp\VMBuilds\NRF\arduino_due_x_dbg\Debug/core.a(USBCore.cpp.o)
                0x00085eae                STRING_LANGUAGE
 .rodata._ZL18test_packet_buffer
                0x00085eb2       0x35 C:\Users\longn\AppData\Local\Temp\VMBuilds\NRF\arduino_due_x_dbg\Debug/core.a(USBCore.cpp.o)
 .rodata.STRING_MANUFACTURER
                0x00085ee7        0xc C:\Users\longn\AppData\Local\Temp\VMBuilds\NRF\arduino_due_x_dbg\Debug/core.a(USBCore.cpp.o)
                0x00085ee7                STRING_MANUFACTURER
 .rodata.USB_DeviceDescriptorA
                0x00085ef3       0x12 C:\Users\longn\AppData\Local\Temp\VMBuilds\NRF\arduino_due_x_dbg\Debug/core.a(USBCore.cpp.o)
                0x00085ef3                USB_DeviceDescriptorA
 .rodata._ZL19USB_DeviceQualifier
                0x00085f05        0x9 C:\Users\longn\AppData\Local\Temp\VMBuilds\NRF\arduino_due_x_dbg\Debug/core.a(USBCore.cpp.o)
 *fill*         0x00085f0e        0x2 
 .rodata._ZTV7Serial_
                0x00085f10       0x28 C:\Users\longn\AppData\Local\Temp\VMBuilds\NRF\arduino_due_x_dbg\Debug/core.a(CDC.cpp.o)
                0x00085f10                vtable for Serial_
 .rodata._ZL18_cdcOtherInterface
                0x00085f38       0x42 C:\Users\longn\AppData\Local\Temp\VMBuilds\NRF\arduino_due_x_dbg\Debug/core.a(CDC.cpp.o)
 .rodata._ZL13_cdcInterface
                0x00085f7a       0x42 C:\Users\longn\AppData\Local\Temp\VMBuilds\NRF\arduino_due_x_dbg\Debug/core.a(CDC.cpp.o)
 .rodata.str1.4
                0x00085fbc        0x2 c:/users/longn/appdata/local/arduino15/packages/arduino/tools/arm-none-eabi-gcc/4.8.3-2014q1/bin/../lib/gcc/arm-none-eabi/4.8.3/../../../../arm-none-eabi/lib/armv7-m\libg.a(lib_a-impure.o)
                                  0x4 (size before relaxing)
 *fill*         0x00085fbe        0x2 
 .rodata._global_impure_ptr
                0x00085fc0        0x4 c:/users/longn/appdata/local/arduino15/packages/arduino/tools/arm-none-eabi-gcc/4.8.3-2014q1/bin/../lib/gcc/arm-none-eabi/4.8.3/../../../../arm-none-eabi/lib/armv7-m\libg.a(lib_a-impure.o)
                0x00085fc0                _global_impure_ptr
 .rodata.blanks.6717
                0x00085fc4       0x10 c:/users/longn/appdata/local/arduino15/packages/arduino/tools/arm-none-eabi-gcc/4.8.3-2014q1/bin/../lib/gcc/arm-none-eabi/4.8.3/../../../../arm-none-eabi/lib/armv7-m\libg.a(lib_a-vfiprintf.o)
 .rodata.str1.4
                0x00085fd4       0x30 c:/users/longn/appdata/local/arduino15/packages/arduino/tools/arm-none-eabi-gcc/4.8.3-2014q1/bin/../lib/gcc/arm-none-eabi/4.8.3/../../../../arm-none-eabi/lib/armv7-m\libg.a(lib_a-vfiprintf.o)
 .rodata.zeroes.6718
                0x00086004       0x10 c:/users/longn/appdata/local/arduino15/packages/arduino/tools/arm-none-eabi-gcc/4.8.3-2014q1/bin/../lib/gcc/arm-none-eabi/4.8.3/../../../../arm-none-eabi/lib/armv7-m\libg.a(lib_a-vfiprintf.o)
 *(.ARM.extab* .gnu.linkonce.armextab.*)
                0x00086014                . = ALIGN (0x4)
 *(.init)
 .init          0x00086014        0x4 c:/users/longn/appdata/local/arduino15/packages/arduino/tools/arm-none-eabi-gcc/4.8.3-2014q1/bin/../lib/gcc/arm-none-eabi/4.8.3/armv7-m/crti.o
                0x00086014                _init
 .init          0x00086018        0x8 c:/users/longn/appdata/local/arduino15/packages/arduino/tools/arm-none-eabi-gcc/4.8.3-2014q1/bin/../lib/gcc/arm-none-eabi/4.8.3/armv7-m/crtn.o
                0x00086020                . = ALIGN (0x4)
                0x00086020                __preinit_array_start = .
 *(.preinit_array)
                0x00086020                __preinit_array_end = .
                0x00086020                . = ALIGN (0x4)
                0x00086020                __init_array_start = .
 *(SORT(.init_array.*))
 .init_array.00000
                0x00086020        0x4 c:/users/longn/appdata/local/arduino15/packages/arduino/tools/arm-none-eabi-gcc/4.8.3-2014q1/bin/../lib/gcc/arm-none-eabi/4.8.3/../../../../arm-none-eabi/lib/armv7-m\libg.a(lib_a-__call_atexit.o)
 *(.init_array)
 .init_array    0x00086024        0x4 c:/users/longn/appdata/local/arduino15/packages/arduino/tools/arm-none-eabi-gcc/4.8.3-2014q1/bin/../lib/gcc/arm-none-eabi/4.8.3/armv7-m/crtbegin.o
 .init_array    0x00086028        0x4 C:\Users\longn\AppData\Local\Temp\VMBuilds\NRF\arduino_due_x_dbg\Debug\NRF.cpp.o
 .init_array    0x0008602c        0x4 C:\Users\longn\AppData\Local\Temp\VMBuilds\NRF\arduino_due_x_dbg\Debug\SPI\SPI.cpp.o
 .init_array    0x00086030        0x4 C:\Users\longn\AppData\Local\Temp\VMBuilds\NRF\arduino_due_x_dbg\Debug\VM_DBG\VM_DBG.cpp.o
 .init_array    0x00086034        0x4 C:\Users\longn\AppData\Local\Temp\VMBCore\arduino16x\cf9e7b3eb74b68aff82b6e1d6e6ef271\variant\variant.cpp.o
 .init_array    0x00086038        0x4 C:\Users\longn\AppData\Local\Temp\VMBuilds\NRF\arduino_due_x_dbg\Debug/core.a(USBCore.cpp.o)
 .init_array    0x0008603c        0x4 C:\Users\longn\AppData\Local\Temp\VMBuilds\NRF\arduino_due_x_dbg\Debug/core.a(CDC.cpp.o)
                0x00086040                __init_array_end = .
                0x00086040                . = ALIGN (0x4)
 *crtbegin.o(.ctors)
 *(EXCLUDE_FILE(*crtend.o) .ctors)
 *(SORT(.ctors.*))
 *crtend.o(.ctors)
                0x00086040                . = ALIGN (0x4)
 *(.fini)
 .fini          0x00086040        0x4 c:/users/longn/appdata/local/arduino15/packages/arduino/tools/arm-none-eabi-gcc/4.8.3-2014q1/bin/../lib/gcc/arm-none-eabi/4.8.3/armv7-m/crti.o
                0x00086040                _fini
 .fini          0x00086044        0x8 c:/users/longn/appdata/local/arduino15/packages/arduino/tools/arm-none-eabi-gcc/4.8.3-2014q1/bin/../lib/gcc/arm-none-eabi/4.8.3/armv7-m/crtn.o
                0x0008604c                . = ALIGN (0x4)
                0x0008604c                __fini_array_start = .
 *(.fini_array)
 .fini_array    0x0008604c        0x4 c:/users/longn/appdata/local/arduino15/packages/arduino/tools/arm-none-eabi-gcc/4.8.3-2014q1/bin/../lib/gcc/arm-none-eabi/4.8.3/armv7-m/crtbegin.o
 *(SORT(.fini_array.*))
                0x00086050                __fini_array_end = .
 *crtbegin.o(.dtors)
 *(EXCLUDE_FILE(*crtend.o) .dtors)
 *(SORT(.dtors.*))
 *crtend.o(.dtors)
                0x00086050                . = ALIGN (0x4)
                0x00086050                _efixed = .
                0x00086050                PROVIDE (__exidx_start, .)

.vfp11_veneer   0x00086050        0x0
 .vfp11_veneer  0x00000000        0x0 linker stubs

.v4_bx          0x00086050        0x0
 .v4_bx         0x00000000        0x0 linker stubs

.iplt           0x00086050        0x0
 .iplt          0x00000000        0x0 c:/users/longn/appdata/local/arduino15/packages/arduino/tools/arm-none-eabi-gcc/4.8.3-2014q1/bin/../lib/gcc/arm-none-eabi/4.8.3/armv7-m/crtbegin.o

.ARM.exidx      0x00086050        0x8
 *(.ARM.exidx* .gnu.linkonce.armexidx.*)
 .ARM.exidx     0x00086050        0x8 c:/users/longn/appdata/local/arduino15/packages/arduino/tools/arm-none-eabi-gcc/4.8.3-2014q1/bin/../lib/gcc/arm-none-eabi/4.8.3/armv7-m\libgcc.a(_divdi3.o)
 .ARM.exidx     0x00086058        0x0 c:/users/longn/appdata/local/arduino15/packages/arduino/tools/arm-none-eabi-gcc/4.8.3-2014q1/bin/../lib/gcc/arm-none-eabi/4.8.3/armv7-m\libgcc.a(_udivdi3.o)
                                  0x8 (size before relaxing)
                0x00086058                PROVIDE (__exidx_end, .)

.eh_frame       0x00086058        0x0
 .eh_frame      0x00086058        0x0 c:/users/longn/appdata/local/arduino15/packages/arduino/tools/arm-none-eabi-gcc/4.8.3-2014q1/bin/../lib/gcc/arm-none-eabi/4.8.3/armv7-m/crtbegin.o

.rel.dyn        0x00086058        0x0
 .rel.iplt      0x00000000        0x0 c:/users/longn/appdata/local/arduino15/packages/arduino/tools/arm-none-eabi-gcc/4.8.3-2014q1/bin/../lib/gcc/arm-none-eabi/4.8.3/armv7-m/crtbegin.o

.jcr            0x00086058        0x0
 .jcr           0x00086058        0x0 c:/users/longn/appdata/local/arduino15/packages/arduino/tools/arm-none-eabi-gcc/4.8.3-2014q1/bin/../lib/gcc/arm-none-eabi/4.8.3/armv7-m/crtbegin.o

.igot.plt       0x00086058        0x0
 .igot.plt      0x00000000        0x0 c:/users/longn/appdata/local/arduino15/packages/arduino/tools/arm-none-eabi-gcc/4.8.3-2014q1/bin/../lib/gcc/arm-none-eabi/4.8.3/armv7-m/crtbegin.o
                0x00086058                . = ALIGN (0x4)
                0x00086058                _etext = .

.relocate       0x20070000      0x8d4 load address 0x00086058
                0x20070000                . = ALIGN (0x4)
                0x20070000                _srelocate = .
 *(.ramfunc .ramfunc.*)
 .ramfunc       0x20070000       0x2c C:\Users\longn\AppData\Local\Temp\VMBuilds\NRF\arduino_due_x_dbg\Debug/core.a(Reset.cpp.o)
                0x20070000                banzai
 *(.data .data.*)
 .data.SystemCoreClock
                0x2007002c        0x4 C:\Users\longn\AppData\Local\arduino15\packages\arduino\hardware\sam\1.6.11\variants\arduino_due_x/libsam_sam3x8e_gcc_rel.a(system_sam3xa.o)
                0x2007002c                SystemCoreClock
 .data._ZL5ticks
                0x20070030        0x4 C:\Users\longn\AppData\Local\Temp\VMBuilds\NRF\arduino_due_x_dbg\Debug/core.a(Reset.cpp.o)
 .data.EndPoints
                0x20070034       0x28 C:\Users\longn\AppData\Local\Temp\VMBuilds\NRF\arduino_due_x_dbg\Debug/core.a(USBCore.cpp.o)
                0x20070034                EndPoints
 .data._ZL10breakValue
                0x2007005c        0x4 C:\Users\longn\AppData\Local\Temp\VMBuilds\NRF\arduino_due_x_dbg\Debug/core.a(CDC.cpp.o)
 .data._ZL12_usbLineInfo
                0x20070060        0x8 C:\Users\longn\AppData\Local\Temp\VMBuilds\NRF\arduino_due_x_dbg\Debug/core.a(CDC.cpp.o)
 .data.g_interrupt_enabled
                0x20070068        0x4 C:\Users\longn\AppData\Local\arduino15\packages\arduino\hardware\sam\1.6.11\variants\arduino_due_x/libsam_sam3x8e_gcc_rel.a(interrupt_sam_nvic.o)
                0x20070068                g_interrupt_enabled
 *fill*         0x2007006c        0x4 
 .data.impure_data
                0x20070070      0x428 c:/users/longn/appdata/local/arduino15/packages/arduino/tools/arm-none-eabi-gcc/4.8.3-2014q1/bin/../lib/gcc/arm-none-eabi/4.8.3/../../../../arm-none-eabi/lib/armv7-m\libg.a(lib_a-impure.o)
 .data._impure_ptr
                0x20070498        0x4 c:/users/longn/appdata/local/arduino15/packages/arduino/tools/arm-none-eabi-gcc/4.8.3-2014q1/bin/../lib/gcc/arm-none-eabi/4.8.3/../../../../arm-none-eabi/lib/armv7-m\libg.a(lib_a-impure.o)
                0x20070498                _impure_ptr
 .data.lc_ctype_charset
                0x2007049c       0x20 c:/users/longn/appdata/local/arduino15/packages/arduino/tools/arm-none-eabi-gcc/4.8.3-2014q1/bin/../lib/gcc/arm-none-eabi/4.8.3/../../../../arm-none-eabi/lib/armv7-m\libg.a(lib_a-locale.o)
 .data.__mb_cur_max
                0x200704bc        0x4 c:/users/longn/appdata/local/arduino15/packages/arduino/tools/arm-none-eabi-gcc/4.8.3-2014q1/bin/../lib/gcc/arm-none-eabi/4.8.3/../../../../arm-none-eabi/lib/armv7-m\libg.a(lib_a-locale.o)
                0x200704bc                __mb_cur_max
 .data.__malloc_av_
                0x200704c0      0x408 c:/users/longn/appdata/local/arduino15/packages/arduino/tools/arm-none-eabi-gcc/4.8.3-2014q1/bin/../lib/gcc/arm-none-eabi/4.8.3/../../../../arm-none-eabi/lib/armv7-m\libg.a(lib_a-mallocr.o)
                0x200704c0                __malloc_av_
 .data.__malloc_trim_threshold
                0x200708c8        0x4 c:/users/longn/appdata/local/arduino15/packages/arduino/tools/arm-none-eabi-gcc/4.8.3-2014q1/bin/../lib/gcc/arm-none-eabi/4.8.3/../../../../arm-none-eabi/lib/armv7-m\libg.a(lib_a-mallocr.o)
                0x200708c8                __malloc_trim_threshold
 .data.__malloc_sbrk_base
                0x200708cc        0x4 c:/users/longn/appdata/local/arduino15/packages/arduino/tools/arm-none-eabi-gcc/4.8.3-2014q1/bin/../lib/gcc/arm-none-eabi/4.8.3/../../../../arm-none-eabi/lib/armv7-m\libg.a(lib_a-mallocr.o)
                0x200708cc                __malloc_sbrk_base
 .data.__wctomb
                0x200708d0        0x4 c:/users/longn/appdata/local/arduino15/packages/arduino/tools/arm-none-eabi-gcc/4.8.3-2014q1/bin/../lib/gcc/arm-none-eabi/4.8.3/../../../../arm-none-eabi/lib/armv7-m\libg.a(lib_a-wctomb_r.o)
                0x200708d0                __wctomb
                0x200708d4                . = ALIGN (0x4)
                0x200708d4                _erelocate = .

.bss            0x200708d4      0x8d8 load address 0x0008692c
                0x200708d4                . = ALIGN (0x4)
                0x200708d4                _sbss = .
                0x200708d4                _szero = .
 *(.bss .bss.*)
 .bss           0x200708d4       0x1c c:/users/longn/appdata/local/arduino15/packages/arduino/tools/arm-none-eabi-gcc/4.8.3-2014q1/bin/../lib/gcc/arm-none-eabi/4.8.3/armv7-m/crtbegin.o
 .bss.radio     0x200708f0       0x18 C:\Users\longn\AppData\Local\Temp\VMBuilds\NRF\arduino_due_x_dbg\Debug\NRF.cpp.o
                0x200708f0                radio
 .bss.__VisualMicro_DEBUG_1_HITCOUNTER__
                0x20070908        0x4 C:\Users\longn\AppData\Local\Temp\VMBuilds\NRF\arduino_due_x_dbg\Debug\NRF.cpp.o
                0x20070908                __VisualMicro_DEBUG_1_HITCOUNTER__
 .bss.__VisualMicro_DEBUG_1_GLastMillis__
                0x2007090c        0x4 C:\Users\longn\AppData\Local\Temp\VMBuilds\NRF\arduino_due_x_dbg\Debug\NRF.cpp.o
                0x2007090c                __VisualMicro_DEBUG_1_GLastMillis__
 .bss.SPI       0x20070910       0x44 C:\Users\longn\AppData\Local\Temp\VMBuilds\NRF\arduino_due_x_dbg\Debug\SPI\SPI.cpp.o
                0x20070910                SPI
 .bss.MicroDebug
                0x20070954       0x4c C:\Users\longn\AppData\Local\Temp\VMBuilds\NRF\arduino_due_x_dbg\Debug\VM_DBG\VM_DBG.cpp.o
                0x20070954                MicroDebug
 .bss.tx_buffer2
                0x200709a0       0x88 C:\Users\longn\AppData\Local\Temp\VMBCore\arduino16x\cf9e7b3eb74b68aff82b6e1d6e6ef271\variant\variant.cpp.o
                0x200709a0                tx_buffer2
 .bss.tx_buffer1
                0x20070a28       0x88 C:\Users\longn\AppData\Local\Temp\VMBCore\arduino16x\cf9e7b3eb74b68aff82b6e1d6e6ef271\variant\variant.cpp.o
                0x20070a28                tx_buffer1
 .bss.Serial    0x20070ab0       0x24 C:\Users\longn\AppData\Local\Temp\VMBCore\arduino16x\cf9e7b3eb74b68aff82b6e1d6e6ef271\variant\variant.cpp.o
                0x20070ab0                Serial
 .bss.rx_buffer1
                0x20070ad4       0x88 C:\Users\longn\AppData\Local\Temp\VMBCore\arduino16x\cf9e7b3eb74b68aff82b6e1d6e6ef271\variant\variant.cpp.o
                0x20070ad4                rx_buffer1
 .bss.Serial1   0x20070b5c       0x28 C:\Users\longn\AppData\Local\Temp\VMBCore\arduino16x\cf9e7b3eb74b68aff82b6e1d6e6ef271\variant\variant.cpp.o
                0x20070b5c                Serial1
 .bss.Serial2   0x20070b84       0x28 C:\Users\longn\AppData\Local\Temp\VMBCore\arduino16x\cf9e7b3eb74b68aff82b6e1d6e6ef271\variant\variant.cpp.o
                0x20070b84                Serial2
 .bss.Serial3   0x20070bac       0x28 C:\Users\longn\AppData\Local\Temp\VMBCore\arduino16x\cf9e7b3eb74b68aff82b6e1d6e6ef271\variant\variant.cpp.o
                0x20070bac                Serial3
 .bss.tx_buffer3
                0x20070bd4       0x88 C:\Users\longn\AppData\Local\Temp\VMBCore\arduino16x\cf9e7b3eb74b68aff82b6e1d6e6ef271\variant\variant.cpp.o
                0x20070bd4                tx_buffer3
 .bss.tx_buffer4
                0x20070c5c       0x88 C:\Users\longn\AppData\Local\Temp\VMBCore\arduino16x\cf9e7b3eb74b68aff82b6e1d6e6ef271\variant\variant.cpp.o
                0x20070c5c                tx_buffer4
 .bss.g_pinStatus
                0x20070ce4       0x4f C:\Users\longn\AppData\Local\Temp\VMBCore\arduino16x\cf9e7b3eb74b68aff82b6e1d6e6ef271\variant\variant.cpp.o
                0x20070ce4                g_pinStatus
 *fill*         0x20070d33        0x1 
 .bss.rx_buffer2
                0x20070d34       0x88 C:\Users\longn\AppData\Local\Temp\VMBCore\arduino16x\cf9e7b3eb74b68aff82b6e1d6e6ef271\variant\variant.cpp.o
                0x20070d34                rx_buffer2
 .bss.rx_buffer3
                0x20070dbc       0x88 C:\Users\longn\AppData\Local\Temp\VMBCore\arduino16x\cf9e7b3eb74b68aff82b6e1d6e6ef271\variant\variant.cpp.o
                0x20070dbc                rx_buffer3
 .bss.rx_buffer4
                0x20070e44       0x88 C:\Users\longn\AppData\Local\Temp\VMBCore\arduino16x\cf9e7b3eb74b68aff82b6e1d6e6ef271\variant\variant.cpp.o
                0x20070e44                rx_buffer4
 .bss.gpf_isr   0x20070ecc        0x4 C:\Users\longn\AppData\Local\arduino15\packages\arduino\hardware\sam\1.6.11\variants\arduino_due_x/libsam_sam3x8e_gcc_rel.a(uotghs.o)
                0x20070ecc                gpf_isr
 .bss.heap.6420
                0x20070ed0        0x4 C:\Users\longn\AppData\Local\Temp\VMBuilds\NRF\arduino_due_x_dbg\Debug/core.a(syscalls_sam3.c.o)
 .bss._cmark    0x20070ed4        0x2 C:\Users\longn\AppData\Local\Temp\VMBuilds\NRF\arduino_due_x_dbg\Debug/core.a(USBCore.cpp.o)
                0x20070ed4                _cmark
 .bss._ZL14isEndpointHalt
                0x20070ed6        0x1 C:\Users\longn\AppData\Local\Temp\VMBuilds\NRF\arduino_due_x_dbg\Debug/core.a(USBCore.cpp.o)
 *fill*         0x20070ed7        0x1 
 .bss._cdcComposite
                0x20070ed8        0x4 C:\Users\longn\AppData\Local\Temp\VMBuilds\NRF\arduino_due_x_dbg\Debug/core.a(USBCore.cpp.o)
                0x20070ed8                _cdcComposite
 .bss._ZL21isRemoteWakeUpEnabled
                0x20070edc        0x1 C:\Users\longn\AppData\Local\Temp\VMBuilds\NRF\arduino_due_x_dbg\Debug/core.a(USBCore.cpp.o)
 *fill*         0x20070edd        0x3 
 .bss._usbInitialized
                0x20070ee0        0x4 C:\Users\longn\AppData\Local\Temp\VMBuilds\NRF\arduino_due_x_dbg\Debug/core.a(USBCore.cpp.o)
                0x20070ee0                _usbInitialized
 .bss.USBDevice
                0x20070ee4        0x1 C:\Users\longn\AppData\Local\Temp\VMBuilds\NRF\arduino_due_x_dbg\Debug/core.a(USBCore.cpp.o)
                0x20070ee4                USBDevice
 *fill*         0x20070ee5        0x3 
 .bss._usbSetInterface
                0x20070ee8        0x4 C:\Users\longn\AppData\Local\Temp\VMBuilds\NRF\arduino_due_x_dbg\Debug/core.a(USBCore.cpp.o)
                0x20070ee8                _usbSetInterface
 .bss._cend     0x20070eec        0x2 C:\Users\longn\AppData\Local\Temp\VMBuilds\NRF\arduino_due_x_dbg\Debug/core.a(USBCore.cpp.o)
                0x20070eec                _cend
 *fill*         0x20070eee        0x2 
 .bss._usbConfiguration
                0x20070ef0        0x4 C:\Users\longn\AppData\Local\Temp\VMBuilds\NRF\arduino_due_x_dbg\Debug/core.a(USBCore.cpp.o)
                0x20070ef0                _usbConfiguration
 .bss.cdc_rx_buffer
                0x20070ef4      0x208 C:\Users\longn\AppData\Local\Temp\VMBuilds\NRF\arduino_due_x_dbg\Debug/core.a(CDC.cpp.o)
                0x20070ef4                cdc_rx_buffer
 .bss._ZZN7Serial_6acceptEvE5guard
                0x200710fc        0x4 C:\Users\longn\AppData\Local\Temp\VMBuilds\NRF\arduino_due_x_dbg\Debug/core.a(CDC.cpp.o)
 .bss.SerialUSB
                0x20071100       0x14 C:\Users\longn\AppData\Local\Temp\VMBuilds\NRF\arduino_due_x_dbg\Debug/core.a(CDC.cpp.o)
                0x20071100                SerialUSB
 .bss._ZZ12PluggableUSBvE3obj
                0x20071114        0x8 C:\Users\longn\AppData\Local\Temp\VMBuilds\NRF\arduino_due_x_dbg\Debug/core.a(PluggableUSB.cpp.o)
 .bss._ZGVZ12PluggableUSBvE3obj
                0x2007111c        0x4 C:\Users\longn\AppData\Local\Temp\VMBuilds\NRF\arduino_due_x_dbg\Debug/core.a(PluggableUSB.cpp.o)
 .bss._dwTickCount
                0x20071120        0x4 C:\Users\longn\AppData\Local\arduino15\packages\arduino\hardware\sam\1.6.11\variants\arduino_due_x/libsam_sam3x8e_gcc_rel.a(timetick.o)
 .bss.ul_recv_fifo_ptr
                0x20071124       0x28 C:\Users\longn\AppData\Local\arduino15\packages\arduino\hardware\sam\1.6.11\variants\arduino_due_x/libsam_sam3x8e_gcc_rel.a(uotghs_device.o)
 .bss.ul_send_fifo_ptr
                0x2007114c       0x28 C:\Users\longn\AppData\Local\arduino15\packages\arduino\hardware\sam\1.6.11\variants\arduino_due_x/libsam_sam3x8e_gcc_rel.a(uotghs_device.o)
 .bss.__malloc_max_total_mem
                0x20071174        0x4 c:/users/longn/appdata/local/arduino15/packages/arduino/tools/arm-none-eabi-gcc/4.8.3-2014q1/bin/../lib/gcc/arm-none-eabi/4.8.3/../../../../arm-none-eabi/lib/armv7-m\libg.a(lib_a-mallocr.o)
                0x20071174                __malloc_max_total_mem
 .bss.__malloc_max_sbrked_mem
                0x20071178        0x4 c:/users/longn/appdata/local/arduino15/packages/arduino/tools/arm-none-eabi-gcc/4.8.3-2014q1/bin/../lib/gcc/arm-none-eabi/4.8.3/../../../../arm-none-eabi/lib/armv7-m\libg.a(lib_a-mallocr.o)
                0x20071178                __malloc_max_sbrked_mem
 .bss.__malloc_top_pad
                0x2007117c        0x4 c:/users/longn/appdata/local/arduino15/packages/arduino/tools/arm-none-eabi-gcc/4.8.3-2014q1/bin/../lib/gcc/arm-none-eabi/4.8.3/../../../../arm-none-eabi/lib/armv7-m\libg.a(lib_a-mallocr.o)
                0x2007117c                __malloc_top_pad
 .bss.__malloc_current_mallinfo
                0x20071180       0x28 c:/users/longn/appdata/local/arduino15/packages/arduino/tools/arm-none-eabi-gcc/4.8.3-2014q1/bin/../lib/gcc/arm-none-eabi/4.8.3/../../../../arm-none-eabi/lib/armv7-m\libg.a(lib_a-mallocr.o)
                0x20071180                __malloc_current_mallinfo
 *(COMMON)
 COMMON         0x200711a8        0x4 c:/users/longn/appdata/local/arduino15/packages/arduino/tools/arm-none-eabi-gcc/4.8.3-2014q1/bin/../lib/gcc/arm-none-eabi/4.8.3/../../../../arm-none-eabi/lib/armv7-m\libg.a(lib_a-reent.o)
                0x200711a8                errno
                0x200711ac                . = ALIGN (0x4)
                0x200711ac                _ebss = .
                0x200711ac                _ezero = .
                0x200711ac                . = ALIGN (0x4)
                0x200711ac                _end = .

.stack_dummy    0x200711ac        0x0
 *(.stack*)
                0x20088000                __StackTop = (ORIGIN (ram) + 0x18000)
                0x20088000                __StackLimit = (__StackTop - SIZEOF (.stack_dummy))
                0x20088000                PROVIDE (_sstack, __StackLimit)
                0x20088000                PROVIDE (_estack, __StackTop)
OUTPUT(C:\Users\longn\AppData\Local\Temp\VMBuilds\NRF\arduino_due_x_dbg\Debug/NRF.ino.elf elf32-littlearm)

.ARM.attributes
                0x00000000       0x29
 .ARM.attributes
                0x00000000       0x1d c:/users/longn/appdata/local/arduino15/packages/arduino/tools/arm-none-eabi-gcc/4.8.3-2014q1/bin/../lib/gcc/arm-none-eabi/4.8.3/armv7-m/crti.o